Archive member included to satisfy reference by file (symbol)

.pio/build/uno_r4_minima/libd79/libWire.a(Wire.cpp.o)
                              .pio/build/uno_r4_minima/src/imu.cpp.o (TwoWire::endTransmission())
.pio/build/uno_r4_minima/lib632/libArduino_ICM20948_DMP_Full-Function.a(Arduino-ICM20948.cpp.o)
                              .pio/build/uno_r4_minima/src/imu.cpp.o (ArduinoICM20948::ArduinoICM20948())
.pio/build/uno_r4_minima/lib632/libArduino_ICM20948_DMP_Full-Function.a(Icm20948AuxCompassAkm.c.o)
                              .pio/build/uno_r4_minima/lib632/libArduino_ICM20948_DMP_Full-Function.a(Arduino-ICM20948.cpp.o) (inv_icm20948_register_aux_compass)
.pio/build/uno_r4_minima/lib632/libArduino_ICM20948_DMP_Full-Function.a(Icm20948AuxTransport.c.o)
                              .pio/build/uno_r4_minima/lib632/libArduino_ICM20948_DMP_Full-Function.a(Icm20948AuxCompassAkm.c.o) (inv_icm20948_read_secondary)
.pio/build/uno_r4_minima/lib632/libArduino_ICM20948_DMP_Full-Function.a(Icm20948DataBaseDriver.c.o)
                              .pio/build/uno_r4_minima/lib632/libArduino_ICM20948_DMP_Full-Function.a(Icm20948AuxTransport.c.o) (inv_icm20948_set_secondary_divider)
.pio/build/uno_r4_minima/lib632/libArduino_ICM20948_DMP_Full-Function.a(Icm20948DataConverter.c.o)
                              .pio/build/uno_r4_minima/lib632/libArduino_ICM20948_DMP_Full-Function.a(Icm20948AuxCompassAkm.c.o) (inv_icm20948_convert_mult_q30_fxp)
.pio/build/uno_r4_minima/lib632/libArduino_ICM20948_DMP_Full-Function.a(Icm20948Dmp3Driver.c.o)
                              .pio/build/uno_r4_minima/lib632/libArduino_ICM20948_DMP_Full-Function.a(Icm20948DataBaseDriver.c.o) (inv_icm20948_load_firmware)
.pio/build/uno_r4_minima/lib632/libArduino_ICM20948_DMP_Full-Function.a(Icm20948LoadFirmware.c.o)
                              .pio/build/uno_r4_minima/lib632/libArduino_ICM20948_DMP_Full-Function.a(Icm20948Dmp3Driver.c.o) (inv_icm20948_firmware_load)
.pio/build/uno_r4_minima/lib632/libArduino_ICM20948_DMP_Full-Function.a(Icm20948MPUFifoControl.c.o)
                              .pio/build/uno_r4_minima/lib632/libArduino_ICM20948_DMP_Full-Function.a(Arduino-ICM20948.cpp.o) (inv_icm20948_get_accel_accuracy)
.pio/build/uno_r4_minima/lib632/libArduino_ICM20948_DMP_Full-Function.a(Icm20948SelfTest.c.o)
                              .pio/build/uno_r4_minima/lib632/libArduino_ICM20948_DMP_Full-Function.a(Arduino-ICM20948.cpp.o) (inv_icm20948_set_offset)
.pio/build/uno_r4_minima/lib632/libArduino_ICM20948_DMP_Full-Function.a(Icm20948Setup.c.o)
                              .pio/build/uno_r4_minima/lib632/libArduino_ICM20948_DMP_Full-Function.a(Arduino-ICM20948.cpp.o) (inv_icm20948_get_whoami)
.pio/build/uno_r4_minima/lib632/libArduino_ICM20948_DMP_Full-Function.a(Icm20948Transport.c.o)
                              .pio/build/uno_r4_minima/lib632/libArduino_ICM20948_DMP_Full-Function.a(Icm20948Setup.c.o) (inv_icm20948_read_reg)
.pio/build/uno_r4_minima/lib632/libArduino_ICM20948_DMP_Full-Function.a(Icm20948Augmented.c.o)
                              .pio/build/uno_r4_minima/lib632/libArduino_ICM20948_DMP_Full-Function.a(Icm20948Setup.c.o) (inv_icm20948_augmented_init)
.pio/build/uno_r4_minima/lib632/libArduino_ICM20948_DMP_Full-Function.a(Icm20948DataBaseControl.c.o)
                              .pio/build/uno_r4_minima/lib632/libArduino_ICM20948_DMP_Full-Function.a(Icm20948Setup.c.o) (inv_icm20948_ctrl_androidSensor_enabled)
.pio/build/uno_r4_minima/lib06b/libQuickPID.a(QuickPID.cpp.o)
                              .pio/build/uno_r4_minima/src/brain.cpp.o (QuickPID::Compute())
.pio/build/uno_r4_minima/libFrameworkArduinoVariant.a(common_data.c.o)
                              .pio/build/uno_r4_minima/libd79/libWire.a(Wire.cpp.o) (g_ioport_ctrl)
.pio/build/uno_r4_minima/libFrameworkArduinoVariant.a(pin_data.c.o)
                              .pio/build/uno_r4_minima/libFrameworkArduinoVariant.a(common_data.c.o) (g_bsp_pin_cfg)
.pio/build/uno_r4_minima/libFrameworkArduinoVariant.a(variant.cpp.o)
                              .pio/build/uno_r4_minima/libd79/libWire.a(Wire.cpp.o) (PINCOUNT_fn)
.pio/build/uno_r4_minima/libFrameworkArduino.a(FspTimer.cpp.o)
                              .pio/build/uno_r4_minima/libFrameworkArduinoVariant.a(variant.cpp.o) (FspTimer::gpt_used_channel)
.pio/build/uno_r4_minima/libFrameworkArduino.a(IRQManager.cpp.o)
                              .pio/build/uno_r4_minima/libd79/libWire.a(Wire.cpp.o) (IRQManager::getInstance())
.pio/build/uno_r4_minima/libFrameworkArduino.a(analog.cpp.o)
                              .pio/build/uno_r4_minima/src/joystick.cpp.o (analogRead)
.pio/build/uno_r4_minima/libFrameworkArduino.a(Common.cpp.o)
                              .pio/build/uno_r4_minima/libFrameworkArduino.a(analog.cpp.o) (map(long, long, long, long, long))
.pio/build/uno_r4_minima/libFrameworkArduino.a(Print.cpp.o)
[...]
Memory Configuration

Name             Origin             Length             Attributes
FLASH            0x0000000000004000 0x000000000003c000 xr
RAM              0x0000000020000000 0x0000000000008000 xrw
DATA_FLASH       0x0000000040100000 0x0000000000002000 xr
OPTION_SETTING   0x0000000000000000 0x0000000000000000 r
OPTION_SETTING_S 0x0000000000000000 0x0000000000000000 r
ID_CODE          0x0000000001010018 0x0000000000000020 xr
*default*        0x0000000000000000 0xffffffffffffffff

Linker script and memory map

LOAD .pio/build/uno_r4_minima/src/brain.cpp.o
LOAD .pio/build/uno_r4_minima/src/chute.cpp.o
LOAD .pio/build/uno_r4_minima/src/imu.cpp.o
LOAD .pio/build/uno_r4_minima/src/joystick.cpp.o
LOAD .pio/build/uno_r4_minima/src/limitSwitch.cpp.o
LOAD .pio/build/uno_r4_minima/src/main.cpp.o
LOAD .pio/build/uno_r4_minima/src/motor.cpp.o
LOAD .pio/build/uno_r4_minima/src/new_main.cpp.o
LOAD .pio/build/uno_r4_minima/src/old_main.cpp.o
LOAD .pio/build/uno_r4_minima/src/simple_loop.cpp.o
START GROUP
LOAD .pio/build/uno_r4_minima/libe23/libSPI.a
LOAD .pio/build/uno_r4_minima/libd79/libWire.a
LOAD .pio/build/uno_r4_minima/lib632/libArduino_ICM20948_DMP_Full-Function.a
LOAD .pio/build/uno_r4_minima/lib06b/libQuickPID.a
LOAD .pio/build/uno_r4_minima/libFrameworkArduinoVariant.a
LOAD .pio/build/uno_r4_minima/libFrameworkArduino.a
LOAD /Users/jason/.platformio/packages/framework-arduinorenesas-uno/variants/MINIMA/libs/libfsp.a
LOAD /Users/jason/.platformio/packages/toolchain-gccarmnoneeabi/bin/../lib/gcc/arm-none-eabi/10.3.1/../../../../arm-none-eabi/lib/thumb/v7e-m+fp/hard/libstdc++_nano.a
LOAD /Users/jason/.platformio/packages/toolchain-gccarmnoneeabi/bin/../lib/gcc/arm-none-eabi/10.3.1/../../../../arm-none-eabi/lib/thumb/v7e-m+fp/hard/libsupc++_nano.a
LOAD /Users/jason/.platformio/packages/toolchain-gccarmnoneeabi/bin/../lib/gcc/arm-none-eabi/10.3.1/../../../../arm-none-eabi/lib/thumb/v7e-m+fp/hard/libm.a
LOAD /Users/jason/.platformio/packages/toolchain-gccarmnoneeabi/bin/../lib/gcc/arm-none-eabi/10.3.1/../../../../arm-none-eabi/lib/thumb/v7e-m+fp/hard/libc_nano.a
LOAD /Users/jason/.platformio/packages/toolchain-gccarmnoneeabi/bin/../lib/gcc/arm-none-eabi/10.3.1/thumb/v7e-m+fp/hard/libgcc.a
LOAD /Users/jason/.platformio/packages/toolchain-gccarmnoneeabi/bin/../lib/gcc/arm-none-eabi/10.3.1/../../../../arm-none-eabi/lib/thumb/v7e-m+fp/hard/libnosys.a
END GROUP
                0x0000000020000000                RAM_START = 0x20000000
                0x0000000000008000                RAM_LENGTH = 0x8000
                0x0000000000000000                FLASH_START = 0x0
                0x0000000000040000                FLASH_LENGTH = 0x40000
                0x0000000040100000                DATA_FLASH_START = 0x40100000
                0x0000000000002000                DATA_FLASH_LENGTH = 0x2000
                0x0000000000000000                OPTION_SETTING_START = 0x0
                0x0000000000000000                OPTION_SETTING_LENGTH = 0x0
                0x0000000000000000                OPTION_SETTING_S_START = 0x0
                0x0000000000000000                OPTION_SETTING_S_LENGTH = 0x0
                0x0000000001010018                ID_CODE_START = 0x1010018
                0x0000000000000020                ID_CODE_LENGTH = 0x20
                0x0000000090000000                SDRAM_START = 0x90000000
                0x0000000000000000                SDRAM_LENGTH = 0x0
                0x0000000060000000                QSPI_FLASH_START = 0x60000000
                0x0000000000000000                QSPI_FLASH_LENGTH = 0x0
                0x0000000068000000                OSPI_DEVICE_0_START = 0x68000000
                0x0000000000000000                OSPI_DEVICE_0_LENGTH = 0x0
                0x0000000070000000                OSPI_DEVICE_1_START = 0x70000000
                0x0000000000000000                OSPI_DEVICE_1_LENGTH = 0x0
                0x0000000000004000                FLASH_IMAGE_START = 0x4000
                0x0000000000000100                VECTOR_TABLE_LENGTH = 0x100
                0x0000000000000400                BSP_CFG_STACK_MAIN_BYTES = 0x400
START GROUP
LOAD /Users/jason/.platformio/packages/toolchain-gccarmnoneeabi/bin/../lib/gcc/arm-none-eabi/10.3.1/thumb/v7e-m+fp/hard/libgcc.a
LOAD /Users/jason/.platformio/packages/toolchain-gccarmnoneeabi/bin/../lib/gcc/arm-none-eabi/10.3.1/../../../../arm-none-eabi/lib/thumb/v7e-m+fp/hard/libc.a
LOAD /Users/jason/.platformio/packages/toolchain-gccarmnoneeabi/bin/../lib/gcc/arm-none-eabi/10.3.1/../../../../arm-none-eabi/lib/thumb/v7e-m+fp/hard/libm.a
LOAD /Users/jason/.platformio/packages/toolchain-gccarmnoneeabi/bin/../lib/gcc/arm-none-eabi/10.3.1/../../../../arm-none-eabi/lib/thumb/v7e-m+fp/hard/libnosys.a
END GROUP

.text           0x0000000000004000    0x1a1c0
                0x0000000000000000                __tz_FLASH_S = ABSOLUTE (FLASH_START)
                0x0000000000004000                __ROM_Start = .
 *(.sketch_boot)
                0x0000000000004000                . = ALIGN (0x800)
 *(.fixed_vectors*)
 .fixed_vectors
                0x0000000000004000       0x40 /Users/jason/.platformio/packages/framework-arduinorenesas-uno/variants/MINIMA/libs/libfsp.a(startup.o)
                0x0000000000004000                __Vectors
 *(.application_vectors*)
 .application_vectors
                0x0000000000004040       0x80 .pio/build/uno_r4_minima/libFrameworkArduino.a(vector_table.c.o)
                0x0000000000004040                g_vector_table
                0x00000000000040c0                __Vectors_End = .
 *(.text*)
 .text._ZN5Brain10InitializeEv
                0x00000000000040c0       0x54 .pio/build/uno_r4_minima/src/brain.cpp.o
                0x00000000000040c0                Brain::Initialize()
 .text._Z9printDatab4Modefffffbb
                0x0000000000004114      0x178 .pio/build/uno_r4_minima/src/brain.cpp.o
                0x0000000000004114                printData(bool, Mode, float, float, float, float, float, bool, bool)
 *fill*         0x000000000000428c        0x4 ff
 .text._Z26getShortestAngleDifferencedd
                0x0000000000004290       0xac .pio/build/uno_r4_minima/src/brain.cpp.o
                0x0000000000004290                getShortestAngleDifference(double, double)
 .text._ZN5Brain15checkManualModeEb
                0x000000000000433c       0x1c .pio/build/uno_r4_minima/src/brain.cpp.o
                0x000000000000433c                Brain::checkManualMode(bool)
 .text._ZN5Brain13DetermineModeE4ModeR5ChuteR8JoystickR11LimitSwitchS6_
                0x0000000000004358       0xf8 .pio/build/uno_r4_minima/src/brain.cpp.o
                0x0000000000004358                Brain::DetermineMode(Mode, Chute&, Joystick&, LimitSwitch&, LimitSwitch&)
 .text._ZN5Brain5ThinkER5ChuteR8JoystickR11LimitSwitchS5_b13PIDParameters
                0x0000000000004450      0x298 .pio/build/uno_r4_minima/src/brain.cpp.o
                0x0000000000004450                Brain::Think(Chute&, Joystick&, LimitSwitch&, LimitSwitch&, bool, PIDParameters)
 .text.startup._GLOBAL__sub_I_Kp
                0x00000000000046e8       0x1c .pio/build/uno_r4_minima/src/brain.cpp.o
 *fill*         0x0000000000004704        0x4 ff
 .text._ZN5ChuteC2Ev
                0x0000000000004708       0x2c .pio/build/uno_r4_minima/src/chute.cpp.o
                0x0000000000004708                Chute::Chute()
                0x0000000000004708                Chute::Chute()
 .text._ZN5Chute15currentPositionEv
                0x0000000000004734       0x5c .pio/build/uno_r4_minima/src/chute.cpp.o
                0x0000000000004734                Chute::currentPosition()
 .text._ZN5Chute21captureTargetPositionEv
                0x0000000000004790        0xc .pio/build/uno_r4_minima/src/chute.cpp.o
                0x0000000000004790                Chute::captureTargetPosition()
 .text._ZN5Chute10InitializeEv
                0x000000000000479c       0x30 .pio/build/uno_r4_minima/src/chute.cpp.o
                0x000000000000479c                Chute::Initialize()
 .text._Z14UpdateChuteIMUv
                0x00000000000047cc       0x30 .pio/build/uno_r4_minima/src/imu.cpp.o
                0x00000000000047cc                UpdateChuteIMU()
 .text.startup._GLOBAL__sub_I_icmSettings
                0x00000000000047fc        0xc .pio/build/uno_r4_minima/src/imu.cpp.o
 .text._Z8i2c_scanv
                0x0000000000004808       0x88 .pio/build/uno_r4_minima/src/imu.cpp.o
                0x0000000000004808                i2c_scan()
 .text._Z18InitializeChuteIMUv
                0x0000000000004890       0x98 .pio/build/uno_r4_minima/src/imu.cpp.o
                0x0000000000004890                InitializeChuteIMU()
 .text._ZN8JoystickC2Ev
                0x0000000000004928       0x20 .pio/build/uno_r4_minima/src/joystick.cpp.o
                0x0000000000004928                Joystick::Joystick()
                0x0000000000004928                Joystick::Joystick()
 .text._ZN8Joystick10InitializeEv
                0x0000000000004948       0x18 .pio/build/uno_r4_minima/src/joystick.cpp.o
                0x0000000000004948                Joystick::Initialize()
 .text._ZN8Joystick12currentValueEv
                0x0000000000004960       0x12 .pio/build/uno_r4_minima/src/joystick.cpp.o
                0x0000000000004960                Joystick::currentValue()
 .text._ZN8Joystick8isActiveEv
                0x0000000000004972       0x2e .pio/build/uno_r4_minima/src/joystick.cpp.o
                0x0000000000004972                Joystick::isActive()
 .text._ZN8Joystick15isButtonPressedEv
                0x00000000000049a0       0x10 .pio/build/uno_r4_minima/src/joystick.cpp.o
                0x00000000000049a0                Joystick::isButtonPressed()
 .text._ZN8Joystick12isPushedLeftEv
                0x00000000000049b0       0x26 .pio/build/uno_r4_minima/src/joystick.cpp.o
                0x00000000000049b0                Joystick::isPushedLeft()
 *fill*         0x00000000000049d6        0x2 ff
 .text._ZN8Joystick5valueEv
                0x00000000000049d8       0xa8 .pio/build/uno_r4_minima/src/joystick.cpp.o
                0x00000000000049d8                Joystick::value()
 .text._ZN8Joystick13isPushedRightEv
                0x0000000000004a80       0x26 .pio/build/uno_r4_minima/src/joystick.cpp.o
                0x0000000000004a80                Joystick::isPushedRight()
 .text._ZN11LimitSwitchC2Ei
                0x0000000000004aa6        0x4 .pio/build/uno_r4_minima/src/limitSwitch.cpp.o
                0x0000000000004aa6                LimitSwitch::LimitSwitch(int)
                0x0000000000004aa6                LimitSwitch::LimitSwitch(int)
 .text._ZN11LimitSwitch10InitializeEv
                0x0000000000004aaa        0x8 .pio/build/uno_r4_minima/src/limitSwitch.cpp.o
                0x0000000000004aaa                LimitSwitch::Initialize()
 .text._ZN11LimitSwitch5isHitEv
                0x0000000000004ab2       0x10 .pio/build/uno_r4_minima/src/limitSwitch.cpp.o
                0x0000000000004ab2                LimitSwitch::isHit()
 *fill*         0x0000000000004ac2        0x2 ff
 .text._Z14processCommandPc
                0x0000000000004ac4       0xb4 .pio/build/uno_r4_minima/src/main.cpp.o
                0x0000000000004ac4                processCommand(char*)
 .text.startup._GLOBAL__sub_I_ccwLimit
                0x0000000000004b78       0x50 .pio/build/uno_r4_minima/src/main.cpp.o
 .text._Z17recvWithEndMarkerv
                0x0000000000004bc8       0x68 .pio/build/uno_r4_minima/src/main.cpp.o
                0x0000000000004bc8                recvWithEndMarker()
 .text.loop     0x0000000000004c30       0x9c .pio/build/uno_r4_minima/src/main.cpp.o
                0x0000000000004c30                loop
 .text.setup    0x0000000000004ccc       0x9c .pio/build/uno_r4_minima/src/main.cpp.o
                0x0000000000004ccc                setup
 .text._ZN5Motor10InitializeEv
                0x0000000000004d68       0x18 .pio/build/uno_r4_minima/src/motor.cpp.o
                0x0000000000004d68                Motor::Initialize()
 .text._ZN5Motor12setDirectionE9Direction
                0x0000000000004d80        0xc .pio/build/uno_r4_minima/src/motor.cpp.o
                0x0000000000004d80                Motor::setDirection(Direction)
 .text._ZN5Motor13SetMotorSpeedEf
                0x0000000000004d8c       0x70 .pio/build/uno_r4_minima/src/motor.cpp.o
                0x0000000000004d8c                Motor::SetMotorSpeed(float)
 .text._ZN7arduino5Print17availableForWriteEv
                0x0000000000004dfc        0x4 .pio/build/uno_r4_minima/libd79/libWire.a(Wire.cpp.o)
                0x0000000000004dfc                arduino::Print::availableForWrite()
 .text._ZN7TwoWire21WireSCIMasterCallbackEP27st_i2c_master_callback_args
                0x0000000000004e00       0x38 .pio/build/uno_r4_minima/libd79/libWire.a(Wire.cpp.o)
                0x0000000000004e00                TwoWire::WireSCIMasterCallback(st_i2c_master_callback_args*)
 .text._ZN7TwoWire18WireMasterCallbackEP27st_i2c_master_callback_args
                0x0000000000004e38       0x38 .pio/build/uno_r4_minima/libd79/libWire.a(Wire.cpp.o)
                0x0000000000004e38                TwoWire::WireMasterCallback(st_i2c_master_callback_args*)
 .text._ZN7TwoWire3endEv
                0x0000000000004e70       0x28 .pio/build/uno_r4_minima/libd79/libWire.a(Wire.cpp.o)
                0x0000000000004e70                TwoWire::end()
 .text._ZN7TwoWire15endTransmissionEv
                0x0000000000004e98        0x8 .pio/build/uno_r4_minima/libd79/libWire.a(Wire.cpp.o)
                0x0000000000004e98                TwoWire::endTransmission()
 .text._ZN7TwoWire11requestFromEhj
                0x0000000000004ea0       0x10 .pio/build/uno_r4_minima/libd79/libWire.a(Wire.cpp.o)
                0x0000000000004ea0                TwoWire::requestFrom(unsigned char, unsigned int)
 .text._ZN7TwoWire5writeEh
                0x0000000000004eb0       0x54 .pio/build/uno_r4_minima/libd79/libWire.a(Wire.cpp.o)
                0x0000000000004eb0                TwoWire::write(unsigned char)
 .text._ZN7TwoWire9onReceiveEPFviE
                0x0000000000004f04        0x6 .pio/build/uno_r4_minima/libd79/libWire.a(Wire.cpp.o)
                0x0000000000004f04                TwoWire::onReceive(void (*)(int))
 .text._ZN7TwoWire9onRequestEPFvvE
                0x0000000000004f0a        0x6 .pio/build/uno_r4_minima/libd79/libWire.a(Wire.cpp.o)
                0x0000000000004f0a                TwoWire::onRequest(void (*)())
 .text._ZN7TwoWire9availableEv
                0x0000000000004f10        0xc .pio/build/uno_r4_minima/libd79/libWire.a(Wire.cpp.o)
                0x0000000000004f10                TwoWire::available()
 .text._ZN7TwoWire4readEv
                0x0000000000004f1c       0x22 .pio/build/uno_r4_minima/libd79/libWire.a(Wire.cpp.o)
                0x0000000000004f1c                TwoWire::read()
 .text._ZN7TwoWire4peekEv
                0x0000000000004f3e       0x18 .pio/build/uno_r4_minima/libd79/libWire.a(Wire.cpp.o)
                0x0000000000004f3e                TwoWire::peek()
 .text._ZN7TwoWire5flushEv
                0x0000000000004f56       0x12 .pio/build/uno_r4_minima/libd79/libWire.a(Wire.cpp.o)
                0x0000000000004f56                TwoWire::flush()
 .text._ZN7TwoWire5writeEPKhj
                0x0000000000004f68       0x36 .pio/build/uno_r4_minima/libd79/libWire.a(Wire.cpp.o)
                0x0000000000004f68                TwoWire::write(unsigned char const*, unsigned int)
 *fill*         0x0000000000004f9e        0x2 ff
 .text._ZN7TwoWire8setClockEm
                0x0000000000004fa0       0xdc .pio/build/uno_r4_minima/libd79/libWire.a(Wire.cpp.o)
                0x0000000000004fa0                TwoWire::setClock(unsigned long)
 .text._ZN7TwoWire10slave_readEm
                0x000000000000507c       0x28 .pio/build/uno_r4_minima/libd79/libWire.a(Wire.cpp.o)
                0x000000000000507c                TwoWire::slave_read(unsigned long)
 .text._ZN7TwoWire17WireSlaveCallbackEP26st_i2c_slave_callback_args
                0x00000000000050a4      0x104 .pio/build/uno_r4_minima/libd79/libWire.a(Wire.cpp.o)
                0x00000000000050a4                TwoWire::WireSlaveCallback(st_i2c_slave_callback_args*)
 .text._ZN7TwoWireC2Eii17WireAddressMode_tb
                0x00000000000051a8       0x70 .pio/build/uno_r4_minima/libd79/libWire.a(Wire.cpp.o)
                0x00000000000051a8                TwoWire::TwoWire(int, int, WireAddressMode_t, bool)
                0x00000000000051a8                TwoWire::TwoWire(int, int, WireAddressMode_t, bool)
 .text._ZN7TwoWire8cfg_pinsEi
                0x0000000000005218      0x100 .pio/build/uno_r4_minima/libd79/libWire.a(Wire.cpp.o)
                0x0000000000005218                TwoWire::cfg_pins(int)
 .text._ZN7TwoWire5beginEv
                0x0000000000005318      0x24c .pio/build/uno_r4_minima/libd79/libWire.a(Wire.cpp.o)
                0x0000000000005318                TwoWire::begin()
 .text._ZN7TwoWire5beginEt
                0x0000000000005564        0xe .pio/build/uno_r4_minima/libd79/libWire.a(Wire.cpp.o)
                0x0000000000005564                TwoWire::begin(unsigned short)
 .text._ZN7TwoWire5beginEh
                0x0000000000005572        0xc .pio/build/uno_r4_minima/libd79/libWire.a(Wire.cpp.o)
                0x0000000000005572                TwoWire::begin(unsigned char)
 .text._ZN7TwoWire9read_fromEhPhhjb
                0x000000000000557e       0x72 .pio/build/uno_r4_minima/libd79/libWire.a(Wire.cpp.o)
                0x000000000000557e                TwoWire::read_from(unsigned char, unsigned char*, unsigned char, unsigned int, bool)
 .text._ZN7TwoWire8write_toEhPhhjb
                0x00000000000055f0       0x94 .pio/build/uno_r4_minima/libd79/libWire.a(Wire.cpp.o)
                0x00000000000055f0                TwoWire::write_to(unsigned char, unsigned char*, unsigned char, unsigned int, bool)
 .text._ZN7TwoWire15endTransmissionEb
                0x0000000000005684       0x24 .pio/build/uno_r4_minima/libd79/libWire.a(Wire.cpp.o)
                0x0000000000005684                TwoWire::endTransmission(bool)
 .text._ZN7TwoWire17beginTransmissionEm
                0x00000000000056a8       0x14 .pio/build/uno_r4_minima/libd79/libWire.a(Wire.cpp.o)
                0x00000000000056a8                TwoWire::beginTransmission(unsigned long)
 .text._ZN7TwoWire17beginTransmissionEh
                0x00000000000056bc        0x4 .pio/build/uno_r4_minima/libd79/libWire.a(Wire.cpp.o)
                0x00000000000056bc                TwoWire::beginTransmission(unsigned char)
 .text._ZN7TwoWire11requestFromEhjmhh
                0x00000000000056c0       0x7e .pio/build/uno_r4_minima/libd79/libWire.a(Wire.cpp.o)
                0x00000000000056c0                TwoWire::requestFrom(unsigned char, unsigned int, unsigned long, unsigned char, unsigned char)
 .text._ZN7TwoWire11requestFromEhjb
                0x000000000000573e       0x12 .pio/build/uno_r4_minima/libd79/libWire.a(Wire.cpp.o)
                0x000000000000573e                TwoWire::requestFrom(unsigned char, unsigned int, bool)
 .text.startup._GLOBAL__sub_I__ZN7TwoWire10g_SCIWiresE
                0x0000000000005750       0x1c .pio/build/uno_r4_minima/libd79/libWire.a(Wire.cpp.o)
 .text._Z23build_sensor_event_dataPv19inv_icm20948_sensoryPKvS2_
                0x000000000000576c      0x248 .pio/build/uno_r4_minima/lib632/libArduino_ICM20948_DMP_Full-Function.a(Arduino-ICM20948.cpp.o)
                0x000000000000576c                build_sensor_event_data(void*, inv_icm20948_sensor, unsigned long long, void const*, void const*)
 .text._Z9load_dmp3v
                0x00000000000059b4       0x14 .pio/build/uno_r4_minima/lib632/libArduino_ICM20948_DMP_Full-Function.a(Arduino-ICM20948.cpp.o)
                0x00000000000059b4                load_dmp3()
 .text.inv_icm20948_sleep_us
                0x00000000000059c8        0x4 .pio/build/uno_r4_minima/lib632/libArduino_ICM20948_DMP_Full-Function.a(Arduino-ICM20948.cpp.o)
                0x00000000000059c8                inv_icm20948_sleep_us
 .text.inv_icm20948_get_time_us
                0x00000000000059cc        0xa .pio/build/uno_r4_minima/lib632/libArduino_ICM20948_DMP_Full-Function.a(Arduino-ICM20948.cpp.o)
                0x00000000000059cc                inv_icm20948_get_time_us
 *fill*         0x00000000000059d6        0x2 ff
 .text._Z21icm20948_sensor_setupv
                0x00000000000059d8       0xec .pio/build/uno_r4_minima/lib632/libArduino_ICM20948_DMP_Full-Function.a(Arduino-ICM20948.cpp.o)
                0x00000000000059d8                icm20948_sensor_setup()
 .text._ZN15ArduinoICM20948C2Ev
                0x0000000000005ac4        0x2 .pio/build/uno_r4_minima/lib632/libArduino_ICM20948_DMP_Full-Function.a(Arduino-ICM20948.cpp.o)
                0x0000000000005ac4                ArduinoICM20948::ArduinoICM20948()
                0x0000000000005ac4                ArduinoICM20948::ArduinoICM20948()
 *fill*         0x0000000000005ac6        0x2 ff
 .text._ZN15ArduinoICM209484taskEv
                0x0000000000005ac8       0x14 .pio/build/uno_r4_minima/lib632/libArduino_ICM20948_DMP_Full-Function.a(Arduino-ICM20948.cpp.o)
                0x0000000000005ac8                ArduinoICM20948::task()
 .text._ZN15ArduinoICM2094817euler6DataIsReadyEv
                0x0000000000005adc        0xc .pio/build/uno_r4_minima/lib632/libArduino_ICM20948_DMP_Full-Function.a(Arduino-ICM20948.cpp.o)
                0x0000000000005adc                ArduinoICM20948::euler6DataIsReady()
 .text._ZN15ArduinoICM2094814readEuler6DataEPfS0_S0_
                0x0000000000005ae8       0xc4 .pio/build/uno_r4_minima/lib632/libArduino_ICM20948_DMP_Full-Function.a(Arduino-ICM20948.cpp.o)
                0x0000000000005ae8                ArduinoICM20948::readEuler6Data(float*, float*, float*)
 .text._Z24spi_master_read_registerhPhm
                0x0000000000005bac       0x90 .pio/build/uno_r4_minima/lib632/libArduino_ICM20948_DMP_Full-Function.a(Arduino-ICM20948.cpp.o)
                0x0000000000005bac                spi_master_read_register(unsigned char, unsigned char*, unsigned long)
 .text._Z25spi_master_write_registerhPKhm
                0x0000000000005c3c       0x90 .pio/build/uno_r4_minima/lib632/libArduino_ICM20948_DMP_Full-Function.a(Arduino-ICM20948.cpp.o)
                0x0000000000005c3c                spi_master_write_register(unsigned char, unsigned char const*, unsigned long)
 .text._Z25i2c_master_write_registerhhmPKh
                0x0000000000005ccc       0x50 .pio/build/uno_r4_minima/lib632/libArduino_ICM20948_DMP_Full-Function.a(Arduino-ICM20948.cpp.o)
                0x0000000000005ccc                i2c_master_write_register(unsigned char, unsigned char, unsigned long, unsigned char const*)
 .text._Z20idd_io_hal_write_regPvhPKhm
                0x0000000000005d1c       0x30 .pio/build/uno_r4_minima/lib632/libArduino_ICM20948_DMP_Full-Function.a(Arduino-ICM20948.cpp.o)
                0x0000000000005d1c                idd_io_hal_write_reg(void*, unsigned char, unsigned char const*, unsigned long)
 .text._Z24i2c_master_read_registerhhmPh
                0x0000000000005d4c       0x7c .pio/build/uno_r4_minima/lib632/libArduino_ICM20948_DMP_Full-Function.a(Arduino-ICM20948.cpp.o)
                0x0000000000005d4c                i2c_master_read_register(unsigned char, unsigned char, unsigned long, unsigned char*)
 .text._Z19idd_io_hal_read_regPvhPhm
                0x0000000000005dc8       0x30 .pio/build/uno_r4_minima/lib632/libArduino_ICM20948_DMP_Full-Function.a(Arduino-ICM20948.cpp.o)
                0x0000000000005dc8                idd_io_hal_read_reg(void*, unsigned char, unsigned char*, unsigned long)
 .text._Z14initiliaze_SPIv
                0x0000000000005df8       0x50 .pio/build/uno_r4_minima/lib632/libArduino_ICM20948_DMP_Full-Function.a(Arduino-ICM20948.cpp.o)
                0x0000000000005df8                initiliaze_SPI()
 .text._Z18set_comm_interface23ArduinoICM20948Settings
                0x0000000000005e48       0x34 .pio/build/uno_r4_minima/lib632/libArduino_ICM20948_DMP_Full-Function.a(Arduino-ICM20948.cpp.o)
                0x0000000000005e48                set_comm_interface(ArduinoICM20948Settings)
 .text._ZN15ArduinoICM209484initE23ArduinoICM20948Settings
                0x0000000000005e7c      0x208 .pio/build/uno_r4_minima/lib632/libArduino_ICM20948_DMP_Full-Function.a(Arduino-ICM20948.cpp.o)
                0x0000000000005e7c                ArduinoICM20948::init(ArduinoICM20948Settings)
 .text.inv_icm20948_register_aux_compass
                0x0000000000006084       0x64 .pio/build/uno_r4_minima/lib632/libArduino_ICM20948_DMP_Full-Function.a(Icm20948AuxCompassAkm.c.o)
                0x0000000000006084                inv_icm20948_register_aux_compass
 .text.inv_icm20948_suspend_akm
                0x00000000000060e8       0x30 .pio/build/uno_r4_minima/lib632/libArduino_ICM20948_DMP_Full-Function.a(Icm20948AuxCompassAkm.c.o)
                0x00000000000060e8                inv_icm20948_suspend_akm
 .text.inv_icm20948_setup_compass_akm
                0x0000000000006118       0x90 .pio/build/uno_r4_minima/lib632/libArduino_ICM20948_DMP_Full-Function.a(Icm20948AuxCompassAkm.c.o)
                0x0000000000006118                inv_icm20948_setup_compass_akm
 .text.inv_icm20948_resume_akm
                0x00000000000061a8       0x54 .pio/build/uno_r4_minima/lib632/libArduino_ICM20948_DMP_Full-Function.a(Icm20948AuxCompassAkm.c.o)
                0x00000000000061a8                inv_icm20948_resume_akm
 .text.inv_icm20948_compass_dmp_cal
                0x00000000000061fc      0x158 .pio/build/uno_r4_minima/lib632/libArduino_ICM20948_DMP_Full-Function.a(Icm20948AuxCompassAkm.c.o)
                0x00000000000061fc                inv_icm20948_compass_dmp_cal
 .text.inv_icm20948_apply_raw_compass_matrix
                0x0000000000006354       0x42 .pio/build/uno_r4_minima/lib632/libArduino_ICM20948_DMP_Full-Function.a(Icm20948AuxCompassAkm.c.o)
                0x0000000000006354                inv_icm20948_apply_raw_compass_matrix
 .text.inv_icm20948_read_secondary
                0x0000000000006396       0x54 .pio/build/uno_r4_minima/lib632/libArduino_ICM20948_DMP_Full-Function.a(Icm20948AuxTransport.c.o)
                0x0000000000006396                inv_icm20948_read_secondary
 .text.inv_icm20948_write_secondary
                0x00000000000063ea       0x64 .pio/build/uno_r4_minima/lib632/libArduino_ICM20948_DMP_Full-Function.a(Icm20948AuxTransport.c.o)
                0x00000000000063ea                inv_icm20948_write_secondary
 .text.inv_icm20948_secondary_stop_channel
                0x000000000000644e        0xc .pio/build/uno_r4_minima/lib632/libArduino_ICM20948_DMP_Full-Function.a(Icm20948AuxTransport.c.o)
                0x000000000000644e                inv_icm20948_secondary_stop_channel
 *fill*         0x000000000000645a        0x2 ff
 .text.inv_icm20948_init_secondary
                0x000000000000645c       0x58 .pio/build/uno_r4_minima/lib632/libArduino_ICM20948_DMP_Full-Function.a(Icm20948AuxTransport.c.o)
                0x000000000000645c                inv_icm20948_init_secondary
 .text.inv_icm20948_secondary_enable_i2c
                0x00000000000064b4        0xe .pio/build/uno_r4_minima/lib632/libArduino_ICM20948_DMP_Full-Function.a(Icm20948AuxTransport.c.o)
                0x00000000000064b4                inv_icm20948_secondary_enable_i2c
 .text.inv_icm20948_secondary_disable_i2c
                0x00000000000064c2        0xe .pio/build/uno_r4_minima/lib632/libArduino_ICM20948_DMP_Full-Function.a(Icm20948AuxTransport.c.o)
                0x00000000000064c2                inv_icm20948_secondary_disable_i2c
 .text.inv_icm20948_execute_read_secondary
                0x00000000000064d0       0x48 .pio/build/uno_r4_minima/lib632/libArduino_ICM20948_DMP_Full-Function.a(Icm20948AuxTransport.c.o)
                0x00000000000064d0                inv_icm20948_execute_read_secondary
 .text.inv_icm20948_execute_write_secondary
                0x0000000000006518       0x3a .pio/build/uno_r4_minima/lib632/libArduino_ICM20948_DMP_Full-Function.a(Icm20948AuxTransport.c.o)
                0x0000000000006518                inv_icm20948_execute_write_secondary
 .text.inv_icm20948_secondary_set_odr
                0x0000000000006552       0x28 .pio/build/uno_r4_minima/lib632/libArduino_ICM20948_DMP_Full-Function.a(Icm20948AuxTransport.c.o)
                0x0000000000006552                inv_icm20948_secondary_set_odr
 .text.inv_icm20948_prevent_lpen_control
                0x000000000000657a        0x8 .pio/build/uno_r4_minima/lib632/libArduino_ICM20948_DMP_Full-Function.a(Icm20948DataBaseDriver.c.o)
                0x000000000000657a                inv_icm20948_prevent_lpen_control
 .text.inv_icm20948_set_chip_power_state
                0x0000000000006582       0xae .pio/build/uno_r4_minima/lib632/libArduino_ICM20948_DMP_Full-Function.a(Icm20948DataBaseDriver.c.o)
                0x0000000000006582                inv_icm20948_set_chip_power_state
 .text.inv_icm20948_allow_lpen_control
                0x0000000000006630        0xc .pio/build/uno_r4_minima/lib632/libArduino_ICM20948_DMP_Full-Function.a(Icm20948DataBaseDriver.c.o)
                0x0000000000006630                inv_icm20948_allow_lpen_control
 .text.inv_icm20948_get_chip_power_state
                0x000000000000663c        0x4 .pio/build/uno_r4_minima/lib632/libArduino_ICM20948_DMP_Full-Function.a(Icm20948DataBaseDriver.c.o)
                0x000000000000663c                inv_icm20948_get_chip_power_state
 .text.inv_icm20948_wakeup_mems
                0x0000000000006640       0x68 .pio/build/uno_r4_minima/lib632/libArduino_ICM20948_DMP_Full-Function.a(Icm20948DataBaseDriver.c.o)
                0x0000000000006640                inv_icm20948_wakeup_mems
 .text.inv_icm20948_sleep_mems
                0x00000000000066a8       0x28 .pio/build/uno_r4_minima/lib632/libArduino_ICM20948_DMP_Full-Function.a(Icm20948DataBaseDriver.c.o)
                0x00000000000066a8                inv_icm20948_sleep_mems
 .text.inv_icm20948_set_dmp_address
                0x00000000000066d0       0x32 .pio/build/uno_r4_minima/lib632/libArduino_ICM20948_DMP_Full-Function.a(Icm20948DataBaseDriver.c.o)
                0x00000000000066d0                inv_icm20948_set_dmp_address
 *fill*         0x0000000000006702        0x2 ff
 .text.inv_icm20948_set_secondary
                0x0000000000006704       0x34 .pio/build/uno_r4_minima/lib632/libArduino_ICM20948_DMP_Full-Function.a(Icm20948DataBaseDriver.c.o)
                0x0000000000006704                inv_icm20948_set_secondary
 .text.inv_icm20948_enter_duty_cycle_mode
                0x0000000000006738       0x1c .pio/build/uno_r4_minima/lib632/libArduino_ICM20948_DMP_Full-Function.a(Icm20948DataBaseDriver.c.o)
                0x0000000000006738                inv_icm20948_enter_duty_cycle_mode
 .text.inv_icm20948_enter_low_noise_mode
                0x0000000000006754       0x1e .pio/build/uno_r4_minima/lib632/libArduino_ICM20948_DMP_Full-Function.a(Icm20948DataBaseDriver.c.o)
                0x0000000000006754                inv_icm20948_enter_low_noise_mode
 .text.inv_icm20948_get_compass_availability
                0x0000000000006772        0x6 .pio/build/uno_r4_minima/lib632/libArduino_ICM20948_DMP_Full-Function.a(Icm20948DataBaseDriver.c.o)
                0x0000000000006772                inv_icm20948_get_compass_availability
 .text.inv_icm20948_set_slave_compass_id
                0x0000000000006778       0x42 .pio/build/uno_r4_minima/lib632/libArduino_ICM20948_DMP_Full-Function.a(Icm20948DataBaseDriver.c.o)
                0x0000000000006778                inv_icm20948_set_slave_compass_id
 .text.inv_icm20948_set_gyro_divider
                0x00000000000067ba       0x1c .pio/build/uno_r4_minima/lib632/libArduino_ICM20948_DMP_Full-Function.a(Icm20948DataBaseDriver.c.o)
                0x00000000000067ba                inv_icm20948_set_gyro_divider
 .text.inv_icm20948_get_gyro_divider
                0x00000000000067d6        0x4 .pio/build/uno_r4_minima/lib632/libArduino_ICM20948_DMP_Full-Function.a(Icm20948DataBaseDriver.c.o)
                0x00000000000067d6                inv_icm20948_get_gyro_divider
 .text.inv_icm20948_set_secondary_divider
                0x00000000000067da       0x10 .pio/build/uno_r4_minima/lib632/libArduino_ICM20948_DMP_Full-Function.a(Icm20948DataBaseDriver.c.o)
                0x00000000000067da                inv_icm20948_set_secondary_divider
 .text.inv_icm20948_set_accel_divider
                0x00000000000067ea       0x20 .pio/build/uno_r4_minima/lib632/libArduino_ICM20948_DMP_Full-Function.a(Icm20948DataBaseDriver.c.o)
                0x00000000000067ea                inv_icm20948_set_accel_divider
 *fill*         0x000000000000680a        0x2 ff
 .text.inv_icm20948_initialize_lower_driver
                0x000000000000680c      0x1a0 .pio/build/uno_r4_minima/lib632/libArduino_ICM20948_DMP_Full-Function.a(Icm20948DataBaseDriver.c.o)
                0x000000000000680c                inv_icm20948_initialize_lower_driver
 .text.inv_icm20948_set_gyro_sf
                0x00000000000069ac       0x94 .pio/build/uno_r4_minima/lib632/libArduino_ICM20948_DMP_Full-Function.a(Icm20948DataBaseDriver.c.o)
                0x00000000000069ac                inv_icm20948_set_gyro_sf
 .text.inv_icm20948_get_gyro_fullscale
                0x0000000000006a40        0x6 .pio/build/uno_r4_minima/lib632/libArduino_ICM20948_DMP_Full-Function.a(Icm20948DataBaseDriver.c.o)
                0x0000000000006a40                inv_icm20948_get_gyro_fullscale
 .text.inv_icm20948_set_icm20948_gyro_fullscale
                0x0000000000006a46       0xb6 .pio/build/uno_r4_minima/lib632/libArduino_ICM20948_DMP_Full-Function.a(Icm20948DataBaseDriver.c.o)
                0x0000000000006a46                inv_icm20948_set_icm20948_gyro_fullscale
 .text.inv_icm20948_set_gyro_fullscale
                0x0000000000006afc       0x2c .pio/build/uno_r4_minima/lib632/libArduino_ICM20948_DMP_Full-Function.a(Icm20948DataBaseDriver.c.o)
                0x0000000000006afc                inv_icm20948_set_gyro_fullscale
 .text.inv_icm20948_get_accel_fullscale
                0x0000000000006b28        0x6 .pio/build/uno_r4_minima/lib632/libArduino_ICM20948_DMP_Full-Function.a(Icm20948DataBaseDriver.c.o)
                0x0000000000006b28                inv_icm20948_get_accel_fullscale
 *fill*         0x0000000000006b2e        0x2 ff
 .text.inv_icm20948_set_icm20948_accel_fullscale
                0x0000000000006b30       0x98 .pio/build/uno_r4_minima/lib632/libArduino_ICM20948_DMP_Full-Function.a(Icm20948DataBaseDriver.c.o)
                0x0000000000006b30                inv_icm20948_set_icm20948_accel_fullscale
 .text.inv_icm20948_set_accel_fullscale
                0x0000000000006bc8       0x30 .pio/build/uno_r4_minima/lib632/libArduino_ICM20948_DMP_Full-Function.a(Icm20948DataBaseDriver.c.o)
                0x0000000000006bc8                inv_icm20948_set_accel_fullscale
 .text.inv_icm20948_enable_hw_sensors
                0x0000000000006bf8       0x5c .pio/build/uno_r4_minima/lib632/libArduino_ICM20948_DMP_Full-Function.a(Icm20948DataBaseDriver.c.o)
                0x0000000000006bf8                inv_icm20948_enable_hw_sensors
 .text.invn_convert_quat_mult_fxp
                0x0000000000006c54      0x104 .pio/build/uno_r4_minima/lib632/libArduino_ICM20948_DMP_Full-Function.a(Icm20948DataConverter.c.o)
 .text.invn_convert_inverse_q15_fxp.part.0
                0x0000000000006d58       0xf8 .pio/build/uno_r4_minima/lib632/libArduino_ICM20948_DMP_Full-Function.a(Icm20948DataConverter.c.o)
 .text.inv_icm20948_q_mult_q_qi
                0x0000000000006e50      0x106 .pio/build/uno_r4_minima/lib632/libArduino_ICM20948_DMP_Full-Function.a(Icm20948DataConverter.c.o)
                0x0000000000006e50                inv_icm20948_q_mult_q_qi
 .text.inv_icm20948_convert_quat_rotate_fxp
                0x0000000000006f56       0x4c .pio/build/uno_r4_minima/lib632/libArduino_ICM20948_DMP_Full-Function.a(Icm20948DataConverter.c.o)
                0x0000000000006f56                inv_icm20948_convert_quat_rotate_fxp
 .text.inv_icm20948_set_chip_to_body
                0x0000000000006fa2        0x8 .pio/build/uno_r4_minima/lib632/libArduino_ICM20948_DMP_Full-Function.a(Icm20948DataConverter.c.o)
                0x0000000000006fa2                inv_icm20948_set_chip_to_body
 .text.inv_icm20948_convert_dmp3_to_body
                0x0000000000006faa       0x4e .pio/build/uno_r4_minima/lib632/libArduino_ICM20948_DMP_Full-Function.a(Icm20948DataConverter.c.o)
                0x0000000000006faa                inv_icm20948_convert_dmp3_to_body
 .text.inv_icm20948_convert_mult_q30_fxp
                0x0000000000006ff8        0xc .pio/build/uno_r4_minima/lib632/libArduino_ICM20948_DMP_Full-Function.a(Icm20948DataConverter.c.o)
                0x0000000000006ff8                inv_icm20948_convert_mult_q30_fxp
 .text.inv_icm20948_convert_get_highest_bit_position
                0x0000000000007004       0x64 .pio/build/uno_r4_minima/lib632/libArduino_ICM20948_DMP_Full-Function.a(Icm20948DataConverter.c.o)
                0x0000000000007004                inv_icm20948_convert_get_highest_bit_position
 .text.inv_icm20948_convert_test_limits_and_scale_fxp
                0x0000000000007068       0x84 .pio/build/uno_r4_minima/lib632/libArduino_ICM20948_DMP_Full-Function.a(Icm20948DataConverter.c.o)
                0x0000000000007068                inv_icm20948_convert_test_limits_and_scale_fxp
 .text.inv_icm20948_convert_fast_sqrt_fxp
                0x00000000000070ec       0xd0 .pio/build/uno_r4_minima/lib632/libArduino_ICM20948_DMP_Full-Function.a(Icm20948DataConverter.c.o)
                0x00000000000070ec                inv_icm20948_convert_fast_sqrt_fxp
 .text.inv_icm20948_convert_compute_scalar_part_fxp
                0x00000000000071bc       0x48 .pio/build/uno_r4_minima/lib632/libArduino_ICM20948_DMP_Full-Function.a(Icm20948DataConverter.c.o)
                0x00000000000071bc                inv_icm20948_convert_compute_scalar_part_fxp
 .text.inv_icm20948_convert_rotation_vector
                0x0000000000007204       0xb0 .pio/build/uno_r4_minima/lib632/libArduino_ICM20948_DMP_Full-Function.a(Icm20948DataConverter.c.o)
                0x0000000000007204                inv_icm20948_convert_rotation_vector
 .text.inv_icm20948_convert_matrix_to_quat_flt
                0x00000000000072b4      0x220 .pio/build/uno_r4_minima/lib632/libArduino_ICM20948_DMP_Full-Function.a(Icm20948DataConverter.c.o)
                0x00000000000072b4                inv_icm20948_convert_matrix_to_quat_flt
 .text.inv_icm20948_set_chip_to_body_axis_quaternion
                0x00000000000074d4       0xec .pio/build/uno_r4_minima/lib632/libArduino_ICM20948_DMP_Full-Function.a(Icm20948DataConverter.c.o)
                0x00000000000074d4                inv_icm20948_set_chip_to_body_axis_quaternion
 .text.inv_icm20948_convert_mult_qfix_fxp
                0x00000000000075c0       0x24 .pio/build/uno_r4_minima/lib632/libArduino_ICM20948_DMP_Full-Function.a(Icm20948DataConverter.c.o)
                0x00000000000075c0                inv_icm20948_convert_mult_qfix_fxp
 .text.inv_icm20948_convert_quat_to_col_major_matrix_fxp
                0x00000000000075e4      0x124 .pio/build/uno_r4_minima/lib632/libArduino_ICM20948_DMP_Full-Function.a(Icm20948DataConverter.c.o)
                0x00000000000075e4                inv_icm20948_convert_quat_to_col_major_matrix_fxp
 .text.inv_icm20948_math_atan2_q15_fxp
                0x0000000000007708       0xc0 .pio/build/uno_r4_minima/lib632/libArduino_ICM20948_DMP_Full-Function.a(Icm20948DataConverter.c.o)
                0x0000000000007708                inv_icm20948_math_atan2_q15_fxp
 .text.inv_icm20948_convert_int16_to_big8
                0x00000000000077c8        0xa .pio/build/uno_r4_minima/lib632/libArduino_ICM20948_DMP_Full-Function.a(Icm20948DataConverter.c.o)
                0x00000000000077c8                inv_icm20948_convert_int16_to_big8
 .text.inv_icm20948_convert_int32_to_big8
                0x00000000000077d2       0x12 .pio/build/uno_r4_minima/lib632/libArduino_ICM20948_DMP_Full-Function.a(Icm20948DataConverter.c.o)
                0x00000000000077d2                inv_icm20948_convert_int32_to_big8
 .text.inv_icm20948_convert_big8_to_int32
                0x00000000000077e4        0x6 .pio/build/uno_r4_minima/lib632/libArduino_ICM20948_DMP_Full-Function.a(Icm20948DataConverter.c.o)
                0x00000000000077e4                inv_icm20948_convert_big8_to_int32
 .text.inv_icm20948_load_firmware
                0x00000000000077ea        0x8 .pio/build/uno_r4_minima/lib632/libArduino_ICM20948_DMP_Full-Function.a(Icm20948Dmp3Driver.c.o)
                0x00000000000077ea                inv_icm20948_load_firmware
 .text.inv_icm20948_get_dmp_start_address
                0x00000000000077f2        0x8 .pio/build/uno_r4_minima/lib632/libArduino_ICM20948_DMP_Full-Function.a(Icm20948Dmp3Driver.c.o)
                0x00000000000077f2                inv_icm20948_get_dmp_start_address
 .text.dmp_icm20948_set_data_output_control1
                0x00000000000077fa       0x1c .pio/build/uno_r4_minima/lib632/libArduino_ICM20948_DMP_Full-Function.a(Icm20948Dmp3Driver.c.o)
                0x00000000000077fa                dmp_icm20948_set_data_output_control1
 *fill*         0x0000000000007816        0x2 ff
 .text.dmp_icm20948_set_data_output_control2
                0x0000000000007818       0x14 .pio/build/uno_r4_minima/lib632/libArduino_ICM20948_DMP_Full-Function.a(Icm20948Dmp3Driver.c.o)
                0x0000000000007818                dmp_icm20948_set_data_output_control2
 .text.dmp_icm20948_reset_control_registers
                0x000000000000782c       0x50 .pio/build/uno_r4_minima/lib632/libArduino_ICM20948_DMP_Full-Function.a(Icm20948Dmp3Driver.c.o)
                0x000000000000782c                dmp_icm20948_reset_control_registers
 .text.dmp_icm20948_set_data_interrupt_control
                0x000000000000787c       0x24 .pio/build/uno_r4_minima/lib632/libArduino_ICM20948_DMP_Full-Function.a(Icm20948Dmp3Driver.c.o)
                0x000000000000787c                dmp_icm20948_set_data_interrupt_control
 .text.dmp_icm20948_set_FIFO_watermark
                0x00000000000078a0       0x26 .pio/build/uno_r4_minima/lib632/libArduino_ICM20948_DMP_Full-Function.a(Icm20948Dmp3Driver.c.o)
                0x00000000000078a0                dmp_icm20948_set_FIFO_watermark
 .text.dmp_icm20948_set_data_rdy_status
                0x00000000000078c6       0x24 .pio/build/uno_r4_minima/lib632/libArduino_ICM20948_DMP_Full-Function.a(Icm20948Dmp3Driver.c.o)
                0x00000000000078c6                dmp_icm20948_set_data_rdy_status
 .text.dmp_icm20948_set_motion_event_control
                0x00000000000078ea       0x1c .pio/build/uno_r4_minima/lib632/libArduino_ICM20948_DMP_Full-Function.a(Icm20948Dmp3Driver.c.o)
                0x00000000000078ea                dmp_icm20948_set_motion_event_control
 *fill*         0x0000000000007906        0x2 ff
 .text.dmp_icm20948_set_sensor_rate
                0x0000000000007908       0x34 .pio/build/uno_r4_minima/lib632/libArduino_ICM20948_DMP_Full-Function.a(Icm20948Dmp3Driver.c.o)
                0x0000000000007908                dmp_icm20948_set_sensor_rate
 .text.dmp_icm20948_get_bias_cmp
                0x000000000000793c       0x56 .pio/build/uno_r4_minima/lib632/libArduino_ICM20948_DMP_Full-Function.a(Icm20948Dmp3Driver.c.o)
                0x000000000000793c                dmp_icm20948_get_bias_cmp
 .text.dmp_icm20948_set_gyro_sf
                0x0000000000007992       0x1e .pio/build/uno_r4_minima/lib632/libArduino_ICM20948_DMP_Full-Function.a(Icm20948Dmp3Driver.c.o)
                0x0000000000007992                dmp_icm20948_set_gyro_sf
 .text.dmp_icm20948_set_accel_feedback_gain
                0x00000000000079b0       0x22 .pio/build/uno_r4_minima/lib632/libArduino_ICM20948_DMP_Full-Function.a(Icm20948Dmp3Driver.c.o)
                0x00000000000079b0                dmp_icm20948_set_accel_feedback_gain
 .text.dmp_icm20948_set_accel_cal_params
                0x00000000000079d2       0x58 .pio/build/uno_r4_minima/lib632/libArduino_ICM20948_DMP_Full-Function.a(Icm20948Dmp3Driver.c.o)
                0x00000000000079d2                dmp_icm20948_set_accel_cal_params
 .text.dmp_icm20948_set_compass_matrix
                0x0000000000007a2a       0xfc .pio/build/uno_r4_minima/lib632/libArduino_ICM20948_DMP_Full-Function.a(Icm20948Dmp3Driver.c.o)
                0x0000000000007a2a                dmp_icm20948_set_compass_matrix
 .text.dmp_icm20948_get_pedometer_num_of_steps
                0x0000000000007b26       0x38 .pio/build/uno_r4_minima/lib632/libArduino_ICM20948_DMP_Full-Function.a(Icm20948Dmp3Driver.c.o)
                0x0000000000007b26                dmp_icm20948_get_pedometer_num_of_steps
 .text.dmp_icm20948_set_gyro_fsr
                0x0000000000007b5e       0x5c .pio/build/uno_r4_minima/lib632/libArduino_ICM20948_DMP_Full-Function.a(Icm20948Dmp3Driver.c.o)
                0x0000000000007b5e                dmp_icm20948_set_gyro_fsr
 .text.dmp_icm20948_set_accel_fsr
                0x0000000000007bba       0x54 .pio/build/uno_r4_minima/lib632/libArduino_ICM20948_DMP_Full-Function.a(Icm20948Dmp3Driver.c.o)
                0x0000000000007bba                dmp_icm20948_set_accel_fsr
 .text.dmp_icm20948_set_accel_scale2
                0x0000000000007c0e       0x54 .pio/build/uno_r4_minima/lib632/libArduino_ICM20948_DMP_Full-Function.a(Icm20948Dmp3Driver.c.o)
                0x0000000000007c0e                dmp_icm20948_set_accel_scale2
 .text.dmp_icm20948_set_bac_rate
                0x0000000000007c62       0x50 .pio/build/uno_r4_minima/lib632/libArduino_ICM20948_DMP_Full-Function.a(Icm20948Dmp3Driver.c.o)
                0x0000000000007c62                dmp_icm20948_set_bac_rate
 .text.dmp_icm20948_set_b2s_rate
                0x0000000000007cb2       0x50 .pio/build/uno_r4_minima/lib632/libArduino_ICM20948_DMP_Full-Function.a(Icm20948Dmp3Driver.c.o)
                0x0000000000007cb2                dmp_icm20948_set_b2s_rate
 .text.dmp_icm20948_set_B2S_matrix
                0x0000000000007d02       0xfc .pio/build/uno_r4_minima/lib632/libArduino_ICM20948_DMP_Full-Function.a(Icm20948Dmp3Driver.c.o)
                0x0000000000007d02                dmp_icm20948_set_B2S_matrix
 .text.dmp_icm20948_set_ped_y_ratio
                0x0000000000007dfe       0x22 .pio/build/uno_r4_minima/lib632/libArduino_ICM20948_DMP_Full-Function.a(Icm20948Dmp3Driver.c.o)
                0x0000000000007dfe                dmp_icm20948_set_ped_y_ratio
 .text.inv_icm20948_firmware_load
                0x0000000000007e20       0xae .pio/build/uno_r4_minima/lib632/libArduino_ICM20948_DMP_Full-Function.a(Icm20948LoadFirmware.c.o)
                0x0000000000007e20                inv_icm20948_firmware_load
 .text.get_packet_size_and_samplecnt
                0x0000000000007ece      0x10c .pio/build/uno_r4_minima/lib632/libArduino_ICM20948_DMP_Full-Function.a(Icm20948MPUFifoControl.c.o)
 .text.inv_decode_3_32bit_elements
                0x0000000000007fda       0x14 .pio/build/uno_r4_minima/lib632/libArduino_ICM20948_DMP_Full-Function.a(Icm20948MPUFifoControl.c.o)
 .text.inv_decode_3_16bit_elements
                0x0000000000007fee       0x14 .pio/build/uno_r4_minima/lib632/libArduino_ICM20948_DMP_Full-Function.a(Icm20948MPUFifoControl.c.o)
 .text.check_fifo_decoded_headers
                0x0000000000008002       0x24 .pio/build/uno_r4_minima/lib632/libArduino_ICM20948_DMP_Full-Function.a(Icm20948MPUFifoControl.c.o)
 .text.inv_icm20948_mpu_set_FIFO_RST_Diamond
                0x0000000000008026       0x36 .pio/build/uno_r4_minima/lib632/libArduino_ICM20948_DMP_Full-Function.a(Icm20948MPUFifoControl.c.o)
                0x0000000000008026                inv_icm20948_mpu_set_FIFO_RST_Diamond
 .text.dmp_reset_fifo.isra.0
                0x000000000000805c       0x80 .pio/build/uno_r4_minima/lib632/libArduino_ICM20948_DMP_Full-Function.a(Icm20948MPUFifoControl.c.o)
 .text.dmp_get_fifo_all.constprop.0
                0x00000000000080dc       0x86 .pio/build/uno_r4_minima/lib632/libArduino_ICM20948_DMP_Full-Function.a(Icm20948MPUFifoControl.c.o)
 .text.inv_icm20948_identify_interrupt
                0x0000000000008162       0x42 .pio/build/uno_r4_minima/lib632/libArduino_ICM20948_DMP_Full-Function.a(Icm20948MPUFifoControl.c.o)
                0x0000000000008162                inv_icm20948_identify_interrupt
 .text.inv_icm20948_fifo_swmirror
                0x00000000000081a4       0xb4 .pio/build/uno_r4_minima/lib632/libArduino_ICM20948_DMP_Full-Function.a(Icm20948MPUFifoControl.c.o)
                0x00000000000081a4                inv_icm20948_fifo_swmirror
 .text.inv_icm20948_inv_decode_one_ivory_fifo_packet
                0x0000000000008258      0x16c .pio/build/uno_r4_minima/lib632/libArduino_ICM20948_DMP_Full-Function.a(Icm20948MPUFifoControl.c.o)
                0x0000000000008258                inv_icm20948_inv_decode_one_ivory_fifo_packet
 .text.inv_icm20948_fifo_pop
                0x00000000000083c4       0x7c .pio/build/uno_r4_minima/lib632/libArduino_ICM20948_DMP_Full-Function.a(Icm20948MPUFifoControl.c.o)
                0x00000000000083c4                inv_icm20948_fifo_pop
 .text.inv_icm20948_dmp_get_accel
                0x0000000000008440       0x1c .pio/build/uno_r4_minima/lib632/libArduino_ICM20948_DMP_Full-Function.a(Icm20948MPUFifoControl.c.o)
                0x0000000000008440                inv_icm20948_dmp_get_accel
 .text.inv_icm20948_dmp_get_raw_gyro
                0x000000000000845c       0x24 .pio/build/uno_r4_minima/lib632/libArduino_ICM20948_DMP_Full-Function.a(Icm20948MPUFifoControl.c.o)
                0x000000000000845c                inv_icm20948_dmp_get_raw_gyro
 .text.inv_icm20948_dmp_get_gyro_bias
                0x0000000000008480       0x1c .pio/build/uno_r4_minima/lib632/libArduino_ICM20948_DMP_Full-Function.a(Icm20948MPUFifoControl.c.o)
                0x0000000000008480                inv_icm20948_dmp_get_gyro_bias
 .text.inv_icm20948_dmp_get_calibrated_gyro
                0x000000000000849c       0x2a .pio/build/uno_r4_minima/lib632/libArduino_ICM20948_DMP_Full-Function.a(Icm20948MPUFifoControl.c.o)
                0x000000000000849c                inv_icm20948_dmp_get_calibrated_gyro
 *fill*         0x00000000000084c6        0x2 ff
 .text.inv_icm20948_dmp_get_6quaternion
                0x00000000000084c8       0x1c .pio/build/uno_r4_minima/lib632/libArduino_ICM20948_DMP_Full-Function.a(Icm20948MPUFifoControl.c.o)
                0x00000000000084c8                inv_icm20948_dmp_get_6quaternion
 .text.inv_icm20948_dmp_get_9quaternion
                0x00000000000084e4       0x1c .pio/build/uno_r4_minima/lib632/libArduino_ICM20948_DMP_Full-Function.a(Icm20948MPUFifoControl.c.o)
                0x00000000000084e4                inv_icm20948_dmp_get_9quaternion
 .text.inv_icm20948_dmp_get_gmrvquaternion
                0x0000000000008500       0x1c .pio/build/uno_r4_minima/lib632/libArduino_ICM20948_DMP_Full-Function.a(Icm20948MPUFifoControl.c.o)
                0x0000000000008500                inv_icm20948_dmp_get_gmrvquaternion
 .text.inv_icm20948_dmp_get_raw_compass
                0x000000000000851c       0x1c .pio/build/uno_r4_minima/lib632/libArduino_ICM20948_DMP_Full-Function.a(Icm20948MPUFifoControl.c.o)
                0x000000000000851c                inv_icm20948_dmp_get_raw_compass
 .text.inv_icm20948_dmp_get_calibrated_compass
                0x0000000000008538       0x1c .pio/build/uno_r4_minima/lib632/libArduino_ICM20948_DMP_Full-Function.a(Icm20948MPUFifoControl.c.o)
                0x0000000000008538                inv_icm20948_dmp_get_calibrated_compass
 .text.inv_icm20948_dmp_get_bac_state
                0x0000000000008554       0x18 .pio/build/uno_r4_minima/lib632/libArduino_ICM20948_DMP_Full-Function.a(Icm20948MPUFifoControl.c.o)
                0x0000000000008554                inv_icm20948_dmp_get_bac_state
 .text.inv_icm20948_dmp_get_bac_ts
                0x000000000000856c       0x18 .pio/build/uno_r4_minima/lib632/libArduino_ICM20948_DMP_Full-Function.a(Icm20948MPUFifoControl.c.o)
                0x000000000000856c                inv_icm20948_dmp_get_bac_ts
 .text.inv_icm20948_dmp_get_flip_pickup_state
                0x0000000000008584       0x18 .pio/build/uno_r4_minima/lib632/libArduino_ICM20948_DMP_Full-Function.a(Icm20948MPUFifoControl.c.o)
                0x0000000000008584                inv_icm20948_dmp_get_flip_pickup_state
 .text.inv_icm20948_get_accel_accuracy
                0x000000000000859c        0xc .pio/build/uno_r4_minima/lib632/libArduino_ICM20948_DMP_Full-Function.a(Icm20948MPUFifoControl.c.o)
                0x000000000000859c                inv_icm20948_get_accel_accuracy
 .text.inv_icm20948_get_gyro_accuracy
                0x00000000000085a8        0xc .pio/build/uno_r4_minima/lib632/libArduino_ICM20948_DMP_Full-Function.a(Icm20948MPUFifoControl.c.o)
                0x00000000000085a8                inv_icm20948_get_gyro_accuracy
 .text.inv_icm20948_get_mag_accuracy
                0x00000000000085b4        0xc .pio/build/uno_r4_minima/lib632/libArduino_ICM20948_DMP_Full-Function.a(Icm20948MPUFifoControl.c.o)
                0x00000000000085b4                inv_icm20948_get_mag_accuracy
 .text.inv_icm20948_get_gmrv_accuracy
                0x00000000000085c0        0xc .pio/build/uno_r4_minima/lib632/libArduino_ICM20948_DMP_Full-Function.a(Icm20948MPUFifoControl.c.o)
                0x00000000000085c0                inv_icm20948_get_gmrv_accuracy
 .text.inv_icm20948_get_rv_accuracy
                0x00000000000085cc        0xc .pio/build/uno_r4_minima/lib632/libArduino_ICM20948_DMP_Full-Function.a(Icm20948MPUFifoControl.c.o)
                0x00000000000085cc                inv_icm20948_get_rv_accuracy
 .text.inv_icm20948_set_offset
                0x00000000000085d8       0xd0 .pio/build/uno_r4_minima/lib632/libArduino_ICM20948_DMP_Full-Function.a(Icm20948SelfTest.c.o)
                0x00000000000085d8                inv_icm20948_set_offset
 .text.inv_icm20948_sensor_android_2_sensor_type
                0x00000000000086a8       0x14 .pio/build/uno_r4_minima/lib632/libArduino_ICM20948_DMP_Full-Function.a(Icm20948Setup.c.o)
                0x00000000000086a8                inv_icm20948_sensor_android_2_sensor_type
 .text.skip_sensor
                0x00000000000086bc       0x1a .pio/build/uno_r4_minima/lib632/libArduino_ICM20948_DMP_Full-Function.a(Icm20948Setup.c.o)
 .text.inv_icm20948_get_whoami
                0x00000000000086d6        0xa .pio/build/uno_r4_minima/lib632/libArduino_ICM20948_DMP_Full-Function.a(Icm20948Setup.c.o)
                0x00000000000086d6                inv_icm20948_get_whoami
 .text.inv_icm20948_init_matrix
                0x00000000000086e0       0x4c .pio/build/uno_r4_minima/lib632/libArduino_ICM20948_DMP_Full-Function.a(Icm20948Setup.c.o)
                0x00000000000086e0                inv_icm20948_init_matrix
 .text.inv_icm20948_init_structure
                0x000000000000872c       0x3c .pio/build/uno_r4_minima/lib632/libArduino_ICM20948_DMP_Full-Function.a(Icm20948Setup.c.o)
                0x000000000000872c                inv_icm20948_init_structure
 .text.inv_icm20948_initialize
                0x0000000000008768       0x20 .pio/build/uno_r4_minima/lib632/libArduino_ICM20948_DMP_Full-Function.a(Icm20948Setup.c.o)
                0x0000000000008768                inv_icm20948_initialize
 .text.inv_icm20948_set_fsr
                0x0000000000008788       0x64 .pio/build/uno_r4_minima/lib632/libArduino_ICM20948_DMP_Full-Function.a(Icm20948Setup.c.o)
                0x0000000000008788                inv_icm20948_set_fsr
 .text.inv_icm20948_set_lowpower_or_highperformance
                0x00000000000087ec       0x10 .pio/build/uno_r4_minima/lib632/libArduino_ICM20948_DMP_Full-Function.a(Icm20948Setup.c.o)
                0x00000000000087ec                inv_icm20948_set_lowpower_or_highperformance
 .text.inv_icm20948_set_matrix
                0x00000000000087fc       0x60 .pio/build/uno_r4_minima/lib632/libArduino_ICM20948_DMP_Full-Function.a(Icm20948Setup.c.o)
                0x00000000000087fc                inv_icm20948_set_matrix
 .text.inv_icm20948_initialize_auxiliary
                0x000000000000885c       0x14 .pio/build/uno_r4_minima/lib632/libArduino_ICM20948_DMP_Full-Function.a(Icm20948Setup.c.o)
                0x000000000000885c                inv_icm20948_initialize_auxiliary
 .text.inv_icm20948_soft_reset
                0x0000000000008870       0x1c .pio/build/uno_r4_minima/lib632/libArduino_ICM20948_DMP_Full-Function.a(Icm20948Setup.c.o)
                0x0000000000008870                inv_icm20948_soft_reset
 .text.inv_icm20948_enable_sensor
                0x000000000000888c       0x38 .pio/build/uno_r4_minima/lib632/libArduino_ICM20948_DMP_Full-Function.a(Icm20948Setup.c.o)
                0x000000000000888c                inv_icm20948_enable_sensor
 .text.inv_icm20948_set_sensor_period
                0x00000000000088c4       0x54 .pio/build/uno_r4_minima/lib632/libArduino_ICM20948_DMP_Full-Function.a(Icm20948Setup.c.o)
                0x00000000000088c4                inv_icm20948_set_sensor_period
 .text.inv_icm20948_load
                0x0000000000008918        0x6 .pio/build/uno_r4_minima/lib632/libArduino_ICM20948_DMP_Full-Function.a(Icm20948Setup.c.o)
                0x0000000000008918                inv_icm20948_load
 *fill*         0x000000000000891e        0x2 ff
 .text.inv_icm20948_poll_sensor
                0x0000000000008920      0xa88 .pio/build/uno_r4_minima/lib632/libArduino_ICM20948_DMP_Full-Function.a(Icm20948Setup.c.o)
                0x0000000000008920                inv_icm20948_poll_sensor
 .text.inv_icm20948_serif_read_reg
                0x00000000000093a8       0x38 .pio/build/uno_r4_minima/lib632/libArduino_ICM20948_DMP_Full-Function.a(Icm20948Transport.c.o)
 .text.inv_icm20948_serif_write_reg
                0x00000000000093e0       0x38 .pio/build/uno_r4_minima/lib632/libArduino_ICM20948_DMP_Full-Function.a(Icm20948Transport.c.o)
 .text.check_reg_access_lp_disable
                0x0000000000009418       0x36 .pio/build/uno_r4_minima/lib632/libArduino_ICM20948_DMP_Full-Function.a(Icm20948Transport.c.o)
 .text.inv_set_bank
                0x000000000000944e       0x4a .pio/build/uno_r4_minima/lib632/libArduino_ICM20948_DMP_Full-Function.a(Icm20948Transport.c.o)
 .text.inv_icm20948_read_reg
                0x0000000000009498        0x4 .pio/build/uno_r4_minima/lib632/libArduino_ICM20948_DMP_Full-Function.a(Icm20948Transport.c.o)
                0x0000000000009498                inv_icm20948_read_reg
 .text.inv_icm20948_sleep_100us
                0x000000000000949c        0x8 .pio/build/uno_r4_minima/lib632/libArduino_ICM20948_DMP_Full-Function.a(Icm20948Transport.c.o)
                0x000000000000949c                inv_icm20948_sleep_100us
 .text.inv_icm20948_transport_init
                0x00000000000094a4        0xe .pio/build/uno_r4_minima/lib632/libArduino_ICM20948_DMP_Full-Function.a(Icm20948Transport.c.o)
                0x00000000000094a4                inv_icm20948_transport_init
 .text.inv_icm20948_write_mems_reg
                0x00000000000094b2       0x94 .pio/build/uno_r4_minima/lib632/libArduino_ICM20948_DMP_Full-Function.a(Icm20948Transport.c.o)
                0x00000000000094b2                inv_icm20948_write_mems_reg
 .text.inv_icm20948_write_single_mems_reg
                0x0000000000009546       0x78 .pio/build/uno_r4_minima/lib632/libArduino_ICM20948_DMP_Full-Function.a(Icm20948Transport.c.o)
                0x0000000000009546                inv_icm20948_write_single_mems_reg
 .text.inv_icm20948_read_mems_reg
                0x00000000000095be       0xc4 .pio/build/uno_r4_minima/lib632/libArduino_ICM20948_DMP_Full-Function.a(Icm20948Transport.c.o)
                0x00000000000095be                inv_icm20948_read_mems_reg
 .text.inv_icm20948_read_mems
                0x0000000000009682      0x118 .pio/build/uno_r4_minima/lib632/libArduino_ICM20948_DMP_Full-Function.a(Icm20948Transport.c.o)
                0x0000000000009682                inv_icm20948_read_mems
 .text.inv_icm20948_write_mems
                0x000000000000979a       0xcc .pio/build/uno_r4_minima/lib632/libArduino_ICM20948_DMP_Full-Function.a(Icm20948Transport.c.o)
                0x000000000000979a                inv_icm20948_write_mems
 .text.inv_icm20948_write_single_mems_reg_core
                0x0000000000009866       0x2a .pio/build/uno_r4_minima/lib632/libArduino_ICM20948_DMP_Full-Function.a(Icm20948Transport.c.o)
                0x0000000000009866                inv_icm20948_write_single_mems_reg_core
 .text.inv_icm20948_augmented_init
                0x0000000000009890       0x24 .pio/build/uno_r4_minima/lib632/libArduino_ICM20948_DMP_Full-Function.a(Icm20948Augmented.c.o)
                0x0000000000009890                inv_icm20948_augmented_init
 .text.inv_icm20948_augmented_sensors_get_gravity
                0x00000000000098b4       0x8e .pio/build/uno_r4_minima/lib632/libArduino_ICM20948_DMP_Full-Function.a(Icm20948Augmented.c.o)
                0x00000000000098b4                inv_icm20948_augmented_sensors_get_gravity
 .text.inv_icm20948_augmented_sensors_get_linearacceleration
                0x0000000000009942       0x2a .pio/build/uno_r4_minima/lib632/libArduino_ICM20948_DMP_Full-Function.a(Icm20948Augmented.c.o)
                0x0000000000009942                inv_icm20948_augmented_sensors_get_linearacceleration
 .text.inv_icm20948_augmented_sensors_get_orientation
                0x000000000000996c       0xa0 .pio/build/uno_r4_minima/lib632/libArduino_ICM20948_DMP_Full-Function.a(Icm20948Augmented.c.o)
                0x000000000000996c                inv_icm20948_augmented_sensors_get_orientation
 .text.inv_icm20948_augmented_sensors_set_odr
                0x0000000000009a0c      0x140 .pio/build/uno_r4_minima/lib632/libArduino_ICM20948_DMP_Full-Function.a(Icm20948Augmented.c.o)
                0x0000000000009a0c                inv_icm20948_augmented_sensors_set_odr
 .text.inv_icm20948_augmented_sensors_update_odr
                0x0000000000009b4c      0x106 .pio/build/uno_r4_minima/lib632/libArduino_ICM20948_DMP_Full-Function.a(Icm20948Augmented.c.o)
                0x0000000000009b4c                inv_icm20948_augmented_sensors_update_odr
 .text.inv_reGenerate_sensorControl
                0x0000000000009c52       0x50 .pio/build/uno_r4_minima/lib632/libArduino_ICM20948_DMP_Full-Function.a(Icm20948DataBaseControl.c.o)
 *fill*         0x0000000000009ca2        0x2 ff
 .text.sensor_needs_compass
                0x0000000000009ca4       0x28 .pio/build/uno_r4_minima/lib632/libArduino_ICM20948_DMP_Full-Function.a(Icm20948DataBaseControl.c.o)
 .text.get_multiple_56_rate
                0x0000000000009ccc       0x2c .pio/build/uno_r4_minima/lib632/libArduino_ICM20948_DMP_Full-Function.a(Icm20948DataBaseControl.c.o)
 .text.DividerRateSet
                0x0000000000009cf8       0x3a .pio/build/uno_r4_minima/lib632/libArduino_ICM20948_DMP_Full-Function.a(Icm20948DataBaseControl.c.o)
 .text.inv_icm20948_ctrl_androidSensor_enabled
                0x0000000000009d32       0x16 .pio/build/uno_r4_minima/lib632/libArduino_ICM20948_DMP_Full-Function.a(Icm20948DataBaseControl.c.o)
                0x0000000000009d32                inv_icm20948_ctrl_androidSensor_enabled
 .text.MinDelayGenActual
                0x0000000000009d48       0x34 .pio/build/uno_r4_minima/lib632/libArduino_ICM20948_DMP_Full-Function.a(Icm20948DataBaseControl.c.o)
 .text.inv_icm20948_base_control_init
                0x0000000000009d7c       0xd0 .pio/build/uno_r4_minima/lib632/libArduino_ICM20948_DMP_Full-Function.a(Icm20948DataBaseControl.c.o)
                0x0000000000009d7c                inv_icm20948_base_control_init
 .text.inv_icm20948_ctrl_enable_activity_classifier
                0x0000000000009e4c       0x46 .pio/build/uno_r4_minima/lib632/libArduino_ICM20948_DMP_Full-Function.a(Icm20948DataBaseControl.c.o)
                0x0000000000009e4c                inv_icm20948_ctrl_enable_activity_classifier
 .text.inv_icm20948_ctrl_enable_tilt
                0x0000000000009e92       0x40 .pio/build/uno_r4_minima/lib632/libArduino_ICM20948_DMP_Full-Function.a(Icm20948DataBaseControl.c.o)
                0x0000000000009e92                inv_icm20948_ctrl_enable_tilt
 .text.inv_icm20948_ctrl_get_batch_mode_status
                0x0000000000009ed2        0x6 .pio/build/uno_r4_minima/lib632/libArduino_ICM20948_DMP_Full-Function.a(Icm20948DataBaseControl.c.o)
                0x0000000000009ed2                inv_icm20948_ctrl_get_batch_mode_status
 .text.inv_icm20948_ctrl_get_activitiy_classifier_on_flag
                0x0000000000009ed8        0x6 .pio/build/uno_r4_minima/lib632/libArduino_ICM20948_DMP_Full-Function.a(Icm20948DataBaseControl.c.o)
                0x0000000000009ed8                inv_icm20948_ctrl_get_activitiy_classifier_on_flag
 *fill*         0x0000000000009ede        0x2 ff
 .text.inv_icm20948_ctrl_set_accel_quaternion_gain
                0x0000000000009ee0       0x1c .pio/build/uno_r4_minima/lib632/libArduino_ICM20948_DMP_Full-Function.a(Icm20948DataBaseControl.c.o)
                0x0000000000009ee0                inv_icm20948_ctrl_set_accel_quaternion_gain
 .text.inv_icm20948_ctrl_set_accel_cal_params
                0x0000000000009efc       0xa4 .pio/build/uno_r4_minima/lib632/libArduino_ICM20948_DMP_Full-Function.a(Icm20948DataBaseControl.c.o)
                0x0000000000009efc                inv_icm20948_ctrl_set_accel_cal_params
 .text.inv_set_hw_smplrt_dmp_odrs
                0x0000000000009fa0      0x508 .pio/build/uno_r4_minima/lib632/libArduino_ICM20948_DMP_Full-Function.a(Icm20948DataBaseControl.c.o)
 .text.inv_icm20948_set_odr
                0x000000000000a4a8      0x218 .pio/build/uno_r4_minima/lib632/libArduino_ICM20948_DMP_Full-Function.a(Icm20948DataBaseControl.c.o)
                0x000000000000a4a8                inv_icm20948_set_odr
 .text.inv_icm20948_ctrl_enable_sensor
                0x000000000000a6c0      0x490 .pio/build/uno_r4_minima/lib632/libArduino_ICM20948_DMP_Full-Function.a(Icm20948DataBaseControl.c.o)
                0x000000000000a6c0                inv_icm20948_ctrl_enable_sensor
 .text.inv_icm20948_ctrl_get_mag_bias
                0x000000000000ab50        0x4 .pio/build/uno_r4_minima/lib632/libArduino_ICM20948_DMP_Full-Function.a(Icm20948DataBaseControl.c.o)
                0x000000000000ab50                inv_icm20948_ctrl_get_mag_bias
 .text._ZN8QuickPID7ComputeEv
                0x000000000000ab54      0x1b0 .pio/build/uno_r4_minima/lib06b/libQuickPID.a(QuickPID.cpp.o)
                0x000000000000ab54                QuickPID::Compute()
 .text._ZN8QuickPID10SetTuningsEfffNS_5pModeENS_5dModeENS_7iAwModeE
                0x000000000000ad04       0x70 .pio/build/uno_r4_minima/lib06b/libQuickPID.a(QuickPID.cpp.o)
                0x000000000000ad04                QuickPID::SetTunings(float, float, float, QuickPID::pMode, QuickPID::dMode, QuickPID::iAwMode)
 .text._ZN8QuickPIDC2EPfS0_S0_fffNS_5pModeENS_5dModeENS_7iAwModeENS_6ActionE
                0x000000000000ad74       0x5c .pio/build/uno_r4_minima/lib06b/libQuickPID.a(QuickPID.cpp.o)
                0x000000000000ad74                QuickPID::QuickPID(float*, float*, float*, float, float, float, QuickPID::pMode, QuickPID::dMode, QuickPID::iAwMode, QuickPID::Action)
                0x000000000000ad74                QuickPID::QuickPID(float*, float*, float*, float, float, float, QuickPID::pMode, QuickPID::dMode, QuickPID::iAwMode, QuickPID::Action)
 .text._ZN8QuickPIDC2EPfS0_S0_
                0x000000000000add0       0x44 .pio/build/uno_r4_minima/lib06b/libQuickPID.a(QuickPID.cpp.o)
                0x000000000000add0                QuickPID::QuickPID(float*, float*, float*)
                0x000000000000add0                QuickPID::QuickPID(float*, float*, float*)
 .text._ZN8QuickPID10SetTuningsEfff
                0x000000000000ae14       0x10 .pio/build/uno_r4_minima/lib06b/libQuickPID.a(QuickPID.cpp.o)
                0x000000000000ae14                QuickPID::SetTunings(float, float, float)
 .text._ZN8QuickPID15SetSampleTimeUsEm
                0x000000000000ae24       0x32 .pio/build/uno_r4_minima/lib06b/libQuickPID.a(QuickPID.cpp.o)
                0x000000000000ae24                QuickPID::SetSampleTimeUs(unsigned long)
 .text._ZN8QuickPID15SetOutputLimitsEff
                0x000000000000ae56       0x68 .pio/build/uno_r4_minima/lib06b/libQuickPID.a(QuickPID.cpp.o)
                0x000000000000ae56                QuickPID::SetOutputLimits(float, float)
 .text._ZN8QuickPID10InitializeEv
                0x000000000000aebe       0x36 .pio/build/uno_r4_minima/lib06b/libQuickPID.a(QuickPID.cpp.o)
                0x000000000000aebe                QuickPID::Initialize()
 .text._ZN8QuickPID7SetModeENS_7ControlE
                0x000000000000aef4       0x2a .pio/build/uno_r4_minima/lib06b/libQuickPID.a(QuickPID.cpp.o)
                0x000000000000aef4                QuickPID::SetMode(QuickPID::Control)
 .text._ZN8QuickPID5GetKpEv
                0x000000000000af1e        0x6 .pio/build/uno_r4_minima/lib06b/libQuickPID.a(QuickPID.cpp.o)
                0x000000000000af1e                QuickPID::GetKp()
 .text._ZN8QuickPID5GetKiEv
                0x000000000000af24        0x6 .pio/build/uno_r4_minima/lib06b/libQuickPID.a(QuickPID.cpp.o)
                0x000000000000af24                QuickPID::GetKi()
 .text._ZN8QuickPID5GetKdEv
                0x000000000000af2a        0x6 .pio/build/uno_r4_minima/lib06b/libQuickPID.a(QuickPID.cpp.o)
                0x000000000000af2a                QuickPID::GetKd()
 .text.PINCOUNT_fn
                0x000000000000af30        0x4 .pio/build/uno_r4_minima/libFrameworkArduinoVariant.a(variant.cpp.o)
                0x000000000000af30                PINCOUNT_fn
 .text.initVariant
                0x000000000000af34       0x98 .pio/build/uno_r4_minima/libFrameworkArduinoVariant.a(variant.cpp.o)
                0x000000000000af34                initVariant
 .text.R_FSP_SystemClockHzGet
                0x000000000000afcc       0x24 .pio/build/uno_r4_minima/libFrameworkArduino.a(FspTimer.cpp.o)
 .text._ZN8FspTimerC2Ev
                0x000000000000aff0       0x12 .pio/build/uno_r4_minima/libFrameworkArduino.a(FspTimer.cpp.o)
                0x000000000000aff0                FspTimer::FspTimer()
                0x000000000000aff0                FspTimer::FspTimer()
 *fill*         0x000000000000b002        0x2 ff
 .text._ZN8FspTimer5beginE12e_timer_modehhmm18e_timer_source_divPFvP22st_timer_callback_argsEPv
                0x000000000000b004      0x13c .pio/build/uno_r4_minima/libFrameworkArduino.a(FspTimer.cpp.o)
                0x000000000000b004                FspTimer::begin(e_timer_mode, unsigned char, unsigned char, unsigned long, unsigned long, e_timer_source_div, void (*)(st_timer_callback_args*), void*)
 .text._ZN8FspTimer17set_period_countsEhfm
                0x000000000000b140      0x1fc .pio/build/uno_r4_minima/libFrameworkArduino.a(FspTimer.cpp.o)
                0x000000000000b140                FspTimer::set_period_counts(unsigned char, float, unsigned long)
 .text._ZN8FspTimer5beginE12e_timer_modehhffPFvP22st_timer_callback_argsEPv
                0x000000000000b33c       0xc0 .pio/build/uno_r4_minima/libFrameworkArduino.a(FspTimer.cpp.o)
                0x000000000000b33c                FspTimer::begin(e_timer_mode, unsigned char, unsigned char, float, float, void (*)(st_timer_callback_args*), void*)
 .text._ZN8FspTimer18enable_pwm_channelE17TimerPWMChannel_t
                0x000000000000b3fc       0x36 .pio/build/uno_r4_minima/libFrameworkArduino.a(FspTimer.cpp.o)
                0x000000000000b3fc                FspTimer::enable_pwm_channel(TimerPWMChannel_t)
 .text._ZN8FspTimer14get_period_rawEv
                0x000000000000b432       0x2c .pio/build/uno_r4_minima/libFrameworkArduino.a(FspTimer.cpp.o)
                0x000000000000b432                FspTimer::get_period_raw()
 .text._ZN8FspTimer20add_pwm_extended_cfgEv
                0x000000000000b45e       0x2c .pio/build/uno_r4_minima/libFrameworkArduino.a(FspTimer.cpp.o)
                0x000000000000b45e                FspTimer::add_pwm_extended_cfg()
 .text._ZN8FspTimer4openEv
                0x000000000000b48a       0x52 .pio/build/uno_r4_minima/libFrameworkArduino.a(FspTimer.cpp.o)
                0x000000000000b48a                FspTimer::open()
 .text._ZN8FspTimer5startEv
                0x000000000000b4dc       0x2e .pio/build/uno_r4_minima/libFrameworkArduino.a(FspTimer.cpp.o)
                0x000000000000b4dc                FspTimer::start()
 *fill*         0x000000000000b50a        0x2 ff
 .text._ZN8FspTimer9begin_pwmEhh17TimerPWMChannel_t
                0x000000000000b50c       0x60 .pio/build/uno_r4_minima/libFrameworkArduino.a(FspTimer.cpp.o)
                0x000000000000b50c                FspTimer::begin_pwm(unsigned char, unsigned char, TimerPWMChannel_t)
 .text._ZN8FspTimer14set_duty_cycleEm17TimerPWMChannel_t
                0x000000000000b56c       0x3c .pio/build/uno_r4_minima/libFrameworkArduino.a(FspTimer.cpp.o)
                0x000000000000b56c                FspTimer::set_duty_cycle(unsigned long, TimerPWMChannel_t)
 .text._ZN8FspTimer5closeEv
                0x000000000000b5a8       0x2e .pio/build/uno_r4_minima/libFrameworkArduino.a(FspTimer.cpp.o)
                0x000000000000b5a8                FspTimer::close()
 *fill*         0x000000000000b5d6        0x2 ff
 .text._ZN8FspTimer3endEv
                0x000000000000b5d8       0x48 .pio/build/uno_r4_minima/libFrameworkArduino.a(FspTimer.cpp.o)
                0x000000000000b5d8                FspTimer::end()
 .text._ZN8FspTimerD2Ev
                0x000000000000b620        0xc .pio/build/uno_r4_minima/libFrameworkArduino.a(FspTimer.cpp.o)
                0x000000000000b620                FspTimer::~FspTimer()
                0x000000000000b620                FspTimer::~FspTimer()
 .text._ZN8FspTimer15get_cfg_for_irqEv
                0x000000000000b62c       0x14 .pio/build/uno_r4_minima/libFrameworkArduino.a(FspTimer.cpp.o)
                0x000000000000b62c                FspTimer::get_cfg_for_irq()
 .text._ZN8FspTimer9is_openedEv
                0x000000000000b640       0x18 .pio/build/uno_r4_minima/libFrameworkArduino.a(FspTimer.cpp.o)
                0x000000000000b640                FspTimer::is_opened()
 .text._ZN8FspTimer18setup_overflow_irqEhPFvvE
                0x000000000000b658       0x4e .pio/build/uno_r4_minima/libFrameworkArduino.a(FspTimer.cpp.o)
                0x000000000000b658                FspTimer::setup_overflow_irq(unsigned char, void (*)())
 *fill*         0x000000000000b6a6        0x2 ff
 .text.R_BSP_IrqCfg
                0x000000000000b6a8       0x1c .pio/build/uno_r4_minima/libFrameworkArduino.a(IRQManager.cpp.o)
 .text.R_BSP_IrqEnable
                0x000000000000b6c4       0x34 .pio/build/uno_r4_minima/libFrameworkArduino.a(IRQManager.cpp.o)
 .text.R_BSP_IrqDisable
                0x000000000000b6f8       0x24 .pio/build/uno_r4_minima/libFrameworkArduino.a(IRQManager.cpp.o)
 .text.__tcf_0  0x000000000000b71c        0x2 .pio/build/uno_r4_minima/libFrameworkArduino.a(IRQManager.cpp.o)
 *fill*         0x000000000000b71e        0x2 ff
 .text.__NVIC_SetPriority.constprop.0
                0x000000000000b720       0x24 .pio/build/uno_r4_minima/libFrameworkArduino.a(IRQManager.cpp.o)
 .text._ZN10IRQManager11getInstanceEv
                0x000000000000b744       0x38 .pio/build/uno_r4_minima/libFrameworkArduino.a(IRQManager.cpp.o)
                0x000000000000b744                IRQManager::getInstance()
 .text._ZN10IRQManager18set_ext_link_eventEii
                0x000000000000b77c       0xc8 .pio/build/uno_r4_minima/libFrameworkArduino.a(IRQManager.cpp.o)
                0x000000000000b77c                IRQManager::set_ext_link_event(int, int)
 .text._ZN10IRQManager23set_gpt_over_link_eventEii
                0x000000000000b844       0x70 .pio/build/uno_r4_minima/libFrameworkArduino.a(IRQManager.cpp.o)
                0x000000000000b844                IRQManager::set_gpt_over_link_event(int, int)
 .text._ZN10IRQManager18set_agt_link_eventEii
                0x000000000000b8b4       0x28 .pio/build/uno_r4_minima/libFrameworkArduino.a(IRQManager.cpp.o)
                0x000000000000b8b4                IRQManager::set_agt_link_event(int, int)
 .text._ZN10IRQManager16addTimerOverflowER5timerPFvvE
                0x000000000000b8dc       0x7c .pio/build/uno_r4_minima/libFrameworkArduino.a(IRQManager.cpp.o)
                0x000000000000b8dc                IRQManager::addTimerOverflow(timer&, void (*)())
 .text._ZN10IRQManager21set_iic_tx_link_eventEii
                0x000000000000b958       0x20 .pio/build/uno_r4_minima/libFrameworkArduino.a(IRQManager.cpp.o)
                0x000000000000b958                IRQManager::set_iic_tx_link_event(int, int)
 .text._ZN10IRQManager21set_iic_rx_link_eventEii
                0x000000000000b978       0x20 .pio/build/uno_r4_minima/libFrameworkArduino.a(IRQManager.cpp.o)
                0x000000000000b978                IRQManager::set_iic_rx_link_event(int, int)
 .text._ZN10IRQManager22set_iic_tei_link_eventEii
                0x000000000000b998       0x20 .pio/build/uno_r4_minima/libFrameworkArduino.a(IRQManager.cpp.o)
                0x000000000000b998                IRQManager::set_iic_tei_link_event(int, int)
 .text._ZN10IRQManager22set_iic_eri_link_eventEii
                0x000000000000b9b8       0x20 .pio/build/uno_r4_minima/libFrameworkArduino.a(IRQManager.cpp.o)
                0x000000000000b9b8                IRQManager::set_iic_eri_link_event(int, int)
 .text._ZN10IRQManager21set_sci_tx_link_eventEii
                0x000000000000b9d8       0x38 .pio/build/uno_r4_minima/libFrameworkArduino.a(IRQManager.cpp.o)
                0x000000000000b9d8                IRQManager::set_sci_tx_link_event(int, int)
 .text._ZN10IRQManager21set_sci_rx_link_eventEii
                0x000000000000ba10       0x38 .pio/build/uno_r4_minima/libFrameworkArduino.a(IRQManager.cpp.o)
                0x000000000000ba10                IRQManager::set_sci_rx_link_event(int, int)
 .text._ZN10IRQManager22set_sci_tei_link_eventEii
                0x000000000000ba48       0x38 .pio/build/uno_r4_minima/libFrameworkArduino.a(IRQManager.cpp.o)
                0x000000000000ba48                IRQManager::set_sci_tei_link_event(int, int)
 .text._ZN10IRQManager22set_sci_eri_link_eventEii
                0x000000000000ba80       0x38 .pio/build/uno_r4_minima/libFrameworkArduino.a(IRQManager.cpp.o)
                0x000000000000ba80                IRQManager::set_sci_eri_link_event(int, int)
 .text._ZN10IRQManager21set_spi_tx_link_eventEii
                0x000000000000bab8       0x20 .pio/build/uno_r4_minima/libFrameworkArduino.a(IRQManager.cpp.o)
                0x000000000000bab8                IRQManager::set_spi_tx_link_event(int, int)
 .text._ZN10IRQManager21set_spi_rx_link_eventEii
                0x000000000000bad8       0x20 .pio/build/uno_r4_minima/libFrameworkArduino.a(IRQManager.cpp.o)
                0x000000000000bad8                IRQManager::set_spi_rx_link_event(int, int)
 .text._ZN10IRQManager22set_spi_tei_link_eventEii
                0x000000000000baf8       0x20 .pio/build/uno_r4_minima/libFrameworkArduino.a(IRQManager.cpp.o)
                0x000000000000baf8                IRQManager::set_spi_tei_link_event(int, int)
 .text._ZN10IRQManager22set_spi_eri_link_eventEii
                0x000000000000bb18       0x20 .pio/build/uno_r4_minima/libFrameworkArduino.a(IRQManager.cpp.o)
                0x000000000000bb18                IRQManager::set_spi_eri_link_event(int, int)
 .text._ZN10IRQManager13addPeripheralE12Peripheral_tPv
                0x000000000000bb38      0x7a8 .pio/build/uno_r4_minima/libFrameworkArduino.a(IRQManager.cpp.o)
                0x000000000000bb38                IRQManager::addPeripheral(Peripheral_t, void*)
 .text._ZL13readAllGroupAP13ADC_Container
                0x000000000000c2e0       0x30 .pio/build/uno_r4_minima/libFrameworkArduino.a(analog.cpp.o)
 .text._ZL11ADC_irq_cbkP20st_adc_callback_args
                0x000000000000c310       0x58 .pio/build/uno_r4_minima/libFrameworkArduino.a(analog.cpp.o)
 .text._ZL10adcConvertP13ADC_Containert
                0x000000000000c368       0xa0 .pio/build/uno_r4_minima/libFrameworkArduino.a(analog.cpp.o)
 .text._ZL21get_ADC_container_ptrlRt.constprop.0
                0x000000000000c408       0x38 .pio/build/uno_r4_minima/libFrameworkArduino.a(analog.cpp.o)
 .text._ZN13ADC_ContainerC2EhPFvP20st_adc_callback_argsEPv
                0x000000000000c440       0x40 .pio/build/uno_r4_minima/libFrameworkArduino.a(analog.cpp.o)
                0x000000000000c440                ADC_Container::ADC_Container(unsigned char, void (*)(st_adc_callback_args*), void*)
                0x000000000000c440                ADC_Container::ADC_Container(unsigned char, void (*)(st_adc_callback_args*), void*)
 .text._ZN13ADC_ContainerD2Ev
                0x000000000000c480       0x12 .pio/build/uno_r4_minima/libFrameworkArduino.a(analog.cpp.o)
                0x000000000000c480                ADC_Container::~ADC_Container()
                0x000000000000c480                ADC_Container::~ADC_Container()
 *fill*         0x000000000000c492        0x2 ff
 .text.analogRead
                0x000000000000c494       0x40 .pio/build/uno_r4_minima/libFrameworkArduino.a(analog.cpp.o)
                0x000000000000c494                analogRead
 .text.analogReference
                0x000000000000c4d4       0x5c .pio/build/uno_r4_minima/libFrameworkArduino.a(analog.cpp.o)
                0x000000000000c4d4                analogReference
 .text._Z15analogReferencev
                0x000000000000c530      0x104 .pio/build/uno_r4_minima/libFrameworkArduino.a(analog.cpp.o)
                0x000000000000c530                analogReference()
 .text._Z21analogWriteResolutionv
                0x000000000000c634        0xc .pio/build/uno_r4_minima/libFrameworkArduino.a(analog.cpp.o)
                0x000000000000c634                analogWriteResolution()
 .text.analogWrite
                0x000000000000c640      0x120 .pio/build/uno_r4_minima/libFrameworkArduino.a(analog.cpp.o)
                0x000000000000c640                analogWrite
 .text._Z23__get_timer_for_channeli
                0x000000000000c760       0x2c .pio/build/uno_r4_minima/libFrameworkArduino.a(analog.cpp.o)
                0x000000000000c760                __get_timer_for_channel(int)
 .text.startup._GLOBAL__sub_I__ZN13ADC_ContainerC2EhPFvP20st_adc_callback_argsEPv
                0x000000000000c78c       0x48 .pio/build/uno_r4_minima/libFrameworkArduino.a(analog.cpp.o)
 .text.exit._GLOBAL__sub_D__ZN13ADC_ContainerC2EhPFvP20st_adc_callback_argsEPv
                0x000000000000c7d4       0x1c .pio/build/uno_r4_minima/libFrameworkArduino.a(analog.cpp.o)
 .text._Z3maplllll
                0x000000000000c7f0       0x14 .pio/build/uno_r4_minima/libFrameworkArduino.a(Common.cpp.o)
                0x000000000000c7f0                map(long, long, long, long, long)
 .text._ZN7arduino5Print5writeEPKc.part.0
                0x000000000000c804       0x20 .pio/build/uno_r4_minima/libFrameworkArduino.a(Print.cpp.o)
 .text._ZN7arduino5Print5writeEPKc
                0x000000000000c824        0xa .pio/build/uno_r4_minima/libFrameworkArduino.a(Print.cpp.o)
                0x000000000000c824                arduino::Print::write(char const*)
 .text._ZN7arduino5Print5printEPKc
                0x000000000000c82e        0x8 .pio/build/uno_r4_minima/libFrameworkArduino.a(Print.cpp.o)
                0x000000000000c82e                arduino::Print::print(char const*)
 .text._ZN7arduino5Print5printEc
                0x000000000000c836        0x8 .pio/build/uno_r4_minima/libFrameworkArduino.a(Print.cpp.o)
                0x000000000000c836                arduino::Print::print(char)
 *fill*         0x000000000000c83e        0x2 ff
 .text._ZN7arduino5Print7printlnEv
                0x000000000000c840        0xc .pio/build/uno_r4_minima/libFrameworkArduino.a(Print.cpp.o)
                0x000000000000c840                arduino::Print::println()
 .text._ZN7arduino5Print7printlnEPKNS_19__FlashStringHelperE
                0x000000000000c84c       0x14 .pio/build/uno_r4_minima/libFrameworkArduino.a(Print.cpp.o)
                0x000000000000c84c                arduino::Print::println(arduino::__FlashStringHelper const*)
 .text._ZN7arduino5Print7printlnEPKc
                0x000000000000c860        0x4 .pio/build/uno_r4_minima/libFrameworkArduino.a(Print.cpp.o)
                0x000000000000c860                arduino::Print::println(char const*)
 .text._ZN7arduino5Print11printNumberEmh
                0x000000000000c864       0x3e .pio/build/uno_r4_minima/libFrameworkArduino.a(Print.cpp.o)
                0x000000000000c864                arduino::Print::printNumber(unsigned long, unsigned char)
 .text._ZN7arduino5Print5printEli
                0x000000000000c8a2       0x44 .pio/build/uno_r4_minima/libFrameworkArduino.a(Print.cpp.o)
                0x000000000000c8a2                arduino::Print::print(long, int)
 .text._ZN7arduino5Print5printEii
                0x000000000000c8e6        0x4 .pio/build/uno_r4_minima/libFrameworkArduino.a(Print.cpp.o)
                0x000000000000c8e6                arduino::Print::print(int, int)
 .text._ZN7arduino5Print5printEmi
                0x000000000000c8ea       0x1a .pio/build/uno_r4_minima/libFrameworkArduino.a(Print.cpp.o)
                0x000000000000c8ea                arduino::Print::print(unsigned long, int)
 .text._ZN7arduino5Print7printlnEhi
                0x000000000000c904       0x14 .pio/build/uno_r4_minima/libFrameworkArduino.a(Print.cpp.o)
                0x000000000000c904                arduino::Print::println(unsigned char, int)
 .text._ZN7arduino5Print10printFloatEdi
                0x000000000000c918      0x178 .pio/build/uno_r4_minima/libFrameworkArduino.a(Print.cpp.o)
                0x000000000000c918                arduino::Print::printFloat(double, int)
 .text._ZN7arduino5Print5printEdi
                0x000000000000ca90        0x4 .pio/build/uno_r4_minima/libFrameworkArduino.a(Print.cpp.o)
                0x000000000000ca90                arduino::Print::print(double, int)
 .text._ZN7arduino5Print7printlnEdi
                0x000000000000ca94       0x14 .pio/build/uno_r4_minima/libFrameworkArduino.a(Print.cpp.o)
                0x000000000000ca94                arduino::Print::println(double, int)
 .text._ZN4CDacC2Eh
                0x000000000000caa8       0x68 .pio/build/uno_r4_minima/libFrameworkArduino.a(dac.cpp.o)
                0x000000000000caa8                CDac::CDac(unsigned char)
                0x000000000000caa8                CDac::CDac(unsigned char)
 .text._ZN4CDac11analogWriteEi
                0x000000000000cb10       0x88 .pio/build/uno_r4_minima/libFrameworkArduino.a(dac.cpp.o)
                0x000000000000cb10                CDac::analogWrite(int)
 .text.startup._GLOBAL__sub_I__ZN4CDacC2Eh
                0x000000000000cb98        0xc .pio/build/uno_r4_minima/libFrameworkArduino.a(dac.cpp.o)
 .text.pinMode  0x000000000000cba4       0x30 .pio/build/uno_r4_minima/libFrameworkArduino.a(digital.cpp.o)
                0x000000000000cba4                pinMode
 .text.digitalWrite
                0x000000000000cbd4       0x18 .pio/build/uno_r4_minima/libFrameworkArduino.a(digital.cpp.o)
                0x000000000000cbd4                digitalWrite
 .text.digitalRead
                0x000000000000cbec       0x28 .pio/build/uno_r4_minima/libFrameworkArduino.a(digital.cpp.o)
                0x000000000000cbec                digitalRead
 .text.R_BSP_PinAccessEnable
                0x000000000000cc14       0x2c .pio/build/uno_r4_minima/libFrameworkArduino.a(main.cpp.o)
 .text.atexit   0x000000000000cc40        0x4 .pio/build/uno_r4_minima/libFrameworkArduino.a(main.cpp.o)
                0x000000000000cc40                atexit
 .text._Z12arduino_mainv
                0x000000000000cc44       0x80 .pio/build/uno_r4_minima/libFrameworkArduino.a(main.cpp.o)
                0x000000000000cc44                arduino_main()
 .text.hal_entry
                0x000000000000ccc4        0x6 .pio/build/uno_r4_minima/libFrameworkArduino.a(main.cpp.o)
                0x000000000000ccc4                hal_entry
 *fill*         0x000000000000ccca        0x2 ff
 .text._Z13pinPeripheral19e_bsp_io_port_pin_tm
                0x000000000000cccc       0x10 .pio/build/uno_r4_minima/libFrameworkArduino.a(pinDefinitions.cpp.o)
                0x000000000000cccc                pinPeripheral(e_bsp_io_port_pin_t, unsigned long)
 .text._ZN6PwmOutC2Ei
                0x000000000000ccdc       0x14 .pio/build/uno_r4_minima/libFrameworkArduino.a(pwm.cpp.o)
                0x000000000000ccdc                PwmOut::PwmOut(int)
                0x000000000000ccdc                PwmOut::PwmOut(int)
 .text._ZN6PwmOutD2Ev
                0x000000000000ccf0        0xe .pio/build/uno_r4_minima/libFrameworkArduino.a(pwm.cpp.o)
                0x000000000000ccf0                PwmOut::~PwmOut()
                0x000000000000ccf0                PwmOut::~PwmOut()
 *fill*         0x000000000000ccfe        0x2 ff
 .text._ZN6PwmOut7cfg_pinEi
                0x000000000000cd00       0x74 .pio/build/uno_r4_minima/libFrameworkArduino.a(pwm.cpp.o)
                0x000000000000cd00                PwmOut::cfg_pin(int)
 .text._ZN6PwmOut5beginEv
                0x000000000000cd74       0x28 .pio/build/uno_r4_minima/libFrameworkArduino.a(pwm.cpp.o)
                0x000000000000cd74                PwmOut::begin()
 .text._ZN6PwmOut14pulseWidth_rawEi
                0x000000000000cd9c        0x8 .pio/build/uno_r4_minima/libFrameworkArduino.a(pwm.cpp.o)
                0x000000000000cd9c                PwmOut::pulseWidth_raw(int)
 .text._ZN6PwmOut10pulse_percEf
                0x000000000000cda4       0x40 .pio/build/uno_r4_minima/libFrameworkArduino.a(pwm.cpp.o)
                0x000000000000cda4                PwmOut::pulse_perc(float)
 .text._ZN6PwmOut3endEv
                0x000000000000cde4       0x10 .pio/build/uno_r4_minima/libFrameworkArduino.a(pwm.cpp.o)
                0x000000000000cde4                PwmOut::end()
 .text._ZL21timer_micros_callbackP22st_timer_callback_args
                0x000000000000cdf4       0x10 .pio/build/uno_r4_minima/libFrameworkArduino.a(time.cpp.o)
 .text.delay    0x000000000000ce04        0x8 .pio/build/uno_r4_minima/libFrameworkArduino.a(time.cpp.o)
                0x000000000000ce04                delay
 .text.delayMicroseconds
                0x000000000000ce0c        0x6 .pio/build/uno_r4_minima/libFrameworkArduino.a(time.cpp.o)
                0x000000000000ce0c                delayMicroseconds
 *fill*         0x000000000000ce12        0x2 ff
 .text._Z8startAgtv
                0x000000000000ce14       0x6c .pio/build/uno_r4_minima/libFrameworkArduino.a(time.cpp.o)
                0x000000000000ce14                startAgt()
 .text.millis   0x000000000000ce80        0xc .pio/build/uno_r4_minima/libFrameworkArduino.a(time.cpp.o)
                0x000000000000ce80                millis
 .text.micros   0x000000000000ce8c       0x84 .pio/build/uno_r4_minima/libFrameworkArduino.a(time.cpp.o)
                0x000000000000ce8c                micros
 .text.startup._GLOBAL__sub_I_delayMicroseconds
                0x000000000000cf10        0xc .pio/build/uno_r4_minima/libFrameworkArduino.a(time.cpp.o)
 .text.exit._GLOBAL__sub_D_delayMicroseconds
                0x000000000000cf1c        0xc .pio/build/uno_r4_minima/libFrameworkArduino.a(time.cpp.o)
 .text._ZN10_SerialUSB5beginEmt
                0x000000000000cf28        0x6 .pio/build/uno_r4_minima/libFrameworkArduino.a(SerialUSB.cpp.o)
                0x000000000000cf28                _SerialUSB::begin(unsigned long, unsigned short)
 .text._ZN10_SerialUSB5beginEm
                0x000000000000cf2e        0xa .pio/build/uno_r4_minima/libFrameworkArduino.a(SerialUSB.cpp.o)
                0x000000000000cf2e                _SerialUSB::begin(unsigned long)
 .text._ZN10_SerialUSB3endEv
                0x000000000000cf38        0x2 .pio/build/uno_r4_minima/libFrameworkArduino.a(SerialUSB.cpp.o)
                0x000000000000cf38                _SerialUSB::end()
 .text._ZN10_SerialUSB5writeEh
                0x000000000000cf3a       0x18 .pio/build/uno_r4_minima/libFrameworkArduino.a(SerialUSB.cpp.o)
                0x000000000000cf3a                _SerialUSB::write(unsigned char)
 .text._ZN10_SerialUSB17availableForWriteEv
                0x000000000000cf52        0xc .pio/build/uno_r4_minima/libFrameworkArduino.a(SerialUSB.cpp.o)
                0x000000000000cf52                _SerialUSB::availableForWrite()
 .text._ZN10_SerialUSB5flushEv
                0x000000000000cf5e        0xc .pio/build/uno_r4_minima/libFrameworkArduino.a(SerialUSB.cpp.o)
                0x000000000000cf5e                _SerialUSB::flush()
 *fill*         0x000000000000cf6a        0x2 ff
 .text._ZL16CheckSerialResetv
                0x000000000000cf6c       0x68 .pio/build/uno_r4_minima/libFrameworkArduino.a(SerialUSB.cpp.o)
 .text._ZN10_SerialUSB4peekEv
                0x000000000000cfd4       0x22 .pio/build/uno_r4_minima/libFrameworkArduino.a(SerialUSB.cpp.o)
                0x000000000000cfd4                _SerialUSB::peek()
 .text._ZN10_SerialUSB9availableEv
                0x000000000000cff6        0xc .pio/build/uno_r4_minima/libFrameworkArduino.a(SerialUSB.cpp.o)
                0x000000000000cff6                _SerialUSB::available()
 .text._Z18__USBInstallSerialv
                0x000000000000d002        0x2 .pio/build/uno_r4_minima/libFrameworkArduino.a(SerialUSB.cpp.o)
                0x000000000000d002                __USBInstallSerial()
 .text._ZN10_SerialUSB9connectedEv
                0x000000000000d004       0x10 .pio/build/uno_r4_minima/libFrameworkArduino.a(SerialUSB.cpp.o)
                0x000000000000d004                _SerialUSB::connected()
 .text._ZN10_SerialUSB4readEv