Archive member included to satisfy reference by file (symbol)

.pio/build/uno_r4_minima/libd79/libWire.a(Wire.cpp.o)
                              .pio/build/uno_r4_minima/src/imu.cpp.o (TwoWire::endTransmission())
.pio/build/uno_r4_minima/lib632/libArduino_ICM20948_DMP_Full-Function.a(Arduino-ICM20948.cpp.o)
                              .pio/build/uno_r4_minima/src/imu.cpp.o (ArduinoICM20948::ArduinoICM20948())
.pio/build/uno_r4_minima/lib632/libArduino_ICM20948_DMP_Full-Function.a(Icm20948AuxCompassAkm.c.o)
                              .pio/build/uno_r4_minima/lib632/libArduino_ICM20948_DMP_Full-Function.a(Arduino-ICM20948.cpp.o) (inv_icm20948_register_aux_compass)
.pio/build/uno_r4_minima/lib632/libArduino_ICM20948_DMP_Full-Function.a(Icm20948AuxTransport.c.o)
                              .pio/build/uno_r4_minima/lib632/libArduino_ICM20948_DMP_Full-Function.a(Icm20948AuxCompassAkm.c.o) (inv_icm20948_read_secondary)
.pio/build/uno_r4_minima/lib632/libArduino_ICM20948_DMP_Full-Function.a(Icm20948DataBaseDriver.c.o)
                              .pio/build/uno_r4_minima/lib632/libArduino_ICM20948_DMP_Full-Function.a(Icm20948AuxTransport.c.o) (inv_icm20948_set_secondary_divider)
.pio/build/uno_r4_minima/lib632/libArduino_ICM20948_DMP_Full-Function.a(Icm20948DataConverter.c.o)
                              .pio/build/uno_r4_minima/lib632/libArduino_ICM20948_DMP_Full-Function.a(Icm20948AuxCompassAkm.c.o) (inv_icm20948_convert_mult_q30_fxp)
.pio/build/uno_r4_minima/lib632/libArduino_ICM20948_DMP_Full-Function.a(Icm20948Dmp3Driver.c.o)
                              .pio/build/uno_r4_minima/lib632/libArduino_ICM20948_DMP_Full-Function.a(Icm20948DataBaseDriver.c.o) (inv_icm20948_load_firmware)
.pio/build/uno_r4_minima/lib632/libArduino_ICM20948_DMP_Full-Function.a(Icm20948LoadFirmware.c.o)
                              .pio/build/uno_r4_minima/lib632/libArduino_ICM20948_DMP_Full-Function.a(Icm20948Dmp3Driver.c.o) (inv_icm20948_firmware_load)
.pio/build/uno_r4_minima/lib632/libArduino_ICM20948_DMP_Full-Function.a(Icm20948MPUFifoControl.c.o)
                              .pio/build/uno_r4_minima/lib632/libArduino_ICM20948_DMP_Full-Function.a(Arduino-ICM20948.cpp.o) (inv_icm20948_get_accel_accuracy)
.pio/build/uno_r4_minima/lib632/libArduino_ICM20948_DMP_Full-Function.a(Icm20948SelfTest.c.o)
                              .pio/build/uno_r4_minima/lib632/libArduino_ICM20948_DMP_Full-Function.a(Arduino-ICM20948.cpp.o) (inv_icm20948_set_offset)
.pio/build/uno_r4_minima/lib632/libArduino_ICM20948_DMP_Full-Function.a(Icm20948Setup.c.o)
                              .pio/build/uno_r4_minima/lib632/libArduino_ICM20948_DMP_Full-Function.a(Arduino-ICM20948.cpp.o) (inv_icm20948_get_whoami)
.pio/build/uno_r4_minima/lib632/libArduino_ICM20948_DMP_Full-Function.a(Icm20948Transport.c.o)
                              .pio/build/uno_r4_minima/lib632/libArduino_ICM20948_DMP_Full-Function.a(Icm20948Setup.c.o) (inv_icm20948_read_reg)
.pio/build/uno_r4_minima/lib632/libArduino_ICM20948_DMP_Full-Function.a(Icm20948Augmented.c.o)
                              .pio/build/uno_r4_minima/lib632/libArduino_ICM20948_DMP_Full-Function.a(Icm20948Setup.c.o) (inv_icm20948_augmented_init)
.pio/build/uno_r4_minima/lib632/libArduino_ICM20948_DMP_Full-Function.a(Icm20948DataBaseControl.c.o)
                              .pio/build/uno_r4_minima/lib632/libArduino_ICM20948_DMP_Full-Function.a(Icm20948Setup.c.o) (inv_icm20948_ctrl_androidSensor_enabled)
.pio/build/uno_r4_minima/lib06b/libQuickPID.a(QuickPID.cpp.o)
                              .pio/build/uno_r4_minima/src/brain.cpp.o (QuickPID::Compute())
.pio/build/uno_r4_minima/libFrameworkArduinoVariant.a(common_data.c.o)
                              .pio/build/uno_r4_minima/libd79/libWire.a(Wire.cpp.o) (g_ioport_ctrl)
.pio/build/uno_r4_minima/libFrameworkArduinoVariant.a(pin_data.c.o)
                              .pio/build/uno_r4_minima/libFrameworkArduinoVariant.a(common_data.c.o) (g_bsp_pin_cfg)
.pio/build/uno_r4_minima/libFrameworkArduinoVariant.a(variant.cpp.o)
                              .pio/build/uno_r4_minima/libd79/libWire.a(Wire.cpp.o) (PINCOUNT_fn)
.pio/build/uno_r4_minima/libFrameworkArduino.a(FspTimer.cpp.o)
                              .pio/build/uno_r4_minima/libFrameworkArduinoVariant.a(variant.cpp.o) (FspTimer::gpt_used_channel)
.pio/build/uno_r4_minima/libFrameworkArduino.a(IRQManager.cpp.o)
                              .pio/build/uno_r4_minima/libd79/libWire.a(Wire.cpp.o) (IRQManager::getInstance())
.pio/build/uno_r4_minima/libFrameworkArduino.a(analog.cpp.o)
                              .pio/build/uno_r4_minima/src/joystick.cpp.o (analogRead)
.pio/build/uno_r4_minima/libFrameworkArduino.a(Common.cpp.o)
                              .pio/build/uno_r4_minima/libFrameworkArduino.a(analog.cpp.o) (map(long, long, long, long, long))
.pio/build/uno_r4_minima/libFrameworkArduino.a(Print.cpp.o)
[...]
Memory Configuration

Name             Origin             Length             Attributes
FLASH            0x0000000000004000 0x000000000003c000 xr
RAM              0x0000000020000000 0x0000000000008000 xrw
DATA_FLASH       0x0000000040100000 0x0000000000002000 xr
OPTION_SETTING   0x0000000000000000 0x0000000000000000 r
OPTION_SETTING_S 0x0000000000000000 0x0000000000000000 r
ID_CODE          0x0000000001010018 0x0000000000000020 xr
*default*        0x0000000000000000 0xffffffffffffffff

Linker script and memory map

LOAD .pio/build/uno_r4_minima/src/brain.cpp.o
LOAD .pio/build/uno_r4_minima/src/chute.cpp.o
LOAD .pio/build/uno_r4_minima/src/imu.cpp.o
LOAD .pio/build/uno_r4_minima/src/joystick.cpp.o
LOAD .pio/build/uno_r4_minima/src/limitSwitch.cpp.o
LOAD .pio/build/uno_r4_minima/src/main.cpp.o
LOAD .pio/build/uno_r4_minima/src/motor.cpp.o
LOAD .pio/build/uno_r4_minima/src/new_main.cpp.o
LOAD .pio/build/uno_r4_minima/src/old_main.cpp.o
LOAD .pio/build/uno_r4_minima/src/simple_loop.cpp.o
START GROUP
LOAD .pio/build/uno_r4_minima/libe23/libSPI.a
LOAD .pio/build/uno_r4_minima/libd79/libWire.a
LOAD .pio/build/uno_r4_minima/lib632/libArduino_ICM20948_DMP_Full-Function.a
LOAD .pio/build/uno_r4_minima/lib06b/libQuickPID.a
LOAD .pio/build/uno_r4_minima/libFrameworkArduinoVariant.a
LOAD .pio/build/uno_r4_minima/libFrameworkArduino.a
LOAD /Users/jason/.platformio/packages/framework-arduinorenesas-uno/variants/MINIMA/libs/libfsp.a
LOAD /Users/jason/.platformio/packages/toolchain-gccarmnoneeabi/bin/../lib/gcc/arm-none-eabi/10.3.1/../../../../arm-none-eabi/lib/thumb/v7e-m+fp/hard/libstdc++_nano.a
LOAD /Users/jason/.platformio/packages/toolchain-gccarmnoneeabi/bin/../lib/gcc/arm-none-eabi/10.3.1/../../../../arm-none-eabi/lib/thumb/v7e-m+fp/hard/libsupc++_nano.a
LOAD /Users/jason/.platformio/packages/toolchain-gccarmnoneeabi/bin/../lib/gcc/arm-none-eabi/10.3.1/../../../../arm-none-eabi/lib/thumb/v7e-m+fp/hard/libm.a
LOAD /Users/jason/.platformio/packages/toolchain-gccarmnoneeabi/bin/../lib/gcc/arm-none-eabi/10.3.1/../../../../arm-none-eabi/lib/thumb/v7e-m+fp/hard/libc_nano.a
LOAD /Users/jason/.platformio/packages/toolchain-gccarmnoneeabi/bin/../lib/gcc/arm-none-eabi/10.3.1/thumb/v7e-m+fp/hard/libgcc.a
LOAD /Users/jason/.platformio/packages/toolchain-gccarmnoneeabi/bin/../lib/gcc/arm-none-eabi/10.3.1/../../../../arm-none-eabi/lib/thumb/v7e-m+fp/hard/libnosys.a
END GROUP
                0x0000000020000000                RAM_START = 0x20000000
                0x0000000000008000                RAM_LENGTH = 0x8000
                0x0000000000000000                FLASH_START = 0x0
                0x0000000000040000                FLASH_LENGTH = 0x40000
                0x0000000040100000                DATA_FLASH_START = 0x40100000
                0x0000000000002000                DATA_FLASH_LENGTH = 0x2000
                0x0000000000000000                OPTION_SETTING_START = 0x0
                0x0000000000000000                OPTION_SETTING_LENGTH = 0x0
                0x0000000000000000                OPTION_SETTING_S_START = 0x0
                0x0000000000000000                OPTION_SETTING_S_LENGTH = 0x0
                0x0000000001010018                ID_CODE_START = 0x1010018
                0x0000000000000020                ID_CODE_LENGTH = 0x20
                0x0000000090000000                SDRAM_START = 0x90000000
                0x0000000000000000                SDRAM_LENGTH = 0x0
                0x0000000060000000                QSPI_FLASH_START = 0x60000000
                0x0000000000000000                QSPI_FLASH_LENGTH = 0x0
                0x0000000068000000                OSPI_DEVICE_0_START = 0x68000000
                0x0000000000000000                OSPI_DEVICE_0_LENGTH = 0x0
                0x0000000070000000                OSPI_DEVICE_1_START = 0x70000000
                0x0000000000000000                OSPI_DEVICE_1_LENGTH = 0x0
                0x0000000000004000                FLASH_IMAGE_START = 0x4000
                0x0000000000000100                VECTOR_TABLE_LENGTH = 0x100
                0x0000000000000400                BSP_CFG_STACK_MAIN_BYTES = 0x400
START GROUP
LOAD /Users/jason/.platformio/packages/toolchain-gccarmnoneeabi/bin/../lib/gcc/arm-none-eabi/10.3.1/thumb/v7e-m+fp/hard/libgcc.a
LOAD /Users/jason/.platformio/packages/toolchain-gccarmnoneeabi/bin/../lib/gcc/arm-none-eabi/10.3.1/../../../../arm-none-eabi/lib/thumb/v7e-m+fp/hard/libc.a
LOAD /Users/jason/.platformio/packages/toolchain-gccarmnoneeabi/bin/../lib/gcc/arm-none-eabi/10.3.1/../../../../arm-none-eabi/lib/thumb/v7e-m+fp/hard/libm.a
LOAD /Users/jason/.platformio/packages/toolchain-gccarmnoneeabi/bin/../lib/gcc/arm-none-eabi/10.3.1/../../../../arm-none-eabi/lib/thumb/v7e-m+fp/hard/libnosys.a
END GROUP

.text           0x0000000000004000    0x17e9c
                0x0000000000000000                __tz_FLASH_S = ABSOLUTE (FLASH_START)
                0x0000000000004000                __ROM_Start = .
 *(.sketch_boot)
                0x0000000000004000                . = ALIGN (0x800)
 *(.fixed_vectors*)
 .fixed_vectors
                0x0000000000004000       0x40 /Users/jason/.platformio/packages/framework-arduinorenesas-uno/variants/MINIMA/libs/libfsp.a(startup.o)
                0x0000000000004000                __Vectors
 *(.application_vectors*)
 .application_vectors
                0x0000000000004040       0x80 .pio/build/uno_r4_minima/libFrameworkArduino.a(vector_table.c.o)
                0x0000000000004040                g_vector_table
                0x00000000000040c0                __Vectors_End = .
 *(.text*)
 .text._ZN5Brain10InitializeEv
                0x00000000000040c0       0x54 .pio/build/uno_r4_minima/src/brain.cpp.o
                0x00000000000040c0                Brain::Initialize()
 .text._Z11shouldPrintv
                0x0000000000004114       0x24 .pio/build/uno_r4_minima/src/brain.cpp.o
                0x0000000000004114                shouldPrint()
 .text._Z9printDatab4Modefffffbb
                0x0000000000004138      0x1c0 .pio/build/uno_r4_minima/src/brain.cpp.o
                0x0000000000004138                printData(bool, Mode, float, float, float, float, float, bool, bool)
 .text._Z26getShortestAngleDifferencedd
                0x00000000000042f8       0xac .pio/build/uno_r4_minima/src/brain.cpp.o
                0x00000000000042f8                getShortestAngleDifference(double, double)
 .text._ZN5Brain15checkManualModeEb
                0x00000000000043a4       0x1c .pio/build/uno_r4_minima/src/brain.cpp.o
                0x00000000000043a4                Brain::checkManualMode(bool)
 .text._ZN5Brain13DetermineModeE4ModeR5ChuteR8JoystickR11LimitSwitchS6_
                0x00000000000043c0       0xf8 .pio/build/uno_r4_minima/src/brain.cpp.o
                0x00000000000043c0                Brain::DetermineMode(Mode, Chute&, Joystick&, LimitSwitch&, LimitSwitch&)
 .text._ZN5Brain5ThinkER5ChuteR8JoystickR11LimitSwitchS5_b13PIDParameters
                0x00000000000044b8      0x224 .pio/build/uno_r4_minima/src/brain.cpp.o
                0x00000000000044b8                Brain::Think(Chute&, Joystick&, LimitSwitch&, LimitSwitch&, bool, PIDParameters)
 .text.startup._GLOBAL__sub_I_Kp
                0x00000000000046dc       0x1c .pio/build/uno_r4_minima/src/brain.cpp.o
 .text._ZN5ChuteC2Ev
                0x00000000000046f8       0x2c .pio/build/uno_r4_minima/src/chute.cpp.o
                0x00000000000046f8                Chute::Chute()
                0x00000000000046f8                Chute::Chute()
 .text._ZN5Chute15currentPositionEv
                0x0000000000004724       0x5c .pio/build/uno_r4_minima/src/chute.cpp.o
                0x0000000000004724                Chute::currentPosition()
 .text._ZN5Chute21captureTargetPositionEv
                0x0000000000004780        0xc .pio/build/uno_r4_minima/src/chute.cpp.o
                0x0000000000004780                Chute::captureTargetPosition()
 .text._ZN5Chute10InitializeEv
                0x000000000000478c       0x30 .pio/build/uno_r4_minima/src/chute.cpp.o
                0x000000000000478c                Chute::Initialize()
 .text._Z14UpdateChuteIMUv
                0x00000000000047bc       0x30 .pio/build/uno_r4_minima/src/imu.cpp.o
                0x00000000000047bc                UpdateChuteIMU()
 .text.startup._GLOBAL__sub_I_icmSettings
                0x00000000000047ec        0xc .pio/build/uno_r4_minima/src/imu.cpp.o
 .text._Z8i2c_scanv
                0x00000000000047f8       0x88 .pio/build/uno_r4_minima/src/imu.cpp.o
                0x00000000000047f8                i2c_scan()
 .text._Z18InitializeChuteIMUv
                0x0000000000004880       0x98 .pio/build/uno_r4_minima/src/imu.cpp.o
                0x0000000000004880                InitializeChuteIMU()
 .text._ZN8JoystickC2Ev
                0x0000000000004918       0x20 .pio/build/uno_r4_minima/src/joystick.cpp.o
                0x0000000000004918                Joystick::Joystick()
                0x0000000000004918                Joystick::Joystick()
 .text._ZN8Joystick10InitializeEv
                0x0000000000004938       0x18 .pio/build/uno_r4_minima/src/joystick.cpp.o
                0x0000000000004938                Joystick::Initialize()
 .text._ZN8Joystick12currentValueEv
                0x0000000000004950       0x12 .pio/build/uno_r4_minima/src/joystick.cpp.o
                0x0000000000004950                Joystick::currentValue()
 .text._ZN8Joystick8isActiveEv
                0x0000000000004962       0x2e .pio/build/uno_r4_minima/src/joystick.cpp.o
                0x0000000000004962                Joystick::isActive()
 .text._ZN8Joystick15isButtonPressedEv
                0x0000000000004990       0x10 .pio/build/uno_r4_minima/src/joystick.cpp.o
                0x0000000000004990                Joystick::isButtonPressed()
 .text._ZN8Joystick12isPushedLeftEv
                0x00000000000049a0       0x26 .pio/build/uno_r4_minima/src/joystick.cpp.o
                0x00000000000049a0                Joystick::isPushedLeft()
 *fill*         0x00000000000049c6        0x2 ff
 .text._ZN8Joystick5valueEv
                0x00000000000049c8       0xa8 .pio/build/uno_r4_minima/src/joystick.cpp.o
                0x00000000000049c8                Joystick::value()
 .text._ZN8Joystick13isPushedRightEv
                0x0000000000004a70       0x26 .pio/build/uno_r4_minima/src/joystick.cpp.o
                0x0000000000004a70                Joystick::isPushedRight()
 .text._ZN11LimitSwitchC2Ei
                0x0000000000004a96        0x4 .pio/build/uno_r4_minima/src/limitSwitch.cpp.o
                0x0000000000004a96                LimitSwitch::LimitSwitch(int)
                0x0000000000004a96                LimitSwitch::LimitSwitch(int)
 .text._ZN11LimitSwitch10InitializeEv
                0x0000000000004a9a        0x8 .pio/build/uno_r4_minima/src/limitSwitch.cpp.o
                0x0000000000004a9a                LimitSwitch::Initialize()
 .text._ZN11LimitSwitch5isHitEv
                0x0000000000004aa2       0x10 .pio/build/uno_r4_minima/src/limitSwitch.cpp.o
                0x0000000000004aa2                LimitSwitch::isHit()
 *fill*         0x0000000000004ab2        0x2 ff
 .text.loop     0x0000000000004ab4       0x70 .pio/build/uno_r4_minima/src/main.cpp.o
                0x0000000000004ab4                loop
 .text.startup._GLOBAL__sub_I_ccwLimit
                0x0000000000004b24       0x50 .pio/build/uno_r4_minima/src/main.cpp.o
 .text.setup    0x0000000000004b74       0x94 .pio/build/uno_r4_minima/src/main.cpp.o
                0x0000000000004b74                setup
 .text._ZN5Motor10InitializeEv
                0x0000000000004c08       0x18 .pio/build/uno_r4_minima/src/motor.cpp.o
                0x0000000000004c08                Motor::Initialize()
 .text._ZN5Motor12setDirectionE9Direction
                0x0000000000004c20        0xc .pio/build/uno_r4_minima/src/motor.cpp.o
                0x0000000000004c20                Motor::setDirection(Direction)
 .text._ZN5Motor13SetMotorSpeedEf
                0x0000000000004c2c       0x70 .pio/build/uno_r4_minima/src/motor.cpp.o
                0x0000000000004c2c                Motor::SetMotorSpeed(float)
 .text._ZN7arduino5Print17availableForWriteEv
                0x0000000000004c9c        0x4 .pio/build/uno_r4_minima/libd79/libWire.a(Wire.cpp.o)
                0x0000000000004c9c                arduino::Print::availableForWrite()
 .text._ZN7TwoWire21WireSCIMasterCallbackEP27st_i2c_master_callback_args
                0x0000000000004ca0       0x38 .pio/build/uno_r4_minima/libd79/libWire.a(Wire.cpp.o)
                0x0000000000004ca0                TwoWire::WireSCIMasterCallback(st_i2c_master_callback_args*)
 .text._ZN7TwoWire18WireMasterCallbackEP27st_i2c_master_callback_args
                0x0000000000004cd8       0x38 .pio/build/uno_r4_minima/libd79/libWire.a(Wire.cpp.o)
                0x0000000000004cd8                TwoWire::WireMasterCallback(st_i2c_master_callback_args*)
 .text._ZN7TwoWire3endEv
                0x0000000000004d10       0x28 .pio/build/uno_r4_minima/libd79/libWire.a(Wire.cpp.o)
                0x0000000000004d10                TwoWire::end()
 .text._ZN7TwoWire15endTransmissionEv
                0x0000000000004d38        0x8 .pio/build/uno_r4_minima/libd79/libWire.a(Wire.cpp.o)
                0x0000000000004d38                TwoWire::endTransmission()
 .text._ZN7TwoWire11requestFromEhj
                0x0000000000004d40       0x10 .pio/build/uno_r4_minima/libd79/libWire.a(Wire.cpp.o)
                0x0000000000004d40                TwoWire::requestFrom(unsigned char, unsigned int)
 .text._ZN7TwoWire5writeEh
                0x0000000000004d50       0x54 .pio/build/uno_r4_minima/libd79/libWire.a(Wire.cpp.o)
                0x0000000000004d50                TwoWire::write(unsigned char)
 .text._ZN7TwoWire9onReceiveEPFviE
                0x0000000000004da4        0x6 .pio/build/uno_r4_minima/libd79/libWire.a(Wire.cpp.o)
                0x0000000000004da4                TwoWire::onReceive(void (*)(int))
 .text._ZN7TwoWire9onRequestEPFvvE
                0x0000000000004daa        0x6 .pio/build/uno_r4_minima/libd79/libWire.a(Wire.cpp.o)
                0x0000000000004daa                TwoWire::onRequest(void (*)())
 .text._ZN7TwoWire9availableEv
                0x0000000000004db0        0xc .pio/build/uno_r4_minima/libd79/libWire.a(Wire.cpp.o)
                0x0000000000004db0                TwoWire::available()
 .text._ZN7TwoWire4readEv
                0x0000000000004dbc       0x22 .pio/build/uno_r4_minima/libd79/libWire.a(Wire.cpp.o)
                0x0000000000004dbc                TwoWire::read()
 .text._ZN7TwoWire4peekEv
                0x0000000000004dde       0x18 .pio/build/uno_r4_minima/libd79/libWire.a(Wire.cpp.o)
                0x0000000000004dde                TwoWire::peek()
 .text._ZN7TwoWire5flushEv
                0x0000000000004df6       0x12 .pio/build/uno_r4_minima/libd79/libWire.a(Wire.cpp.o)
                0x0000000000004df6                TwoWire::flush()
 .text._ZN7TwoWire5writeEPKhj
                0x0000000000004e08       0x36 .pio/build/uno_r4_minima/libd79/libWire.a(Wire.cpp.o)
                0x0000000000004e08                TwoWire::write(unsigned char const*, unsigned int)
 *fill*         0x0000000000004e3e        0x2 ff
 .text._ZN7TwoWire8setClockEm
                0x0000000000004e40       0xdc .pio/build/uno_r4_minima/libd79/libWire.a(Wire.cpp.o)
                0x0000000000004e40                TwoWire::setClock(unsigned long)
 .text._ZN7TwoWire10slave_readEm
                0x0000000000004f1c       0x28 .pio/build/uno_r4_minima/libd79/libWire.a(Wire.cpp.o)
                0x0000000000004f1c                TwoWire::slave_read(unsigned long)
 .text._ZN7TwoWire17WireSlaveCallbackEP26st_i2c_slave_callback_args
                0x0000000000004f44      0x104 .pio/build/uno_r4_minima/libd79/libWire.a(Wire.cpp.o)
                0x0000000000004f44                TwoWire::WireSlaveCallback(st_i2c_slave_callback_args*)
 .text._ZN7TwoWireC2Eii17WireAddressMode_tb
                0x0000000000005048       0x70 .pio/build/uno_r4_minima/libd79/libWire.a(Wire.cpp.o)
                0x0000000000005048                TwoWire::TwoWire(int, int, WireAddressMode_t, bool)
                0x0000000000005048                TwoWire::TwoWire(int, int, WireAddressMode_t, bool)
 .text._ZN7TwoWire8cfg_pinsEi
                0x00000000000050b8      0x100 .pio/build/uno_r4_minima/libd79/libWire.a(Wire.cpp.o)
                0x00000000000050b8                TwoWire::cfg_pins(int)
 .text._ZN7TwoWire5beginEv
                0x00000000000051b8      0x24c .pio/build/uno_r4_minima/libd79/libWire.a(Wire.cpp.o)
                0x00000000000051b8                TwoWire::begin()
 .text._ZN7TwoWire5beginEt
                0x0000000000005404        0xe .pio/build/uno_r4_minima/libd79/libWire.a(Wire.cpp.o)
                0x0000000000005404                TwoWire::begin(unsigned short)
 .text._ZN7TwoWire5beginEh
                0x0000000000005412        0xc .pio/build/uno_r4_minima/libd79/libWire.a(Wire.cpp.o)
                0x0000000000005412                TwoWire::begin(unsigned char)
 .text._ZN7TwoWire9read_fromEhPhhjb
                0x000000000000541e       0x72 .pio/build/uno_r4_minima/libd79/libWire.a(Wire.cpp.o)
                0x000000000000541e                TwoWire::read_from(unsigned char, unsigned char*, unsigned char, unsigned int, bool)
 .text._ZN7TwoWire8write_toEhPhhjb
                0x0000000000005490       0x94 .pio/build/uno_r4_minima/libd79/libWire.a(Wire.cpp.o)
                0x0000000000005490                TwoWire::write_to(unsigned char, unsigned char*, unsigned char, unsigned int, bool)
 .text._ZN7TwoWire15endTransmissionEb
                0x0000000000005524       0x24 .pio/build/uno_r4_minima/libd79/libWire.a(Wire.cpp.o)
                0x0000000000005524                TwoWire::endTransmission(bool)
 .text._ZN7TwoWire17beginTransmissionEm
                0x0000000000005548       0x14 .pio/build/uno_r4_minima/libd79/libWire.a(Wire.cpp.o)
                0x0000000000005548                TwoWire::beginTransmission(unsigned long)
 .text._ZN7TwoWire17beginTransmissionEh
                0x000000000000555c        0x4 .pio/build/uno_r4_minima/libd79/libWire.a(Wire.cpp.o)
                0x000000000000555c                TwoWire::beginTransmission(unsigned char)
 .text._ZN7TwoWire11requestFromEhjmhh
                0x0000000000005560       0x7e .pio/build/uno_r4_minima/libd79/libWire.a(Wire.cpp.o)
                0x0000000000005560                TwoWire::requestFrom(unsigned char, unsigned int, unsigned long, unsigned char, unsigned char)
 .text._ZN7TwoWire11requestFromEhjb
                0x00000000000055de       0x12 .pio/build/uno_r4_minima/libd79/libWire.a(Wire.cpp.o)
                0x00000000000055de                TwoWire::requestFrom(unsigned char, unsigned int, bool)
 .text.startup._GLOBAL__sub_I__ZN7TwoWire10g_SCIWiresE
                0x00000000000055f0       0x1c .pio/build/uno_r4_minima/libd79/libWire.a(Wire.cpp.o)
 .text._Z23build_sensor_event_dataPv19inv_icm20948_sensoryPKvS2_
                0x000000000000560c      0x248 .pio/build/uno_r4_minima/lib632/libArduino_ICM20948_DMP_Full-Function.a(Arduino-ICM20948.cpp.o)
                0x000000000000560c                build_sensor_event_data(void*, inv_icm20948_sensor, unsigned long long, void const*, void const*)
 .text._Z9load_dmp3v
                0x0000000000005854       0x14 .pio/build/uno_r4_minima/lib632/libArduino_ICM20948_DMP_Full-Function.a(Arduino-ICM20948.cpp.o)
                0x0000000000005854                load_dmp3()
 .text.inv_icm20948_sleep_us
                0x0000000000005868        0x4 .pio/build/uno_r4_minima/lib632/libArduino_ICM20948_DMP_Full-Function.a(Arduino-ICM20948.cpp.o)
                0x0000000000005868                inv_icm20948_sleep_us
 .text.inv_icm20948_get_time_us
                0x000000000000586c        0xa .pio/build/uno_r4_minima/lib632/libArduino_ICM20948_DMP_Full-Function.a(Arduino-ICM20948.cpp.o)
                0x000000000000586c                inv_icm20948_get_time_us
 *fill*         0x0000000000005876        0x2 ff
 .text._Z21icm20948_sensor_setupv
                0x0000000000005878       0xec .pio/build/uno_r4_minima/lib632/libArduino_ICM20948_DMP_Full-Function.a(Arduino-ICM20948.cpp.o)
                0x0000000000005878                icm20948_sensor_setup()
 .text._ZN15ArduinoICM20948C2Ev
                0x0000000000005964        0x2 .pio/build/uno_r4_minima/lib632/libArduino_ICM20948_DMP_Full-Function.a(Arduino-ICM20948.cpp.o)
                0x0000000000005964                ArduinoICM20948::ArduinoICM20948()
                0x0000000000005964                ArduinoICM20948::ArduinoICM20948()
 *fill*         0x0000000000005966        0x2 ff
 .text._ZN15ArduinoICM209484taskEv
                0x0000000000005968       0x14 .pio/build/uno_r4_minima/lib632/libArduino_ICM20948_DMP_Full-Function.a(Arduino-ICM20948.cpp.o)
                0x0000000000005968                ArduinoICM20948::task()
 .text._ZN15ArduinoICM2094817euler6DataIsReadyEv
                0x000000000000597c        0xc .pio/build/uno_r4_minima/lib632/libArduino_ICM20948_DMP_Full-Function.a(Arduino-ICM20948.cpp.o)
                0x000000000000597c                ArduinoICM20948::euler6DataIsReady()
 .text._ZN15ArduinoICM2094814readEuler6DataEPfS0_S0_
                0x0000000000005988       0xc4 .pio/build/uno_r4_minima/lib632/libArduino_ICM20948_DMP_Full-Function.a(Arduino-ICM20948.cpp.o)
                0x0000000000005988                ArduinoICM20948::readEuler6Data(float*, float*, float*)
 .text._Z24spi_master_read_registerhPhm
                0x0000000000005a4c       0x90 .pio/build/uno_r4_minima/lib632/libArduino_ICM20948_DMP_Full-Function.a(Arduino-ICM20948.cpp.o)
                0x0000000000005a4c                spi_master_read_register(unsigned char, unsigned char*, unsigned long)
 .text._Z25spi_master_write_registerhPKhm
                0x0000000000005adc       0x90 .pio/build/uno_r4_minima/lib632/libArduino_ICM20948_DMP_Full-Function.a(Arduino-ICM20948.cpp.o)
                0x0000000000005adc                spi_master_write_register(unsigned char, unsigned char const*, unsigned long)
 .text._Z25i2c_master_write_registerhhmPKh
                0x0000000000005b6c       0x50 .pio/build/uno_r4_minima/lib632/libArduino_ICM20948_DMP_Full-Function.a(Arduino-ICM20948.cpp.o)
                0x0000000000005b6c                i2c_master_write_register(unsigned char, unsigned char, unsigned long, unsigned char const*)
 .text._Z20idd_io_hal_write_regPvhPKhm
                0x0000000000005bbc       0x30 .pio/build/uno_r4_minima/lib632/libArduino_ICM20948_DMP_Full-Function.a(Arduino-ICM20948.cpp.o)
                0x0000000000005bbc                idd_io_hal_write_reg(void*, unsigned char, unsigned char const*, unsigned long)
 .text._Z24i2c_master_read_registerhhmPh
                0x0000000000005bec       0x7c .pio/build/uno_r4_minima/lib632/libArduino_ICM20948_DMP_Full-Function.a(Arduino-ICM20948.cpp.o)
                0x0000000000005bec                i2c_master_read_register(unsigned char, unsigned char, unsigned long, unsigned char*)
 .text._Z19idd_io_hal_read_regPvhPhm
                0x0000000000005c68       0x30 .pio/build/uno_r4_minima/lib632/libArduino_ICM20948_DMP_Full-Function.a(Arduino-ICM20948.cpp.o)
                0x0000000000005c68                idd_io_hal_read_reg(void*, unsigned char, unsigned char*, unsigned long)
 .text._Z14initiliaze_SPIv
                0x0000000000005c98       0x50 .pio/build/uno_r4_minima/lib632/libArduino_ICM20948_DMP_Full-Function.a(Arduino-ICM20948.cpp.o)
                0x0000000000005c98                initiliaze_SPI()
 .text._Z18set_comm_interface23ArduinoICM20948Settings
                0x0000000000005ce8       0x34 .pio/build/uno_r4_minima/lib632/libArduino_ICM20948_DMP_Full-Function.a(Arduino-ICM20948.cpp.o)
                0x0000000000005ce8                set_comm_interface(ArduinoICM20948Settings)
 .text._ZN15ArduinoICM209484initE23ArduinoICM20948Settings
                0x0000000000005d1c      0x208 .pio/build/uno_r4_minima/lib632/libArduino_ICM20948_DMP_Full-Function.a(Arduino-ICM20948.cpp.o)
                0x0000000000005d1c                ArduinoICM20948::init(ArduinoICM20948Settings)
 .text.inv_icm20948_register_aux_compass
                0x0000000000005f24       0x64 .pio/build/uno_r4_minima/lib632/libArduino_ICM20948_DMP_Full-Function.a(Icm20948AuxCompassAkm.c.o)
                0x0000000000005f24                inv_icm20948_register_aux_compass
 .text.inv_icm20948_suspend_akm
                0x0000000000005f88       0x30 .pio/build/uno_r4_minima/lib632/libArduino_ICM20948_DMP_Full-Function.a(Icm20948AuxCompassAkm.c.o)
                0x0000000000005f88                inv_icm20948_suspend_akm
 .text.inv_icm20948_setup_compass_akm
                0x0000000000005fb8       0x90 .pio/build/uno_r4_minima/lib632/libArduino_ICM20948_DMP_Full-Function.a(Icm20948AuxCompassAkm.c.o)
                0x0000000000005fb8                inv_icm20948_setup_compass_akm
 .text.inv_icm20948_resume_akm
                0x0000000000006048       0x54 .pio/build/uno_r4_minima/lib632/libArduino_ICM20948_DMP_Full-Function.a(Icm20948AuxCompassAkm.c.o)
                0x0000000000006048                inv_icm20948_resume_akm
 .text.inv_icm20948_compass_dmp_cal
                0x000000000000609c      0x158 .pio/build/uno_r4_minima/lib632/libArduino_ICM20948_DMP_Full-Function.a(Icm20948AuxCompassAkm.c.o)
                0x000000000000609c                inv_icm20948_compass_dmp_cal
 .text.inv_icm20948_apply_raw_compass_matrix
                0x00000000000061f4       0x42 .pio/build/uno_r4_minima/lib632/libArduino_ICM20948_DMP_Full-Function.a(Icm20948AuxCompassAkm.c.o)
                0x00000000000061f4                inv_icm20948_apply_raw_compass_matrix
 .text.inv_icm20948_read_secondary
                0x0000000000006236       0x54 .pio/build/uno_r4_minima/lib632/libArduino_ICM20948_DMP_Full-Function.a(Icm20948AuxTransport.c.o)
                0x0000000000006236                inv_icm20948_read_secondary
 .text.inv_icm20948_write_secondary
                0x000000000000628a       0x64 .pio/build/uno_r4_minima/lib632/libArduino_ICM20948_DMP_Full-Function.a(Icm20948AuxTransport.c.o)
                0x000000000000628a                inv_icm20948_write_secondary
 .text.inv_icm20948_secondary_stop_channel
                0x00000000000062ee        0xc .pio/build/uno_r4_minima/lib632/libArduino_ICM20948_DMP_Full-Function.a(Icm20948AuxTransport.c.o)
                0x00000000000062ee                inv_icm20948_secondary_stop_channel
 *fill*         0x00000000000062fa        0x2 ff
 .text.inv_icm20948_init_secondary
                0x00000000000062fc       0x58 .pio/build/uno_r4_minima/lib632/libArduino_ICM20948_DMP_Full-Function.a(Icm20948AuxTransport.c.o)
                0x00000000000062fc                inv_icm20948_init_secondary
 .text.inv_icm20948_secondary_enable_i2c
                0x0000000000006354        0xe .pio/build/uno_r4_minima/lib632/libArduino_ICM20948_DMP_Full-Function.a(Icm20948AuxTransport.c.o)
                0x0000000000006354                inv_icm20948_secondary_enable_i2c
 .text.inv_icm20948_secondary_disable_i2c
                0x0000000000006362        0xe .pio/build/uno_r4_minima/lib632/libArduino_ICM20948_DMP_Full-Function.a(Icm20948AuxTransport.c.o)
                0x0000000000006362                inv_icm20948_secondary_disable_i2c
 .text.inv_icm20948_execute_read_secondary
                0x0000000000006370       0x48 .pio/build/uno_r4_minima/lib632/libArduino_ICM20948_DMP_Full-Function.a(Icm20948AuxTransport.c.o)
                0x0000000000006370                inv_icm20948_execute_read_secondary
 .text.inv_icm20948_execute_write_secondary
                0x00000000000063b8       0x3a .pio/build/uno_r4_minima/lib632/libArduino_ICM20948_DMP_Full-Function.a(Icm20948AuxTransport.c.o)
                0x00000000000063b8                inv_icm20948_execute_write_secondary
 .text.inv_icm20948_secondary_set_odr
                0x00000000000063f2       0x28 .pio/build/uno_r4_minima/lib632/libArduino_ICM20948_DMP_Full-Function.a(Icm20948AuxTransport.c.o)
                0x00000000000063f2                inv_icm20948_secondary_set_odr
 .text.inv_icm20948_prevent_lpen_control
                0x000000000000641a        0x8 .pio/build/uno_r4_minima/lib632/libArduino_ICM20948_DMP_Full-Function.a(Icm20948DataBaseDriver.c.o)
                0x000000000000641a                inv_icm20948_prevent_lpen_control
 .text.inv_icm20948_set_chip_power_state
                0x0000000000006422       0xae .pio/build/uno_r4_minima/lib632/libArduino_ICM20948_DMP_Full-Function.a(Icm20948DataBaseDriver.c.o)
                0x0000000000006422                inv_icm20948_set_chip_power_state
 .text.inv_icm20948_allow_lpen_control
                0x00000000000064d0        0xc .pio/build/uno_r4_minima/lib632/libArduino_ICM20948_DMP_Full-Function.a(Icm20948DataBaseDriver.c.o)
                0x00000000000064d0                inv_icm20948_allow_lpen_control
 .text.inv_icm20948_get_chip_power_state
                0x00000000000064dc        0x4 .pio/build/uno_r4_minima/lib632/libArduino_ICM20948_DMP_Full-Function.a(Icm20948DataBaseDriver.c.o)
                0x00000000000064dc                inv_icm20948_get_chip_power_state
 .text.inv_icm20948_wakeup_mems
                0x00000000000064e0       0x68 .pio/build/uno_r4_minima/lib632/libArduino_ICM20948_DMP_Full-Function.a(Icm20948DataBaseDriver.c.o)
                0x00000000000064e0                inv_icm20948_wakeup_mems
 .text.inv_icm20948_sleep_mems
                0x0000000000006548       0x28 .pio/build/uno_r4_minima/lib632/libArduino_ICM20948_DMP_Full-Function.a(Icm20948DataBaseDriver.c.o)
                0x0000000000006548                inv_icm20948_sleep_mems
 .text.inv_icm20948_set_dmp_address
                0x0000000000006570       0x32 .pio/build/uno_r4_minima/lib632/libArduino_ICM20948_DMP_Full-Function.a(Icm20948DataBaseDriver.c.o)
                0x0000000000006570                inv_icm20948_set_dmp_address
 *fill*         0x00000000000065a2        0x2 ff
 .text.inv_icm20948_set_secondary
                0x00000000000065a4       0x34 .pio/build/uno_r4_minima/lib632/libArduino_ICM20948_DMP_Full-Function.a(Icm20948DataBaseDriver.c.o)
                0x00000000000065a4                inv_icm20948_set_secondary
 .text.inv_icm20948_enter_duty_cycle_mode
                0x00000000000065d8       0x1c .pio/build/uno_r4_minima/lib632/libArduino_ICM20948_DMP_Full-Function.a(Icm20948DataBaseDriver.c.o)
                0x00000000000065d8                inv_icm20948_enter_duty_cycle_mode
 .text.inv_icm20948_enter_low_noise_mode
                0x00000000000065f4       0x1e .pio/build/uno_r4_minima/lib632/libArduino_ICM20948_DMP_Full-Function.a(Icm20948DataBaseDriver.c.o)
                0x00000000000065f4                inv_icm20948_enter_low_noise_mode
 .text.inv_icm20948_get_compass_availability
                0x0000000000006612        0x6 .pio/build/uno_r4_minima/lib632/libArduino_ICM20948_DMP_Full-Function.a(Icm20948DataBaseDriver.c.o)
                0x0000000000006612                inv_icm20948_get_compass_availability
 .text.inv_icm20948_set_slave_compass_id
                0x0000000000006618       0x42 .pio/build/uno_r4_minima/lib632/libArduino_ICM20948_DMP_Full-Function.a(Icm20948DataBaseDriver.c.o)
                0x0000000000006618                inv_icm20948_set_slave_compass_id
 .text.inv_icm20948_set_gyro_divider
                0x000000000000665a       0x1c .pio/build/uno_r4_minima/lib632/libArduino_ICM20948_DMP_Full-Function.a(Icm20948DataBaseDriver.c.o)
                0x000000000000665a                inv_icm20948_set_gyro_divider
 .text.inv_icm20948_get_gyro_divider
                0x0000000000006676        0x4 .pio/build/uno_r4_minima/lib632/libArduino_ICM20948_DMP_Full-Function.a(Icm20948DataBaseDriver.c.o)
                0x0000000000006676                inv_icm20948_get_gyro_divider
 .text.inv_icm20948_set_secondary_divider
                0x000000000000667a       0x10 .pio/build/uno_r4_minima/lib632/libArduino_ICM20948_DMP_Full-Function.a(Icm20948DataBaseDriver.c.o)
                0x000000000000667a                inv_icm20948_set_secondary_divider
 .text.inv_icm20948_set_accel_divider
                0x000000000000668a       0x20 .pio/build/uno_r4_minima/lib632/libArduino_ICM20948_DMP_Full-Function.a(Icm20948DataBaseDriver.c.o)
                0x000000000000668a                inv_icm20948_set_accel_divider
 *fill*         0x00000000000066aa        0x2 ff
 .text.inv_icm20948_initialize_lower_driver
                0x00000000000066ac      0x1a0 .pio/build/uno_r4_minima/lib632/libArduino_ICM20948_DMP_Full-Function.a(Icm20948DataBaseDriver.c.o)
                0x00000000000066ac                inv_icm20948_initialize_lower_driver
 .text.inv_icm20948_set_gyro_sf
                0x000000000000684c       0x94 .pio/build/uno_r4_minima/lib632/libArduino_ICM20948_DMP_Full-Function.a(Icm20948DataBaseDriver.c.o)
                0x000000000000684c                inv_icm20948_set_gyro_sf
 .text.inv_icm20948_get_gyro_fullscale
                0x00000000000068e0        0x6 .pio/build/uno_r4_minima/lib632/libArduino_ICM20948_DMP_Full-Function.a(Icm20948DataBaseDriver.c.o)
                0x00000000000068e0                inv_icm20948_get_gyro_fullscale
 .text.inv_icm20948_set_icm20948_gyro_fullscale
                0x00000000000068e6       0xb6 .pio/build/uno_r4_minima/lib632/libArduino_ICM20948_DMP_Full-Function.a(Icm20948DataBaseDriver.c.o)
                0x00000000000068e6                inv_icm20948_set_icm20948_gyro_fullscale
 .text.inv_icm20948_set_gyro_fullscale
                0x000000000000699c       0x2c .pio/build/uno_r4_minima/lib632/libArduino_ICM20948_DMP_Full-Function.a(Icm20948DataBaseDriver.c.o)
                0x000000000000699c                inv_icm20948_set_gyro_fullscale
 .text.inv_icm20948_get_accel_fullscale
                0x00000000000069c8        0x6 .pio/build/uno_r4_minima/lib632/libArduino_ICM20948_DMP_Full-Function.a(Icm20948DataBaseDriver.c.o)
                0x00000000000069c8                inv_icm20948_get_accel_fullscale
 *fill*         0x00000000000069ce        0x2 ff
 .text.inv_icm20948_set_icm20948_accel_fullscale
                0x00000000000069d0       0x98 .pio/build/uno_r4_minima/lib632/libArduino_ICM20948_DMP_Full-Function.a(Icm20948DataBaseDriver.c.o)
                0x00000000000069d0                inv_icm20948_set_icm20948_accel_fullscale
 .text.inv_icm20948_set_accel_fullscale
                0x0000000000006a68       0x30 .pio/build/uno_r4_minima/lib632/libArduino_ICM20948_DMP_Full-Function.a(Icm20948DataBaseDriver.c.o)
                0x0000000000006a68                inv_icm20948_set_accel_fullscale
 .text.inv_icm20948_enable_hw_sensors
                0x0000000000006a98       0x5c .pio/build/uno_r4_minima/lib632/libArduino_ICM20948_DMP_Full-Function.a(Icm20948DataBaseDriver.c.o)
                0x0000000000006a98                inv_icm20948_enable_hw_sensors
 .text.invn_convert_quat_mult_fxp
                0x0000000000006af4      0x104 .pio/build/uno_r4_minima/lib632/libArduino_ICM20948_DMP_Full-Function.a(Icm20948DataConverter.c.o)
 .text.invn_convert_inverse_q15_fxp.part.0
                0x0000000000006bf8       0xf8 .pio/build/uno_r4_minima/lib632/libArduino_ICM20948_DMP_Full-Function.a(Icm20948DataConverter.c.o)
 .text.inv_icm20948_q_mult_q_qi
                0x0000000000006cf0      0x106 .pio/build/uno_r4_minima/lib632/libArduino_ICM20948_DMP_Full-Function.a(Icm20948DataConverter.c.o)
                0x0000000000006cf0                inv_icm20948_q_mult_q_qi
 .text.inv_icm20948_convert_quat_rotate_fxp
                0x0000000000006df6       0x4c .pio/build/uno_r4_minima/lib632/libArduino_ICM20948_DMP_Full-Function.a(Icm20948DataConverter.c.o)
                0x0000000000006df6                inv_icm20948_convert_quat_rotate_fxp
 .text.inv_icm20948_set_chip_to_body
                0x0000000000006e42        0x8 .pio/build/uno_r4_minima/lib632/libArduino_ICM20948_DMP_Full-Function.a(Icm20948DataConverter.c.o)
                0x0000000000006e42                inv_icm20948_set_chip_to_body
 .text.inv_icm20948_convert_dmp3_to_body
                0x0000000000006e4a       0x4e .pio/build/uno_r4_minima/lib632/libArduino_ICM20948_DMP_Full-Function.a(Icm20948DataConverter.c.o)
                0x0000000000006e4a                inv_icm20948_convert_dmp3_to_body
 .text.inv_icm20948_convert_mult_q30_fxp
                0x0000000000006e98        0xc .pio/build/uno_r4_minima/lib632/libArduino_ICM20948_DMP_Full-Function.a(Icm20948DataConverter.c.o)
                0x0000000000006e98                inv_icm20948_convert_mult_q30_fxp
 .text.inv_icm20948_convert_get_highest_bit_position
                0x0000000000006ea4       0x64 .pio/build/uno_r4_minima/lib632/libArduino_ICM20948_DMP_Full-Function.a(Icm20948DataConverter.c.o)
                0x0000000000006ea4                inv_icm20948_convert_get_highest_bit_position
 .text.inv_icm20948_convert_test_limits_and_scale_fxp
                0x0000000000006f08       0x84 .pio/build/uno_r4_minima/lib632/libArduino_ICM20948_DMP_Full-Function.a(Icm20948DataConverter.c.o)
                0x0000000000006f08                inv_icm20948_convert_test_limits_and_scale_fxp
 .text.inv_icm20948_convert_fast_sqrt_fxp
                0x0000000000006f8c       0xd0 .pio/build/uno_r4_minima/lib632/libArduino_ICM20948_DMP_Full-Function.a(Icm20948DataConverter.c.o)
                0x0000000000006f8c                inv_icm20948_convert_fast_sqrt_fxp
 .text.inv_icm20948_convert_compute_scalar_part_fxp
                0x000000000000705c       0x48 .pio/build/uno_r4_minima/lib632/libArduino_ICM20948_DMP_Full-Function.a(Icm20948DataConverter.c.o)
                0x000000000000705c                inv_icm20948_convert_compute_scalar_part_fxp
 .text.inv_icm20948_convert_rotation_vector
                0x00000000000070a4       0xb0 .pio/build/uno_r4_minima/lib632/libArduino_ICM20948_DMP_Full-Function.a(Icm20948DataConverter.c.o)
                0x00000000000070a4                inv_icm20948_convert_rotation_vector
 .text.inv_icm20948_convert_matrix_to_quat_flt
                0x0000000000007154      0x220 .pio/build/uno_r4_minima/lib632/libArduino_ICM20948_DMP_Full-Function.a(Icm20948DataConverter.c.o)
                0x0000000000007154                inv_icm20948_convert_matrix_to_quat_flt
 .text.inv_icm20948_set_chip_to_body_axis_quaternion
                0x0000000000007374       0xec .pio/build/uno_r4_minima/lib632/libArduino_ICM20948_DMP_Full-Function.a(Icm20948DataConverter.c.o)
                0x0000000000007374                inv_icm20948_set_chip_to_body_axis_quaternion
 .text.inv_icm20948_convert_mult_qfix_fxp
                0x0000000000007460       0x24 .pio/build/uno_r4_minima/lib632/libArduino_ICM20948_DMP_Full-Function.a(Icm20948DataConverter.c.o)
                0x0000000000007460                inv_icm20948_convert_mult_qfix_fxp
 .text.inv_icm20948_convert_quat_to_col_major_matrix_fxp
                0x0000000000007484      0x124 .pio/build/uno_r4_minima/lib632/libArduino_ICM20948_DMP_Full-Function.a(Icm20948DataConverter.c.o)
                0x0000000000007484                inv_icm20948_convert_quat_to_col_major_matrix_fxp
 .text.inv_icm20948_math_atan2_q15_fxp
                0x00000000000075a8       0xc0 .pio/build/uno_r4_minima/lib632/libArduino_ICM20948_DMP_Full-Function.a(Icm20948DataConverter.c.o)
                0x00000000000075a8                inv_icm20948_math_atan2_q15_fxp
 .text.inv_icm20948_convert_int16_to_big8
                0x0000000000007668        0xa .pio/build/uno_r4_minima/lib632/libArduino_ICM20948_DMP_Full-Function.a(Icm20948DataConverter.c.o)
                0x0000000000007668                inv_icm20948_convert_int16_to_big8
 .text.inv_icm20948_convert_int32_to_big8
                0x0000000000007672       0x12 .pio/build/uno_r4_minima/lib632/libArduino_ICM20948_DMP_Full-Function.a(Icm20948DataConverter.c.o)
                0x0000000000007672                inv_icm20948_convert_int32_to_big8
 .text.inv_icm20948_convert_big8_to_int32
                0x0000000000007684        0x6 .pio/build/uno_r4_minima/lib632/libArduino_ICM20948_DMP_Full-Function.a(Icm20948DataConverter.c.o)
                0x0000000000007684                inv_icm20948_convert_big8_to_int32
 .text.inv_icm20948_load_firmware
                0x000000000000768a        0x8 .pio/build/uno_r4_minima/lib632/libArduino_ICM20948_DMP_Full-Function.a(Icm20948Dmp3Driver.c.o)
                0x000000000000768a                inv_icm20948_load_firmware
 .text.inv_icm20948_get_dmp_start_address
                0x0000000000007692        0x8 .pio/build/uno_r4_minima/lib632/libArduino_ICM20948_DMP_Full-Function.a(Icm20948Dmp3Driver.c.o)
                0x0000000000007692                inv_icm20948_get_dmp_start_address
 .text.dmp_icm20948_set_data_output_control1
                0x000000000000769a       0x1c .pio/build/uno_r4_minima/lib632/libArduino_ICM20948_DMP_Full-Function.a(Icm20948Dmp3Driver.c.o)
                0x000000000000769a                dmp_icm20948_set_data_output_control1
 *fill*         0x00000000000076b6        0x2 ff
 .text.dmp_icm20948_set_data_output_control2
                0x00000000000076b8       0x14 .pio/build/uno_r4_minima/lib632/libArduino_ICM20948_DMP_Full-Function.a(Icm20948Dmp3Driver.c.o)
                0x00000000000076b8                dmp_icm20948_set_data_output_control2
 .text.dmp_icm20948_reset_control_registers
                0x00000000000076cc       0x50 .pio/build/uno_r4_minima/lib632/libArduino_ICM20948_DMP_Full-Function.a(Icm20948Dmp3Driver.c.o)
                0x00000000000076cc                dmp_icm20948_reset_control_registers
 .text.dmp_icm20948_set_data_interrupt_control
                0x000000000000771c       0x24 .pio/build/uno_r4_minima/lib632/libArduino_ICM20948_DMP_Full-Function.a(Icm20948Dmp3Driver.c.o)
                0x000000000000771c                dmp_icm20948_set_data_interrupt_control
 .text.dmp_icm20948_set_FIFO_watermark
                0x0000000000007740       0x26 .pio/build/uno_r4_minima/lib632/libArduino_ICM20948_DMP_Full-Function.a(Icm20948Dmp3Driver.c.o)
                0x0000000000007740                dmp_icm20948_set_FIFO_watermark
 .text.dmp_icm20948_set_data_rdy_status
                0x0000000000007766       0x24 .pio/build/uno_r4_minima/lib632/libArduino_ICM20948_DMP_Full-Function.a(Icm20948Dmp3Driver.c.o)
                0x0000000000007766                dmp_icm20948_set_data_rdy_status
 .text.dmp_icm20948_set_motion_event_control
                0x000000000000778a       0x1c .pio/build/uno_r4_minima/lib632/libArduino_ICM20948_DMP_Full-Function.a(Icm20948Dmp3Driver.c.o)
                0x000000000000778a                dmp_icm20948_set_motion_event_control
 *fill*         0x00000000000077a6        0x2 ff
 .text.dmp_icm20948_set_sensor_rate
                0x00000000000077a8       0x34 .pio/build/uno_r4_minima/lib632/libArduino_ICM20948_DMP_Full-Function.a(Icm20948Dmp3Driver.c.o)
                0x00000000000077a8                dmp_icm20948_set_sensor_rate
 .text.dmp_icm20948_get_bias_cmp
                0x00000000000077dc       0x56 .pio/build/uno_r4_minima/lib632/libArduino_ICM20948_DMP_Full-Function.a(Icm20948Dmp3Driver.c.o)
                0x00000000000077dc                dmp_icm20948_get_bias_cmp
 .text.dmp_icm20948_set_gyro_sf
                0x0000000000007832       0x1e .pio/build/uno_r4_minima/lib632/libArduino_ICM20948_DMP_Full-Function.a(Icm20948Dmp3Driver.c.o)
                0x0000000000007832                dmp_icm20948_set_gyro_sf
 .text.dmp_icm20948_set_accel_feedback_gain
                0x0000000000007850       0x22 .pio/build/uno_r4_minima/lib632/libArduino_ICM20948_DMP_Full-Function.a(Icm20948Dmp3Driver.c.o)
                0x0000000000007850                dmp_icm20948_set_accel_feedback_gain
 .text.dmp_icm20948_set_accel_cal_params
                0x0000000000007872       0x58 .pio/build/uno_r4_minima/lib632/libArduino_ICM20948_DMP_Full-Function.a(Icm20948Dmp3Driver.c.o)
                0x0000000000007872                dmp_icm20948_set_accel_cal_params
 .text.dmp_icm20948_set_compass_matrix
                0x00000000000078ca       0xfc .pio/build/uno_r4_minima/lib632/libArduino_ICM20948_DMP_Full-Function.a(Icm20948Dmp3Driver.c.o)
                0x00000000000078ca                dmp_icm20948_set_compass_matrix
 .text.dmp_icm20948_get_pedometer_num_of_steps
                0x00000000000079c6       0x38 .pio/build/uno_r4_minima/lib632/libArduino_ICM20948_DMP_Full-Function.a(Icm20948Dmp3Driver.c.o)
                0x00000000000079c6                dmp_icm20948_get_pedometer_num_of_steps
 .text.dmp_icm20948_set_gyro_fsr
                0x00000000000079fe       0x5c .pio/build/uno_r4_minima/lib632/libArduino_ICM20948_DMP_Full-Function.a(Icm20948Dmp3Driver.c.o)
                0x00000000000079fe                dmp_icm20948_set_gyro_fsr
 .text.dmp_icm20948_set_accel_fsr
                0x0000000000007a5a       0x54 .pio/build/uno_r4_minima/lib632/libArduino_ICM20948_DMP_Full-Function.a(Icm20948Dmp3Driver.c.o)
                0x0000000000007a5a                dmp_icm20948_set_accel_fsr
 .text.dmp_icm20948_set_accel_scale2
                0x0000000000007aae       0x54 .pio/build/uno_r4_minima/lib632/libArduino_ICM20948_DMP_Full-Function.a(Icm20948Dmp3Driver.c.o)
                0x0000000000007aae                dmp_icm20948_set_accel_scale2
 .text.dmp_icm20948_set_bac_rate
                0x0000000000007b02       0x50 .pio/build/uno_r4_minima/lib632/libArduino_ICM20948_DMP_Full-Function.a(Icm20948Dmp3Driver.c.o)
                0x0000000000007b02                dmp_icm20948_set_bac_rate
 .text.dmp_icm20948_set_b2s_rate
                0x0000000000007b52       0x50 .pio/build/uno_r4_minima/lib632/libArduino_ICM20948_DMP_Full-Function.a(Icm20948Dmp3Driver.c.o)
                0x0000000000007b52                dmp_icm20948_set_b2s_rate
 .text.dmp_icm20948_set_B2S_matrix
                0x0000000000007ba2       0xfc .pio/build/uno_r4_minima/lib632/libArduino_ICM20948_DMP_Full-Function.a(Icm20948Dmp3Driver.c.o)
                0x0000000000007ba2                dmp_icm20948_set_B2S_matrix
 .text.dmp_icm20948_set_ped_y_ratio
                0x0000000000007c9e       0x22 .pio/build/uno_r4_minima/lib632/libArduino_ICM20948_DMP_Full-Function.a(Icm20948Dmp3Driver.c.o)
                0x0000000000007c9e                dmp_icm20948_set_ped_y_ratio
 .text.inv_icm20948_firmware_load
                0x0000000000007cc0       0xae .pio/build/uno_r4_minima/lib632/libArduino_ICM20948_DMP_Full-Function.a(Icm20948LoadFirmware.c.o)
                0x0000000000007cc0                inv_icm20948_firmware_load
 .text.get_packet_size_and_samplecnt
                0x0000000000007d6e      0x10c .pio/build/uno_r4_minima/lib632/libArduino_ICM20948_DMP_Full-Function.a(Icm20948MPUFifoControl.c.o)
 .text.inv_decode_3_32bit_elements
                0x0000000000007e7a       0x14 .pio/build/uno_r4_minima/lib632/libArduino_ICM20948_DMP_Full-Function.a(Icm20948MPUFifoControl.c.o)
 .text.inv_decode_3_16bit_elements
                0x0000000000007e8e       0x14 .pio/build/uno_r4_minima/lib632/libArduino_ICM20948_DMP_Full-Function.a(Icm20948MPUFifoControl.c.o)
 .text.check_fifo_decoded_headers
                0x0000000000007ea2       0x24 .pio/build/uno_r4_minima/lib632/libArduino_ICM20948_DMP_Full-Function.a(Icm20948MPUFifoControl.c.o)
 .text.inv_icm20948_mpu_set_FIFO_RST_Diamond
                0x0000000000007ec6       0x36 .pio/build/uno_r4_minima/lib632/libArduino_ICM20948_DMP_Full-Function.a(Icm20948MPUFifoControl.c.o)
                0x0000000000007ec6                inv_icm20948_mpu_set_FIFO_RST_Diamond
 .text.dmp_reset_fifo.isra.0
                0x0000000000007efc       0x80 .pio/build/uno_r4_minima/lib632/libArduino_ICM20948_DMP_Full-Function.a(Icm20948MPUFifoControl.c.o)
 .text.dmp_get_fifo_all.constprop.0
                0x0000000000007f7c       0x86 .pio/build/uno_r4_minima/lib632/libArduino_ICM20948_DMP_Full-Function.a(Icm20948MPUFifoControl.c.o)
 .text.inv_icm20948_identify_interrupt
                0x0000000000008002       0x42 .pio/build/uno_r4_minima/lib632/libArduino_ICM20948_DMP_Full-Function.a(Icm20948MPUFifoControl.c.o)
                0x0000000000008002                inv_icm20948_identify_interrupt
 .text.inv_icm20948_fifo_swmirror
                0x0000000000008044       0xb4 .pio/build/uno_r4_minima/lib632/libArduino_ICM20948_DMP_Full-Function.a(Icm20948MPUFifoControl.c.o)
                0x0000000000008044                inv_icm20948_fifo_swmirror
 .text.inv_icm20948_inv_decode_one_ivory_fifo_packet
                0x00000000000080f8      0x16c .pio/build/uno_r4_minima/lib632/libArduino_ICM20948_DMP_Full-Function.a(Icm20948MPUFifoControl.c.o)
                0x00000000000080f8                inv_icm20948_inv_decode_one_ivory_fifo_packet
 .text.inv_icm20948_fifo_pop
                0x0000000000008264       0x7c .pio/build/uno_r4_minima/lib632/libArduino_ICM20948_DMP_Full-Function.a(Icm20948MPUFifoControl.c.o)
                0x0000000000008264                inv_icm20948_fifo_pop
 .text.inv_icm20948_dmp_get_accel
                0x00000000000082e0       0x1c .pio/build/uno_r4_minima/lib632/libArduino_ICM20948_DMP_Full-Function.a(Icm20948MPUFifoControl.c.o)
                0x00000000000082e0                inv_icm20948_dmp_get_accel
 .text.inv_icm20948_dmp_get_raw_gyro
                0x00000000000082fc       0x24 .pio/build/uno_r4_minima/lib632/libArduino_ICM20948_DMP_Full-Function.a(Icm20948MPUFifoControl.c.o)
                0x00000000000082fc                inv_icm20948_dmp_get_raw_gyro
 .text.inv_icm20948_dmp_get_gyro_bias
                0x0000000000008320       0x1c .pio/build/uno_r4_minima/lib632/libArduino_ICM20948_DMP_Full-Function.a(Icm20948MPUFifoControl.c.o)
                0x0000000000008320                inv_icm20948_dmp_get_gyro_bias
 .text.inv_icm20948_dmp_get_calibrated_gyro
                0x000000000000833c       0x2a .pio/build/uno_r4_minima/lib632/libArduino_ICM20948_DMP_Full-Function.a(Icm20948MPUFifoControl.c.o)
                0x000000000000833c                inv_icm20948_dmp_get_calibrated_gyro
 *fill*         0x0000000000008366        0x2 ff
 .text.inv_icm20948_dmp_get_6quaternion
                0x0000000000008368       0x1c .pio/build/uno_r4_minima/lib632/libArduino_ICM20948_DMP_Full-Function.a(Icm20948MPUFifoControl.c.o)
                0x0000000000008368                inv_icm20948_dmp_get_6quaternion
 .text.inv_icm20948_dmp_get_9quaternion
                0x0000000000008384       0x1c .pio/build/uno_r4_minima/lib632/libArduino_ICM20948_DMP_Full-Function.a(Icm20948MPUFifoControl.c.o)
                0x0000000000008384                inv_icm20948_dmp_get_9quaternion
 .text.inv_icm20948_dmp_get_gmrvquaternion
                0x00000000000083a0       0x1c .pio/build/uno_r4_minima/lib632/libArduino_ICM20948_DMP_Full-Function.a(Icm20948MPUFifoControl.c.o)
                0x00000000000083a0                inv_icm20948_dmp_get_gmrvquaternion
 .text.inv_icm20948_dmp_get_raw_compass
                0x00000000000083bc       0x1c .pio/build/uno_r4_minima/lib632/libArduino_ICM20948_DMP_Full-Function.a(Icm20948MPUFifoControl.c.o)
                0x00000000000083bc                inv_icm20948_dmp_get_raw_compass
 .text.inv_icm20948_dmp_get_calibrated_compass
                0x00000000000083d8       0x1c .pio/build/uno_r4_minima/lib632/libArduino_ICM20948_DMP_Full-Function.a(Icm20948MPUFifoControl.c.o)
                0x00000000000083d8                inv_icm20948_dmp_get_calibrated_compass
 .text.inv_icm20948_dmp_get_bac_state
                0x00000000000083f4       0x18 .pio/build/uno_r4_minima/lib632/libArduino_ICM20948_DMP_Full-Function.a(Icm20948MPUFifoControl.c.o)
                0x00000000000083f4                inv_icm20948_dmp_get_bac_state
 .text.inv_icm20948_dmp_get_bac_ts
                0x000000000000840c       0x18 .pio/build/uno_r4_minima/lib632/libArduino_ICM20948_DMP_Full-Function.a(Icm20948MPUFifoControl.c.o)
                0x000000000000840c                inv_icm20948_dmp_get_bac_ts
 .text.inv_icm20948_dmp_get_flip_pickup_state
                0x0000000000008424       0x18 .pio/build/uno_r4_minima/lib632/libArduino_ICM20948_DMP_Full-Function.a(Icm20948MPUFifoControl.c.o)
                0x0000000000008424                inv_icm20948_dmp_get_flip_pickup_state
 .text.inv_icm20948_get_accel_accuracy
                0x000000000000843c        0xc .pio/build/uno_r4_minima/lib632/libArduino_ICM20948_DMP_Full-Function.a(Icm20948MPUFifoControl.c.o)
                0x000000000000843c                inv_icm20948_get_accel_accuracy
 .text.inv_icm20948_get_gyro_accuracy
                0x0000000000008448        0xc .pio/build/uno_r4_minima/lib632/libArduino_ICM20948_DMP_Full-Function.a(Icm20948MPUFifoControl.c.o)
                0x0000000000008448                inv_icm20948_get_gyro_accuracy
 .text.inv_icm20948_get_mag_accuracy
                0x0000000000008454        0xc .pio/build/uno_r4_minima/lib632/libArduino_ICM20948_DMP_Full-Function.a(Icm20948MPUFifoControl.c.o)
                0x0000000000008454                inv_icm20948_get_mag_accuracy
 .text.inv_icm20948_get_gmrv_accuracy
                0x0000000000008460        0xc .pio/build/uno_r4_minima/lib632/libArduino_ICM20948_DMP_Full-Function.a(Icm20948MPUFifoControl.c.o)
                0x0000000000008460                inv_icm20948_get_gmrv_accuracy
 .text.inv_icm20948_get_rv_accuracy
                0x000000000000846c        0xc .pio/build/uno_r4_minima/lib632/libArduino_ICM20948_DMP_Full-Function.a(Icm20948MPUFifoControl.c.o)
                0x000000000000846c                inv_icm20948_get_rv_accuracy
 .text.inv_icm20948_set_offset
                0x0000000000008478       0xd0 .pio/build/uno_r4_minima/lib632/libArduino_ICM20948_DMP_Full-Function.a(Icm20948SelfTest.c.o)
                0x0000000000008478                inv_icm20948_set_offset
 .text.inv_icm20948_sensor_android_2_sensor_type
                0x0000000000008548       0x14 .pio/build/uno_r4_minima/lib632/libArduino_ICM20948_DMP_Full-Function.a(Icm20948Setup.c.o)
                0x0000000000008548                inv_icm20948_sensor_android_2_sensor_type
 .text.skip_sensor
                0x000000000000855c       0x1a .pio/build/uno_r4_minima/lib632/libArduino_ICM20948_DMP_Full-Function.a(Icm20948Setup.c.o)
 .text.inv_icm20948_get_whoami
                0x0000000000008576        0xa .pio/build/uno_r4_minima/lib632/libArduino_ICM20948_DMP_Full-Function.a(Icm20948Setup.c.o)
                0x0000000000008576                inv_icm20948_get_whoami
 .text.inv_icm20948_init_matrix
                0x0000000000008580       0x4c .pio/build/uno_r4_minima/lib632/libArduino_ICM20948_DMP_Full-Function.a(Icm20948Setup.c.o)
                0x0000000000008580                inv_icm20948_init_matrix
 .text.inv_icm20948_init_structure
                0x00000000000085cc       0x3c .pio/build/uno_r4_minima/lib632/libArduino_ICM20948_DMP_Full-Function.a(Icm20948Setup.c.o)
                0x00000000000085cc                inv_icm20948_init_structure
 .text.inv_icm20948_initialize
                0x0000000000008608       0x20 .pio/build/uno_r4_minima/lib632/libArduino_ICM20948_DMP_Full-Function.a(Icm20948Setup.c.o)
                0x0000000000008608                inv_icm20948_initialize
 .text.inv_icm20948_set_fsr
                0x0000000000008628       0x64 .pio/build/uno_r4_minima/lib632/libArduino_ICM20948_DMP_Full-Function.a(Icm20948Setup.c.o)
                0x0000000000008628                inv_icm20948_set_fsr
 .text.inv_icm20948_set_lowpower_or_highperformance
                0x000000000000868c       0x10 .pio/build/uno_r4_minima/lib632/libArduino_ICM20948_DMP_Full-Function.a(Icm20948Setup.c.o)
                0x000000000000868c                inv_icm20948_set_lowpower_or_highperformance
 .text.inv_icm20948_set_matrix
                0x000000000000869c       0x60 .pio/build/uno_r4_minima/lib632/libArduino_ICM20948_DMP_Full-Function.a(Icm20948Setup.c.o)
                0x000000000000869c                inv_icm20948_set_matrix
 .text.inv_icm20948_initialize_auxiliary
                0x00000000000086fc       0x14 .pio/build/uno_r4_minima/lib632/libArduino_ICM20948_DMP_Full-Function.a(Icm20948Setup.c.o)
                0x00000000000086fc                inv_icm20948_initialize_auxiliary
 .text.inv_icm20948_soft_reset
                0x0000000000008710       0x1c .pio/build/uno_r4_minima/lib632/libArduino_ICM20948_DMP_Full-Function.a(Icm20948Setup.c.o)
                0x0000000000008710                inv_icm20948_soft_reset
 .text.inv_icm20948_enable_sensor
                0x000000000000872c       0x38 .pio/build/uno_r4_minima/lib632/libArduino_ICM20948_DMP_Full-Function.a(Icm20948Setup.c.o)
                0x000000000000872c                inv_icm20948_enable_sensor
 .text.inv_icm20948_set_sensor_period
                0x0000000000008764       0x54 .pio/build/uno_r4_minima/lib632/libArduino_ICM20948_DMP_Full-Function.a(Icm20948Setup.c.o)
                0x0000000000008764                inv_icm20948_set_sensor_period
 .text.inv_icm20948_load
                0x00000000000087b8        0x6 .pio/build/uno_r4_minima/lib632/libArduino_ICM20948_DMP_Full-Function.a(Icm20948Setup.c.o)
                0x00000000000087b8                inv_icm20948_load
 *fill*         0x00000000000087be        0x2 ff
 .text.inv_icm20948_poll_sensor
                0x00000000000087c0      0xa88 .pio/build/uno_r4_minima/lib632/libArduino_ICM20948_DMP_Full-Function.a(Icm20948Setup.c.o)
                0x00000000000087c0                inv_icm20948_poll_sensor
 .text.inv_icm20948_serif_read_reg
                0x0000000000009248       0x38 .pio/build/uno_r4_minima/lib632/libArduino_ICM20948_DMP_Full-Function.a(Icm20948Transport.c.o)
 .text.inv_icm20948_serif_write_reg
                0x0000000000009280       0x38 .pio/build/uno_r4_minima/lib632/libArduino_ICM20948_DMP_Full-Function.a(Icm20948Transport.c.o)
 .text.check_reg_access_lp_disable
                0x00000000000092b8       0x36 .pio/build/uno_r4_minima/lib632/libArduino_ICM20948_DMP_Full-Function.a(Icm20948Transport.c.o)
 .text.inv_set_bank
                0x00000000000092ee       0x4a .pio/build/uno_r4_minima/lib632/libArduino_ICM20948_DMP_Full-Function.a(Icm20948Transport.c.o)
 .text.inv_icm20948_read_reg
                0x0000000000009338        0x4 .pio/build/uno_r4_minima/lib632/libArduino_ICM20948_DMP_Full-Function.a(Icm20948Transport.c.o)
                0x0000000000009338                inv_icm20948_read_reg
 .text.inv_icm20948_sleep_100us
                0x000000000000933c        0x8 .pio/build/uno_r4_minima/lib632/libArduino_ICM20948_DMP_Full-Function.a(Icm20948Transport.c.o)
                0x000000000000933c                inv_icm20948_sleep_100us
 .text.inv_icm20948_transport_init
                0x0000000000009344        0xe .pio/build/uno_r4_minima/lib632/libArduino_ICM20948_DMP_Full-Function.a(Icm20948Transport.c.o)
                0x0000000000009344                inv_icm20948_transport_init
 .text.inv_icm20948_write_mems_reg
                0x0000000000009352       0x94 .pio/build/uno_r4_minima/lib632/libArduino_ICM20948_DMP_Full-Function.a(Icm20948Transport.c.o)
                0x0000000000009352                inv_icm20948_write_mems_reg
 .text.inv_icm20948_write_single_mems_reg
                0x00000000000093e6       0x78 .pio/build/uno_r4_minima/lib632/libArduino_ICM20948_DMP_Full-Function.a(Icm20948Transport.c.o)
                0x00000000000093e6                inv_icm20948_write_single_mems_reg
 .text.inv_icm20948_read_mems_reg
                0x000000000000945e       0xc4 .pio/build/uno_r4_minima/lib632/libArduino_ICM20948_DMP_Full-Function.a(Icm20948Transport.c.o)
                0x000000000000945e                inv_icm20948_read_mems_reg
 .text.inv_icm20948_read_mems
                0x0000000000009522      0x118 .pio/build/uno_r4_minima/lib632/libArduino_ICM20948_DMP_Full-Function.a(Icm20948Transport.c.o)
                0x0000000000009522                inv_icm20948_read_mems
 .text.inv_icm20948_write_mems
                0x000000000000963a       0xcc .pio/build/uno_r4_minima/lib632/libArduino_ICM20948_DMP_Full-Function.a(Icm20948Transport.c.o)
                0x000000000000963a                inv_icm20948_write_mems
 .text.inv_icm20948_write_single_mems_reg_core
                0x0000000000009706       0x2a .pio/build/uno_r4_minima/lib632/libArduino_ICM20948_DMP_Full-Function.a(Icm20948Transport.c.o)
                0x0000000000009706                inv_icm20948_write_single_mems_reg_core
 .text.inv_icm20948_augmented_init
                0x0000000000009730       0x24 .pio/build/uno_r4_minima/lib632/libArduino_ICM20948_DMP_Full-Function.a(Icm20948Augmented.c.o)
                0x0000000000009730                inv_icm20948_augmented_init
 .text.inv_icm20948_augmented_sensors_get_gravity
                0x0000000000009754       0x8e .pio/build/uno_r4_minima/lib632/libArduino_ICM20948_DMP_Full-Function.a(Icm20948Augmented.c.o)
                0x0000000000009754                inv_icm20948_augmented_sensors_get_gravity
 .text.inv_icm20948_augmented_sensors_get_linearacceleration
                0x00000000000097e2       0x2a .pio/build/uno_r4_minima/lib632/libArduino_ICM20948_DMP_Full-Function.a(Icm20948Augmented.c.o)
                0x00000000000097e2                inv_icm20948_augmented_sensors_get_linearacceleration
 .text.inv_icm20948_augmented_sensors_get_orientation
                0x000000000000980c       0xa0 .pio/build/uno_r4_minima/lib632/libArduino_ICM20948_DMP_Full-Function.a(Icm20948Augmented.c.o)
                0x000000000000980c                inv_icm20948_augmented_sensors_get_orientation
 .text.inv_icm20948_augmented_sensors_set_odr
                0x00000000000098ac      0x140 .pio/build/uno_r4_minima/lib632/libArduino_ICM20948_DMP_Full-Function.a(Icm20948Augmented.c.o)
                0x00000000000098ac                inv_icm20948_augmented_sensors_set_odr
 .text.inv_icm20948_augmented_sensors_update_odr
                0x00000000000099ec      0x106 .pio/build/uno_r4_minima/lib632/libArduino_ICM20948_DMP_Full-Function.a(Icm20948Augmented.c.o)
                0x00000000000099ec                inv_icm20948_augmented_sensors_update_odr
 .text.inv_reGenerate_sensorControl
                0x0000000000009af2       0x50 .pio/build/uno_r4_minima/lib632/libArduino_ICM20948_DMP_Full-Function.a(Icm20948DataBaseControl.c.o)
 *fill*         0x0000000000009b42        0x2 ff
 .text.sensor_needs_compass
                0x0000000000009b44       0x28 .pio/build/uno_r4_minima/lib632/libArduino_ICM20948_DMP_Full-Function.a(Icm20948DataBaseControl.c.o)
 .text.get_multiple_56_rate
                0x0000000000009b6c       0x2c .pio/build/uno_r4_minima/lib632/libArduino_ICM20948_DMP_Full-Function.a(Icm20948DataBaseControl.c.o)
 .text.DividerRateSet
                0x0000000000009b98       0x3a .pio/build/uno_r4_minima/lib632/libArduino_ICM20948_DMP_Full-Function.a(Icm20948DataBaseControl.c.o)
 .text.inv_icm20948_ctrl_androidSensor_enabled
                0x0000000000009bd2       0x16 .pio/build/uno_r4_minima/lib632/libArduino_ICM20948_DMP_Full-Function.a(Icm20948DataBaseControl.c.o)
                0x0000000000009bd2                inv_icm20948_ctrl_androidSensor_enabled
 .text.MinDelayGenActual
                0x0000000000009be8       0x34 .pio/build/uno_r4_minima/lib632/libArduino_ICM20948_DMP_Full-Function.a(Icm20948DataBaseControl.c.o)
 .text.inv_icm20948_base_control_init
                0x0000000000009c1c       0xd0 .pio/build/uno_r4_minima/lib632/libArduino_ICM20948_DMP_Full-Function.a(Icm20948DataBaseControl.c.o)
                0x0000000000009c1c                inv_icm20948_base_control_init
 .text.inv_icm20948_ctrl_enable_activity_classifier
                0x0000000000009cec       0x46 .pio/build/uno_r4_minima/lib632/libArduino_ICM20948_DMP_Full-Function.a(Icm20948DataBaseControl.c.o)
                0x0000000000009cec                inv_icm20948_ctrl_enable_activity_classifier
 .text.inv_icm20948_ctrl_enable_tilt
                0x0000000000009d32       0x40 .pio/build/uno_r4_minima/lib632/libArduino_ICM20948_DMP_Full-Function.a(Icm20948DataBaseControl.c.o)
                0x0000000000009d32                inv_icm20948_ctrl_enable_tilt
 .text.inv_icm20948_ctrl_get_batch_mode_status
                0x0000000000009d72        0x6 .pio/build/uno_r4_minima/lib632/libArduino_ICM20948_DMP_Full-Function.a(Icm20948DataBaseControl.c.o)
                0x0000000000009d72                inv_icm20948_ctrl_get_batch_mode_status
 .text.inv_icm20948_ctrl_get_activitiy_classifier_on_flag
                0x0000000000009d78        0x6 .pio/build/uno_r4_minima/lib632/libArduino_ICM20948_DMP_Full-Function.a(Icm20948DataBaseControl.c.o)
                0x0000000000009d78                inv_icm20948_ctrl_get_activitiy_classifier_on_flag
 *fill*         0x0000000000009d7e        0x2 ff
 .text.inv_icm20948_ctrl_set_accel_quaternion_gain
                0x0000000000009d80       0x1c .pio/build/uno_r4_minima/lib632/libArduino_ICM20948_DMP_Full-Function.a(Icm20948DataBaseControl.c.o)
                0x0000000000009d80                inv_icm20948_ctrl_set_accel_quaternion_gain
 .text.inv_icm20948_ctrl_set_accel_cal_params
                0x0000000000009d9c       0xa4 .pio/build/uno_r4_minima/lib632/libArduino_ICM20948_DMP_Full-Function.a(Icm20948DataBaseControl.c.o)
                0x0000000000009d9c                inv_icm20948_ctrl_set_accel_cal_params
 .text.inv_set_hw_smplrt_dmp_odrs
                0x0000000000009e40      0x508 .pio/build/uno_r4_minima/lib632/libArduino_ICM20948_DMP_Full-Function.a(Icm20948DataBaseControl.c.o)
 .text.inv_icm20948_set_odr
                0x000000000000a348      0x218 .pio/build/uno_r4_minima/lib632/libArduino_ICM20948_DMP_Full-Function.a(Icm20948DataBaseControl.c.o)
                0x000000000000a348                inv_icm20948_set_odr
 .text.inv_icm20948_ctrl_enable_sensor
                0x000000000000a560      0x490 .pio/build/uno_r4_minima/lib632/libArduino_ICM20948_DMP_Full-Function.a(Icm20948DataBaseControl.c.o)
                0x000000000000a560                inv_icm20948_ctrl_enable_sensor
 .text.inv_icm20948_ctrl_get_mag_bias
                0x000000000000a9f0        0x4 .pio/build/uno_r4_minima/lib632/libArduino_ICM20948_DMP_Full-Function.a(Icm20948DataBaseControl.c.o)
                0x000000000000a9f0                inv_icm20948_ctrl_get_mag_bias
 .text._ZN8QuickPID7ComputeEv
                0x000000000000a9f4      0x1b0 .pio/build/uno_r4_minima/lib06b/libQuickPID.a(QuickPID.cpp.o)
                0x000000000000a9f4                QuickPID::Compute()
 .text._ZN8QuickPID10SetTuningsEfffNS_5pModeENS_5dModeENS_7iAwModeE
                0x000000000000aba4       0x70 .pio/build/uno_r4_minima/lib06b/libQuickPID.a(QuickPID.cpp.o)
                0x000000000000aba4                QuickPID::SetTunings(float, float, float, QuickPID::pMode, QuickPID::dMode, QuickPID::iAwMode)
 .text._ZN8QuickPIDC2EPfS0_S0_fffNS_5pModeENS_5dModeENS_7iAwModeENS_6ActionE
                0x000000000000ac14       0x5c .pio/build/uno_r4_minima/lib06b/libQuickPID.a(QuickPID.cpp.o)
                0x000000000000ac14                QuickPID::QuickPID(float*, float*, float*, float, float, float, QuickPID::pMode, QuickPID::dMode, QuickPID::iAwMode, QuickPID::Action)
                0x000000000000ac14                QuickPID::QuickPID(float*, float*, float*, float, float, float, QuickPID::pMode, QuickPID::dMode, QuickPID::iAwMode, QuickPID::Action)
 .text._ZN8QuickPIDC2EPfS0_S0_
                0x000000000000ac70       0x44 .pio/build/uno_r4_minima/lib06b/libQuickPID.a(QuickPID.cpp.o)
                0x000000000000ac70                QuickPID::QuickPID(float*, float*, float*)
                0x000000000000ac70                QuickPID::QuickPID(float*, float*, float*)
 .text._ZN8QuickPID10SetTuningsEfff
                0x000000000000acb4       0x10 .pio/build/uno_r4_minima/lib06b/libQuickPID.a(QuickPID.cpp.o)
                0x000000000000acb4                QuickPID::SetTunings(float, float, float)
 .text._ZN8QuickPID15SetSampleTimeUsEm
                0x000000000000acc4       0x32 .pio/build/uno_r4_minima/lib06b/libQuickPID.a(QuickPID.cpp.o)
                0x000000000000acc4                QuickPID::SetSampleTimeUs(unsigned long)
 .text._ZN8QuickPID15SetOutputLimitsEff
                0x000000000000acf6       0x68 .pio/build/uno_r4_minima/lib06b/libQuickPID.a(QuickPID.cpp.o)
                0x000000000000acf6                QuickPID::SetOutputLimits(float, float)
 .text._ZN8QuickPID10InitializeEv
                0x000000000000ad5e       0x36 .pio/build/uno_r4_minima/lib06b/libQuickPID.a(QuickPID.cpp.o)
                0x000000000000ad5e                QuickPID::Initialize()
 .text._ZN8QuickPID7SetModeENS_7ControlE
                0x000000000000ad94       0x2a .pio/build/uno_r4_minima/lib06b/libQuickPID.a(QuickPID.cpp.o)
                0x000000000000ad94                QuickPID::SetMode(QuickPID::Control)
 .text.PINCOUNT_fn
                0x000000000000adbe        0x4 .pio/build/uno_r4_minima/libFrameworkArduinoVariant.a(variant.cpp.o)
                0x000000000000adbe                PINCOUNT_fn
 *fill*         0x000000000000adc2        0x2 ff
 .text.initVariant
                0x000000000000adc4       0x98 .pio/build/uno_r4_minima/libFrameworkArduinoVariant.a(variant.cpp.o)
                0x000000000000adc4                initVariant
 .text.R_FSP_SystemClockHzGet
                0x000000000000ae5c       0x24 .pio/build/uno_r4_minima/libFrameworkArduino.a(FspTimer.cpp.o)
 .text._ZN8FspTimerC2Ev
                0x000000000000ae80       0x12 .pio/build/uno_r4_minima/libFrameworkArduino.a(FspTimer.cpp.o)
                0x000000000000ae80                FspTimer::FspTimer()
                0x000000000000ae80                FspTimer::FspTimer()
 *fill*         0x000000000000ae92        0x2 ff
 .text._ZN8FspTimer5beginE12e_timer_modehhmm18e_timer_source_divPFvP22st_timer_callback_argsEPv
                0x000000000000ae94      0x13c .pio/build/uno_r4_minima/libFrameworkArduino.a(FspTimer.cpp.o)
                0x000000000000ae94                FspTimer::begin(e_timer_mode, unsigned char, unsigned char, unsigned long, unsigned long, e_timer_source_div, void (*)(st_timer_callback_args*), void*)
 .text._ZN8FspTimer17set_period_countsEhfm
                0x000000000000afd0      0x1fc .pio/build/uno_r4_minima/libFrameworkArduino.a(FspTimer.cpp.o)
                0x000000000000afd0                FspTimer::set_period_counts(unsigned char, float, unsigned long)
 .text._ZN8FspTimer5beginE12e_timer_modehhffPFvP22st_timer_callback_argsEPv
                0x000000000000b1cc       0xc0 .pio/build/uno_r4_minima/libFrameworkArduino.a(FspTimer.cpp.o)
                0x000000000000b1cc                FspTimer::begin(e_timer_mode, unsigned char, unsigned char, float, float, void (*)(st_timer_callback_args*), void*)
 .text._ZN8FspTimer18enable_pwm_channelE17TimerPWMChannel_t
                0x000000000000b28c       0x36 .pio/build/uno_r4_minima/libFrameworkArduino.a(FspTimer.cpp.o)
                0x000000000000b28c                FspTimer::enable_pwm_channel(TimerPWMChannel_t)
 .text._ZN8FspTimer14get_period_rawEv
                0x000000000000b2c2       0x2c .pio/build/uno_r4_minima/libFrameworkArduino.a(FspTimer.cpp.o)
                0x000000000000b2c2                FspTimer::get_period_raw()
 .text._ZN8FspTimer20add_pwm_extended_cfgEv
                0x000000000000b2ee       0x2c .pio/build/uno_r4_minima/libFrameworkArduino.a(FspTimer.cpp.o)
                0x000000000000b2ee                FspTimer::add_pwm_extended_cfg()
 .text._ZN8FspTimer4openEv
                0x000000000000b31a       0x52 .pio/build/uno_r4_minima/libFrameworkArduino.a(FspTimer.cpp.o)
                0x000000000000b31a                FspTimer::open()
 .text._ZN8FspTimer5startEv
                0x000000000000b36c       0x2e .pio/build/uno_r4_minima/libFrameworkArduino.a(FspTimer.cpp.o)
                0x000000000000b36c                FspTimer::start()
 *fill*         0x000000000000b39a        0x2 ff
 .text._ZN8FspTimer9begin_pwmEhh17TimerPWMChannel_t
                0x000000000000b39c       0x60 .pio/build/uno_r4_minima/libFrameworkArduino.a(FspTimer.cpp.o)
                0x000000000000b39c                FspTimer::begin_pwm(unsigned char, unsigned char, TimerPWMChannel_t)
 .text._ZN8FspTimer14set_duty_cycleEm17TimerPWMChannel_t
                0x000000000000b3fc       0x3c .pio/build/uno_r4_minima/libFrameworkArduino.a(FspTimer.cpp.o)
                0x000000000000b3fc                FspTimer::set_duty_cycle(unsigned long, TimerPWMChannel_t)
 .text._ZN8FspTimer5closeEv
                0x000000000000b438       0x2e .pio/build/uno_r4_minima/libFrameworkArduino.a(FspTimer.cpp.o)
                0x000000000000b438                FspTimer::close()
 *fill*         0x000000000000b466        0x2 ff
 .text._ZN8FspTimer3endEv
                0x000000000000b468       0x48 .pio/build/uno_r4_minima/libFrameworkArduino.a(FspTimer.cpp.o)
                0x000000000000b468                FspTimer::end()
 .text._ZN8FspTimerD2Ev
                0x000000000000b4b0        0xc .pio/build/uno_r4_minima/libFrameworkArduino.a(FspTimer.cpp.o)
                0x000000000000b4b0                FspTimer::~FspTimer()
                0x000000000000b4b0                FspTimer::~FspTimer()
 .text._ZN8FspTimer15get_cfg_for_irqEv
                0x000000000000b4bc       0x14 .pio/build/uno_r4_minima/libFrameworkArduino.a(FspTimer.cpp.o)
                0x000000000000b4bc                FspTimer::get_cfg_for_irq()
 .text._ZN8FspTimer9is_openedEv
                0x000000000000b4d0       0x18 .pio/build/uno_r4_minima/libFrameworkArduino.a(FspTimer.cpp.o)
                0x000000000000b4d0                FspTimer::is_opened()
 .text._ZN8FspTimer18setup_overflow_irqEhPFvvE
                0x000000000000b4e8       0x4e .pio/build/uno_r4_minima/libFrameworkArduino.a(FspTimer.cpp.o)
                0x000000000000b4e8                FspTimer::setup_overflow_irq(unsigned char, void (*)())
 *fill*         0x000000000000b536        0x2 ff
 .text.R_BSP_IrqCfg
                0x000000000000b538       0x1c .pio/build/uno_r4_minima/libFrameworkArduino.a(IRQManager.cpp.o)
 .text.R_BSP_IrqEnable
                0x000000000000b554       0x34 .pio/build/uno_r4_minima/libFrameworkArduino.a(IRQManager.cpp.o)
 .text.R_BSP_IrqDisable
                0x000000000000b588       0x24 .pio/build/uno_r4_minima/libFrameworkArduino.a(IRQManager.cpp.o)
 .text.__tcf_0  0x000000000000b5ac        0x2 .pio/build/uno_r4_minima/libFrameworkArduino.a(IRQManager.cpp.o)
 *fill*         0x000000000000b5ae        0x2 ff
 .text.__NVIC_SetPriority.constprop.0
                0x000000000000b5b0       0x24 .pio/build/uno_r4_minima/libFrameworkArduino.a(IRQManager.cpp.o)
 .text._ZN10IRQManager11getInstanceEv
                0x000000000000b5d4       0x38 .pio/build/uno_r4_minima/libFrameworkArduino.a(IRQManager.cpp.o)
                0x000000000000b5d4                IRQManager::getInstance()
 .text._ZN10IRQManager18set_ext_link_eventEii
                0x000000000000b60c       0xc8 .pio/build/uno_r4_minima/libFrameworkArduino.a(IRQManager.cpp.o)
                0x000000000000b60c                IRQManager::set_ext_link_event(int, int)
 .text._ZN10IRQManager23set_gpt_over_link_eventEii
                0x000000000000b6d4       0x70 .pio/build/uno_r4_minima/libFrameworkArduino.a(IRQManager.cpp.o)
                0x000000000000b6d4                IRQManager::set_gpt_over_link_event(int, int)
 .text._ZN10IRQManager18set_agt_link_eventEii
                0x000000000000b744       0x28 .pio/build/uno_r4_minima/libFrameworkArduino.a(IRQManager.cpp.o)
                0x000000000000b744                IRQManager::set_agt_link_event(int, int)
 .text._ZN10IRQManager16addTimerOverflowER5timerPFvvE
                0x000000000000b76c       0x7c .pio/build/uno_r4_minima/libFrameworkArduino.a(IRQManager.cpp.o)
                0x000000000000b76c                IRQManager::addTimerOverflow(timer&, void (*)())
 .text._ZN10IRQManager21set_iic_tx_link_eventEii
                0x000000000000b7e8       0x20 .pio/build/uno_r4_minima/libFrameworkArduino.a(IRQManager.cpp.o)
                0x000000000000b7e8                IRQManager::set_iic_tx_link_event(int, int)
 .text._ZN10IRQManager21set_iic_rx_link_eventEii
                0x000000000000b808       0x20 .pio/build/uno_r4_minima/libFrameworkArduino.a(IRQManager.cpp.o)
                0x000000000000b808                IRQManager::set_iic_rx_link_event(int, int)
 .text._ZN10IRQManager22set_iic_tei_link_eventEii
                0x000000000000b828       0x20 .pio/build/uno_r4_minima/libFrameworkArduino.a(IRQManager.cpp.o)
                0x000000000000b828                IRQManager::set_iic_tei_link_event(int, int)
 .text._ZN10IRQManager22set_iic_eri_link_eventEii
                0x000000000000b848       0x20 .pio/build/uno_r4_minima/libFrameworkArduino.a(IRQManager.cpp.o)
                0x000000000000b848                IRQManager::set_iic_eri_link_event(int, int)
 .text._ZN10IRQManager21set_sci_tx_link_eventEii
                0x000000000000b868       0x38 .pio/build/uno_r4_minima/libFrameworkArduino.a(IRQManager.cpp.o)
                0x000000000000b868                IRQManager::set_sci_tx_link_event(int, int)
 .text._ZN10IRQManager21set_sci_rx_link_eventEii
                0x000000000000b8a0       0x38 .pio/build/uno_r4_minima/libFrameworkArduino.a(IRQManager.cpp.o)
                0x000000000000b8a0                IRQManager::set_sci_rx_link_event(int, int)
 .text._ZN10IRQManager22set_sci_tei_link_eventEii
                0x000000000000b8d8       0x38 .pio/build/uno_r4_minima/libFrameworkArduino.a(IRQManager.cpp.o)
                0x000000000000b8d8                IRQManager::set_sci_tei_link_event(int, int)
 .text._ZN10IRQManager22set_sci_eri_link_eventEii
                0x000000000000b910       0x38 .pio/build/uno_r4_minima/libFrameworkArduino.a(IRQManager.cpp.o)
                0x000000000000b910                IRQManager::set_sci_eri_link_event(int, int)
 .text._ZN10IRQManager21set_spi_tx_link_eventEii
                0x000000000000b948       0x20 .pio/build/uno_r4_minima/libFrameworkArduino.a(IRQManager.cpp.o)
                0x000000000000b948                IRQManager::set_spi_tx_link_event(int, int)
 .text._ZN10IRQManager21set_spi_rx_link_eventEii
                0x000000000000b968       0x20 .pio/build/uno_r4_minima/libFrameworkArduino.a(IRQManager.cpp.o)
                0x000000000000b968                IRQManager::set_spi_rx_link_event(int, int)
 .text._ZN10IRQManager22set_spi_tei_link_eventEii
                0x000000000000b988       0x20 .pio/build/uno_r4_minima/libFrameworkArduino.a(IRQManager.cpp.o)
                0x000000000000b988                IRQManager::set_spi_tei_link_event(int, int)
 .text._ZN10IRQManager22set_spi_eri_link_eventEii
                0x000000000000b9a8       0x20 .pio/build/uno_r4_minima/libFrameworkArduino.a(IRQManager.cpp.o)
                0x000000000000b9a8                IRQManager::set_spi_eri_link_event(int, int)
 .text._ZN10IRQManager13addPeripheralE12Peripheral_tPv
                0x000000000000b9c8      0x7a8 .pio/build/uno_r4_minima/libFrameworkArduino.a(IRQManager.cpp.o)
                0x000000000000b9c8                IRQManager::addPeripheral(Peripheral_t, void*)
 .text._ZL13readAllGroupAP13ADC_Container
                0x000000000000c170       0x30 .pio/build/uno_r4_minima/libFrameworkArduino.a(analog.cpp.o)
 .text._ZL11ADC_irq_cbkP20st_adc_callback_args
                0x000000000000c1a0       0x58 .pio/build/uno_r4_minima/libFrameworkArduino.a(analog.cpp.o)
 .text._ZL10adcConvertP13ADC_Containert
                0x000000000000c1f8       0xa0 .pio/build/uno_r4_minima/libFrameworkArduino.a(analog.cpp.o)
 .text._ZL21get_ADC_container_ptrlRt.constprop.0
                0x000000000000c298       0x38 .pio/build/uno_r4_minima/libFrameworkArduino.a(analog.cpp.o)
 .text._ZN13ADC_ContainerC2EhPFvP20st_adc_callback_argsEPv
                0x000000000000c2d0       0x40 .pio/build/uno_r4_minima/libFrameworkArduino.a(analog.cpp.o)
                0x000000000000c2d0                ADC_Container::ADC_Container(unsigned char, void (*)(st_adc_callback_args*), void*)
                0x000000000000c2d0                ADC_Container::ADC_Container(unsigned char, void (*)(st_adc_callback_args*), void*)
 .text._ZN13ADC_ContainerD2Ev
                0x000000000000c310       0x12 .pio/build/uno_r4_minima/libFrameworkArduino.a(analog.cpp.o)
                0x000000000000c310                ADC_Container::~ADC_Container()
                0x000000000000c310                ADC_Container::~ADC_Container()
 *fill*         0x000000000000c322        0x2 ff
 .text.analogRead
                0x000000000000c324       0x40 .pio/build/uno_r4_minima/libFrameworkArduino.a(analog.cpp.o)
                0x000000000000c324                analogRead
 .text.analogReference
                0x000000000000c364       0x5c .pio/build/uno_r4_minima/libFrameworkArduino.a(analog.cpp.o)
                0x000000000000c364                analogReference
 .text._Z15analogReferencev
                0x000000000000c3c0      0x104 .pio/build/uno_r4_minima/libFrameworkArduino.a(analog.cpp.o)
                0x000000000000c3c0                analogReference()
 .text._Z21analogWriteResolutionv
                0x000000000000c4c4        0xc .pio/build/uno_r4_minima/libFrameworkArduino.a(analog.cpp.o)
                0x000000000000c4c4                analogWriteResolution()
 .text.analogWrite
                0x000000000000c4d0      0x120 .pio/build/uno_r4_minima/libFrameworkArduino.a(analog.cpp.o)
                0x000000000000c4d0                analogWrite
 .text._Z23__get_timer_for_channeli
                0x000000000000c5f0       0x2c .pio/build/uno_r4_minima/libFrameworkArduino.a(analog.cpp.o)
                0x000000000000c5f0                __get_timer_for_channel(int)
 .text.startup._GLOBAL__sub_I__ZN13ADC_ContainerC2EhPFvP20st_adc_callback_argsEPv
                0x000000000000c61c       0x48 .pio/build/uno_r4_minima/libFrameworkArduino.a(analog.cpp.o)
 .text.exit._GLOBAL__sub_D__ZN13ADC_ContainerC2EhPFvP20st_adc_callback_argsEPv
                0x000000000000c664       0x1c .pio/build/uno_r4_minima/libFrameworkArduino.a(analog.cpp.o)
 .text._Z3maplllll
                0x000000000000c680       0x14 .pio/build/uno_r4_minima/libFrameworkArduino.a(Common.cpp.o)
                0x000000000000c680                map(long, long, long, long, long)
 .text._ZN7arduino5Print5writeEPKc.part.0
                0x000000000000c694       0x20 .pio/build/uno_r4_minima/libFrameworkArduino.a(Print.cpp.o)
 .text._ZN7arduino5Print5writeEPKc
                0x000000000000c6b4        0xa .pio/build/uno_r4_minima/libFrameworkArduino.a(Print.cpp.o)
                0x000000000000c6b4                arduino::Print::write(char const*)
 .text._ZN7arduino5Print5printEPKc
                0x000000000000c6be        0x8 .pio/build/uno_r4_minima/libFrameworkArduino.a(Print.cpp.o)
                0x000000000000c6be                arduino::Print::print(char const*)
 .text._ZN7arduino5Print5printEc
                0x000000000000c6c6        0x8 .pio/build/uno_r4_minima/libFrameworkArduino.a(Print.cpp.o)
                0x000000000000c6c6                arduino::Print::print(char)
 *fill*         0x000000000000c6ce        0x2 ff
 .text._ZN7arduino5Print7printlnEv
                0x000000000000c6d0        0xc .pio/build/uno_r4_minima/libFrameworkArduino.a(Print.cpp.o)
                0x000000000000c6d0                arduino::Print::println()
 .text._ZN7arduino5Print7printlnEPKNS_19__FlashStringHelperE
                0x000000000000c6dc       0x14 .pio/build/uno_r4_minima/libFrameworkArduino.a(Print.cpp.o)
                0x000000000000c6dc                arduino::Print::println(arduino::__FlashStringHelper const*)
 .text._ZN7arduino5Print7printlnEPKc
                0x000000000000c6f0        0x4 .pio/build/uno_r4_minima/libFrameworkArduino.a(Print.cpp.o)
                0x000000000000c6f0                arduino::Print::println(char const*)
 .text._ZN7arduino5Print11printNumberEmh
                0x000000000000c6f4       0x3e .pio/build/uno_r4_minima/libFrameworkArduino.a(Print.cpp.o)
                0x000000000000c6f4                arduino::Print::printNumber(unsigned long, unsigned char)
 .text._ZN7arduino5Print5printEli
                0x000000000000c732       0x44 .pio/build/uno_r4_minima/libFrameworkArduino.a(Print.cpp.o)
                0x000000000000c732                arduino::Print::print(long, int)
 .text._ZN7arduino5Print5printEii
                0x000000000000c776        0x4 .pio/build/uno_r4_minima/libFrameworkArduino.a(Print.cpp.o)
                0x000000000000c776                arduino::Print::print(int, int)
 .text._ZN7arduino5Print5printEmi
                0x000000000000c77a       0x1a .pio/build/uno_r4_minima/libFrameworkArduino.a(Print.cpp.o)
                0x000000000000c77a                arduino::Print::print(unsigned long, int)
 .text._ZN7arduino5Print7printlnEhi
                0x000000000000c794       0x14 .pio/build/uno_r4_minima/libFrameworkArduino.a(Print.cpp.o)
                0x000000000000c794                arduino::Print::println(unsigned char, int)
 .text._ZN7arduino5Print10printFloatEdi
                0x000000000000c7a8      0x178 .pio/build/uno_r4_minima/libFrameworkArduino.a(Print.cpp.o)
                0x000000000000c7a8                arduino::Print::printFloat(double, int)
 .text._ZN7arduino5Print5printEdi
                0x000000000000c920        0x4 .pio/build/uno_r4_minima/libFrameworkArduino.a(Print.cpp.o)
                0x000000000000c920                arduino::Print::print(double, int)
 .text._ZN7arduino5Print7printlnEdi
                0x000000000000c924       0x14 .pio/build/uno_r4_minima/libFrameworkArduino.a(Print.cpp.o)
                0x000000000000c924                arduino::Print::println(double, int)
 .text._ZN4CDacC2Eh
                0x000000000000c938       0x68 .pio/build/uno_r4_minima/libFrameworkArduino.a(dac.cpp.o)
                0x000000000000c938                CDac::CDac(unsigned char)
                0x000000000000c938                CDac::CDac(unsigned char)
 .text._ZN4CDac11analogWriteEi
                0x000000000000c9a0       0x88 .pio/build/uno_r4_minima/libFrameworkArduino.a(dac.cpp.o)
                0x000000000000c9a0                CDac::analogWrite(int)
 .text.startup._GLOBAL__sub_I__ZN4CDacC2Eh
                0x000000000000ca28        0xc .pio/build/uno_r4_minima/libFrameworkArduino.a(dac.cpp.o)
 .text.pinMode  0x000000000000ca34       0x30 .pio/build/uno_r4_minima/libFrameworkArduino.a(digital.cpp.o)
                0x000000000000ca34                pinMode
 .text.digitalWrite
                0x000000000000ca64       0x18 .pio/build/uno_r4_minima/libFrameworkArduino.a(digital.cpp.o)
                0x000000000000ca64                digitalWrite
 .text.digitalRead
                0x000000000000ca7c       0x28 .pio/build/uno_r4_minima/libFrameworkArduino.a(digital.cpp.o)
                0x000000000000ca7c                digitalRead
 .text.R_BSP_PinAccessEnable
                0x000000000000caa4       0x2c .pio/build/uno_r4_minima/libFrameworkArduino.a(main.cpp.o)
 .text.atexit   0x000000000000cad0        0x4 .pio/build/uno_r4_minima/libFrameworkArduino.a(main.cpp.o)
                0x000000000000cad0                atexit
 .text._Z12arduino_mainv
                0x000000000000cad4       0x80 .pio/build/uno_r4_minima/libFrameworkArduino.a(main.cpp.o)
                0x000000000000cad4                arduino_main()
 .text.hal_entry
                0x000000000000cb54        0x6 .pio/build/uno_r4_minima/libFrameworkArduino.a(main.cpp.o)
                0x000000000000cb54                hal_entry
 *fill*         0x000000000000cb5a        0x2 ff
 .text._Z13pinPeripheral19e_bsp_io_port_pin_tm
                0x000000000000cb5c       0x10 .pio/build/uno_r4_minima/libFrameworkArduino.a(pinDefinitions.cpp.o)
                0x000000000000cb5c                pinPeripheral(e_bsp_io_port_pin_t, unsigned long)
 .text._ZN6PwmOutC2Ei
                0x000000000000cb6c       0x14 .pio/build/uno_r4_minima/libFrameworkArduino.a(pwm.cpp.o)
                0x000000000000cb6c                PwmOut::PwmOut(int)
                0x000000000000cb6c                PwmOut::PwmOut(int)
 .text._ZN6PwmOutD2Ev
                0x000000000000cb80        0xe .pio/build/uno_r4_minima/libFrameworkArduino.a(pwm.cpp.o)
                0x000000000000cb80                PwmOut::~PwmOut()
                0x000000000000cb80                PwmOut::~PwmOut()
 *fill*         0x000000000000cb8e        0x2 ff
 .text._ZN6PwmOut7cfg_pinEi
                0x000000000000cb90       0x74 .pio/build/uno_r4_minima/libFrameworkArduino.a(pwm.cpp.o)
                0x000000000000cb90                PwmOut::cfg_pin(int)
 .text._ZN6PwmOut5beginEv
                0x000000000000cc04       0x28 .pio/build/uno_r4_minima/libFrameworkArduino.a(pwm.cpp.o)
                0x000000000000cc04                PwmOut::begin()
 .text._ZN6PwmOut14pulseWidth_rawEi
                0x000000000000cc2c        0x8 .pio/build/uno_r4_minima/libFrameworkArduino.a(pwm.cpp.o)
                0x000000000000cc2c                PwmOut::pulseWidth_raw(int)
 .text._ZN6PwmOut10pulse_percEf
                0x000000000000cc34       0x40 .pio/build/uno_r4_minima/libFrameworkArduino.a(pwm.cpp.o)
                0x000000000000cc34                PwmOut::pulse_perc(float)
 .text._ZN6PwmOut3endEv
                0x000000000000cc74       0x10 .pio/build/uno_r4_minima/libFrameworkArduino.a(pwm.cpp.o)
                0x000000000000cc74                PwmOut::end()
 .text._ZL21timer_micros_callbackP22st_timer_callback_args
                0x000000000000cc84       0x10 .pio/build/uno_r4_minima/libFrameworkArduino.a(time.cpp.o)
 .text.delay    0x000000000000cc94        0x8 .pio/build/uno_r4_minima/libFrameworkArduino.a(time.cpp.o)
                0x000000000000cc94                delay
 .text.delayMicroseconds
                0x000000000000cc9c        0x6 .pio/build/uno_r4_minima/libFrameworkArduino.a(time.cpp.o)
                0x000000000000cc9c                delayMicroseconds
 *fill*         0x000000000000cca2        0x2 ff
 .text._Z8startAgtv
                0x000000000000cca4       0x6c .pio/build/uno_r4_minima/libFrameworkArduino.a(time.cpp.o)
                0x000000000000cca4                startAgt()
 .text.millis   0x000000000000cd10        0xc .pio/build/uno_r4_minima/libFrameworkArduino.a(time.cpp.o)
                0x000000000000cd10                millis
 .text.micros   0x000000000000cd1c       0x84 .pio/build/uno_r4_minima/libFrameworkArduino.a(time.cpp.o)
                0x000000000000cd1c                micros
 .text.startup._GLOBAL__sub_I_delayMicroseconds
                0x000000000000cda0        0xc .pio/build/uno_r4_minima/libFrameworkArduino.a(time.cpp.o)
 .text.exit._GLOBAL__sub_D_delayMicroseconds
                0x000000000000cdac        0xc .pio/build/uno_r4_minima/libFrameworkArduino.a(time.cpp.o)
 .text._ZN10_SerialUSB5beginEmt
                0x000000000000cdb8        0x6 .pio/build/uno_r4_minima/libFrameworkArduino.a(SerialUSB.cpp.o)
                0x000000000000cdb8                _SerialUSB::begin(unsigned long, unsigned short)
 .text._ZN10_SerialUSB5beginEm
                0x000000000000cdbe        0xa .pio/build/uno_r4_minima/libFrameworkArduino.a(SerialUSB.cpp.o)
                0x000000000000cdbe                _SerialUSB::begin(unsigned long)
 .text._ZN10_SerialUSB3endEv
                0x000000000000cdc8        0x2 .pio/build/uno_r4_minima/libFrameworkArduino.a(SerialUSB.cpp.o)
                0x000000000000cdc8                _SerialUSB::end()
 .text._ZN10_SerialUSB5writeEh
                0x000000000000cdca       0x18 .pio/build/uno_r4_minima/libFrameworkArduino.a(SerialUSB.cpp.o)
                0x000000000000cdca                _SerialUSB::write(unsigned char)
 .text._ZN10_SerialUSB17availableForWriteEv
                0x000000000000cde2        0xc .pio/build/uno_r4_minima/libFrameworkArduino.a(SerialUSB.cpp.o)
                0x000000000000cde2                _SerialUSB::availableForWrite()
 .text._ZN10_SerialUSB5flushEv
                0x000000000000cdee        0xc .pio/build/uno_r4_minima/libFrameworkArduino.a(SerialUSB.cpp.o)
                0x000000000000cdee                _SerialUSB::flush()
 *fill*         0x000000000000cdfa        0x2 ff
 .text._ZL16CheckSerialResetv
                0x000000000000cdfc       0x68 .pio/build/uno_r4_minima/libFrameworkArduino.a(SerialUSB.cpp.o)
 .text._ZN10_SerialUSB4peekEv
                0x000000000000ce64       0x22 .pio/build/uno_r4_minima/libFrameworkArduino.a(SerialUSB.cpp.o)
                0x000000000000ce64                _SerialUSB::peek()
 .text._ZN10_SerialUSB9availableEv
                0x000000000000ce86        0xc .pio/build/uno_r4_minima/libFrameworkArduino.a(SerialUSB.cpp.o)
                0x000000000000ce86                _SerialUSB::available()
 .text._Z18__USBInstallSerialv
                0x000000000000ce92        0x2 .pio/build/uno_r4_minima/libFrameworkArduino.a(SerialUSB.cpp.o)
                0x000000000000ce92                __USBInstallSerial()
 .text._ZN10_SerialUSB9connectedEv
                0x000000000000ce94       0x10 .pio/build/uno_r4_minima/libFrameworkArduino.a(SerialUSB.cpp.o)
                0x000000000000ce94                _SerialUSB::connected()
 .text._ZN10_SerialUSB4readEv
                0x000000000000cea4       0x38 .pio/build/uno_r4_minima/libFrameworkArduino.a(SerialUSB.cpp.o)
                0x000000000000cea4                _SerialUSB::read()
 .text._ZN10_SerialUSB5writeEPKhj
                0x000000000000cedc       0x62 .pio/build/uno_r4_minima/libFrameworkArduino.a(SerialUSB.cpp.o)
                0x000000000000cedc                _SerialUSB::write(unsigned char const*, unsigned int)
 *fill*         0x000000000000cf3e        0x2 ff
 .text._ZN10_SerialUSBcvbEv
                0x000000000000cf40       0x3c .pio/build/uno_r4_minima/libFrameworkArduino.a(SerialUSB.cpp.o)
                0x000000000000cf40                _SerialUSB::operator bool()
 .text.tud_dfu_runtime_reboot_to_dfu_cb
                0x000000000000cf7c       0x58 .pio/build/uno_r4_minima/libFrameworkArduino.a(SerialUSB.cpp.o)